Component: ARM Compiler 6.16 Tool: armlink [5dfeaa00]

==============================================================================

Section Cross References

    startup_stm32u575xx.o(STACK) refers (Special) to heapauxi.o(.text) for __use_two_region_memory
    startup_stm32u575xx.o(HEAP) refers (Special) to heapauxi.o(.text) for __use_two_region_memory
    startup_stm32u575xx.o(RESET) refers (Special) to heapauxi.o(.text) for __use_two_region_memory
    startup_stm32u575xx.o(RESET) refers to startup_stm32u575xx.o(STACK) for __initial_sp
    startup_stm32u575xx.o(RESET) refers to startup_stm32u575xx.o(.text) for Reset_Handler
    startup_stm32u575xx.o(RESET) refers to stm32u5xx_it.o(.text.NMI_Handler) for NMI_Handler
    startup_stm32u575xx.o(RESET) refers to stm32u5xx_it.o(.text.HardFault_Handler) for HardFault_Handler
    startup_stm32u575xx.o(RESET) refers to stm32u5xx_it.o(.text.MemManage_Handler) for MemManage_Handler
    startup_stm32u575xx.o(RESET) refers to stm32u5xx_it.o(.text.BusFault_Handler) for BusFault_Handler
    startup_stm32u575xx.o(RESET) refers to stm32u5xx_it.o(.text.UsageFault_Handler) for UsageFault_Handler
    startup_stm32u575xx.o(RESET) refers to portasm.o(.text.SVC_Handler) for SVC_Handler
    startup_stm32u575xx.o(RESET) refers to stm32u5xx_it.o(.text.DebugMon_Handler) for DebugMon_Handler
    startup_stm32u575xx.o(RESET) refers to portasm.o(.text.PendSV_Handler) for PendSV_Handler
    startup_stm32u575xx.o(RESET) refers to cmsis_os2.o(.text.SysTick_Handler) for SysTick_Handler
    startup_stm32u575xx.o(RESET) refers to stm32u5xx_it.o(.text.TIM7_IRQHandler) for TIM7_IRQHandler
    startup_stm32u575xx.o(RESET) refers to stm32u5xx_it.o(.text.TIM8_UP_IRQHandler) for TIM8_UP_IRQHandler
    startup_stm32u575xx.o(RESET) refers to stm32u5xx_it.o(.text.USART1_IRQHandler) for USART1_IRQHandler
    startup_stm32u575xx.o(RESET) refers to stm32u5xx_it.o(.text.UART5_IRQHandler) for UART5_IRQHandler
    startup_stm32u575xx.o(.text) refers (Special) to heapauxi.o(.text) for __use_two_region_memory
    startup_stm32u575xx.o(.text) refers to system_stm32u5xx.o(.text.SystemInit) for SystemInit
    startup_stm32u575xx.o(.text) refers to __main.o(!!!main) for __main
    startup_stm32u575xx.o(.text) refers to startup_stm32u575xx.o(HEAP) for Heap_Mem
    startup_stm32u575xx.o(.text) refers to startup_stm32u575xx.o(STACK) for Stack_Mem
    main.o(.text.main) refers to stm32u5xx_hal.o(.text.HAL_Init) for HAL_Init
    main.o(.text.main) refers to main.o(.text.SystemClock_Config) for SystemClock_Config
    main.o(.text.main) refers to gpio.o(.text.MX_GPIO_Init) for MX_GPIO_Init
    main.o(.text.main) refers to usart.o(.text.MX_UART5_Init) for MX_UART5_Init
    main.o(.text.main) refers to adc.o(.text.MX_ADC1_Init) for MX_ADC1_Init
    main.o(.text.main) refers to tim.o(.text.MX_TIM15_Init) for MX_TIM15_Init
    main.o(.text.main) refers to tim.o(.text.MX_TIM16_Init) for MX_TIM16_Init
    main.o(.text.main) refers to tim.o(.text.MX_TIM17_Init) for MX_TIM17_Init
    main.o(.text.main) refers to usart.o(.text.MX_USART1_UART_Init) for MX_USART1_UART_Init
    main.o(.text.main) refers to usart.o(.text.MX_USART2_UART_Init) for MX_USART2_UART_Init
    main.o(.text.main) refers to icache.o(.text.MX_ICACHE_Init) for MX_ICACHE_Init
    main.o(.text.main) refers to tim.o(.text.MX_TIM1_Init) for MX_TIM1_Init
    main.o(.text.main) refers to tim.o(.text.MX_TIM6_Init) for MX_TIM6_Init
    main.o(.text.main) refers to tim.o(.text.MX_TIM8_Init) for MX_TIM8_Init
    main.o(.text.main) refers to tim.o(.bss.htim8) for htim8
    main.o(.text.main) refers to stm32u5xx_hal_tim.o(.text.HAL_TIM_Base_Start_IT) for HAL_TIM_Base_Start_IT
    main.o(.text.main) refers to tim.o(.bss.htim15) for htim15
    main.o(.text.main) refers to stm32u5xx_hal_tim.o(.text.HAL_TIM_Base_Start) for HAL_TIM_Base_Start
    main.o(.text.main) refers to tim.o(.bss.htim16) for htim16
    main.o(.text.main) refers to tim.o(.bss.htim17) for htim17
    main.o(.text.main) refers to stm32u5xx_hal_tim.o(.text.HAL_TIM_PWM_Start) for HAL_TIM_PWM_Start
    main.o(.text.main) refers to cmsis_os2.o(.text.osKernelInitialize) for osKernelInitialize
    main.o(.text.main) refers to app_freertos.o(.text.MX_FREERTOS_Init) for MX_FREERTOS_Init
    main.o(.text.main) refers to cmsis_os2.o(.text.osKernelStart) for osKernelStart
    main.o(.ARM.exidx.text.main) refers to main.o(.text.main) for [Anonymous Symbol]
    main.o(.text.SystemClock_Config) refers to rt_memclr_w.o(.text) for __aeabi_memclr4
    main.o(.text.SystemClock_Config) refers to stm32u5xx_hal_pwr_ex.o(.text.HAL_PWREx_ControlVoltageScaling) for HAL_PWREx_ControlVoltageScaling
    main.o(.text.SystemClock_Config) refers to main.o(.text.Error_Handler) for Error_Handler
    main.o(.text.SystemClock_Config) refers to stm32u5xx_hal_rcc.o(.text.HAL_RCC_OscConfig) for HAL_RCC_OscConfig
    main.o(.text.SystemClock_Config) refers to stm32u5xx_hal_rcc.o(.text.HAL_RCC_ClockConfig) for HAL_RCC_ClockConfig
[...]
    __rt_lib_init_heap_1                     0x080002b3   Thumb Code     0  libinit2.o(.ARM.Collect$$libinit$$0000000A)
    __rt_lib_init_lc_collate_1               0x080002b3   Thumb Code     0  libinit2.o(.ARM.Collect$$libinit$$00000011)
    __rt_lib_init_lc_ctype_1                 0x080002b3   Thumb Code     0  libinit2.o(.ARM.Collect$$libinit$$00000013)
    __rt_lib_init_lc_monetary_1              0x080002b3   Thumb Code     0  libinit2.o(.ARM.Collect$$libinit$$00000015)
    __rt_lib_init_lc_numeric_1               0x080002b3   Thumb Code     0  libinit2.o(.ARM.Collect$$libinit$$00000017)
    __rt_lib_init_lc_time_1                  0x080002b3   Thumb Code     0  libinit2.o(.ARM.Collect$$libinit$$00000019)
    __rt_lib_init_preinit_1                  0x080002b3   Thumb Code     0  libinit2.o(.ARM.Collect$$libinit$$00000004)
    __rt_lib_init_rand_1                     0x080002b3   Thumb Code     0  libinit2.o(.ARM.Collect$$libinit$$0000000E)
    __rt_lib_init_return                     0x080002b3   Thumb Code     0  libinit2.o(.ARM.Collect$$libinit$$00000033)
    __rt_lib_init_signal_1                   0x080002b3   Thumb Code     0  libinit2.o(.ARM.Collect$$libinit$$0000001D)
    __rt_lib_init_stdio_1                    0x080002b3   Thumb Code     0  libinit2.o(.ARM.Collect$$libinit$$00000025)
    __rt_lib_init_user_alloc_1               0x080002b3   Thumb Code     0  libinit2.o(.ARM.Collect$$libinit$$0000000C)
    __rt_lib_shutdown                        0x080002b5   Thumb Code     0  libshutdown.o(.ARM.Collect$$libshutdown$$00000000)
    __rt_lib_shutdown_cpp_1                  0x080002b7   Thumb Code     0  libshutdown2.o(.ARM.Collect$$libshutdown$$00000002)
    __rt_lib_shutdown_fp_trap_1              0x080002b7   Thumb Code     0  libshutdown2.o(.ARM.Collect$$libshutdown$$00000007)
    __rt_lib_shutdown_heap_1                 0x080002b7   Thumb Code     0  libshutdown2.o(.ARM.Collect$$libshutdown$$0000000F)
    __rt_lib_shutdown_return                 0x080002b7   Thumb Code     0  libshutdown2.o(.ARM.Collect$$libshutdown$$00000010)
    __rt_lib_shutdown_signal_1               0x080002b7   Thumb Code     0  libshutdown2.o(.ARM.Collect$$libshutdown$$0000000A)
    __rt_lib_shutdown_stdio_1                0x080002b7   Thumb Code     0  libshutdown2.o(.ARM.Collect$$libshutdown$$00000004)
    __rt_lib_shutdown_user_alloc_1           0x080002b7   Thumb Code     0  libshutdown2.o(.ARM.Collect$$libshutdown$$0000000C)
    __rt_entry                               0x080002b9   Thumb Code     0  __rtentry.o(.ARM.Collect$$rtentry$$00000000)
    __rt_entry_presh_1                       0x080002b9   Thumb Code     0  __rtentry2.o(.ARM.Collect$$rtentry$$00000002)
    __rt_entry_sh                            0x080002b9   Thumb Code     0  __rtentry4.o(.ARM.Collect$$rtentry$$00000004)
    __rt_entry_li                            0x080002bf   Thumb Code     0  __rtentry2.o(.ARM.Collect$$rtentry$$0000000A)
    __rt_entry_postsh_1                      0x080002bf   Thumb Code     0  __rtentry2.o(.ARM.Collect$$rtentry$$00000009)
    __rt_entry_main                          0x080002c3   Thumb Code     0  __rtentry2.o(.ARM.Collect$$rtentry$$0000000D)
    __rt_entry_postli_1                      0x080002c3   Thumb Code     0  __rtentry2.o(.ARM.Collect$$rtentry$$0000000C)
    __rt_exit                                0x080002cb   Thumb Code     0  rtexit.o(.ARM.Collect$$rtexit$$00000000)
    __rt_exit_ls                             0x080002cd   Thumb Code     0  rtexit2.o(.ARM.Collect$$rtexit$$00000003)
    __rt_exit_prels_1                        0x080002cd   Thumb Code     0  rtexit2.o(.ARM.Collect$$rtexit$$00000002)
    __rt_exit_exit                           0x080002d1   Thumb Code     0  rtexit2.o(.ARM.Collect$$rtexit$$00000004)
    Reset_Handler                            0x080002d9   Thumb Code     8  startup_stm32u575xx.o(.text)
    SecureFault_Handler                      0x080002eb   Thumb Code     2  startup_stm32u575xx.o(.text)
    ADC1_IRQHandler                          0x080002f5   Thumb Code     0  startup_stm32u575xx.o(.text)
    ADC4_IRQHandler                          0x080002f5   Thumb Code     0  startup_stm32u575xx.o(.text)
    ADF1_IRQHandler                          0x080002f5   Thumb Code     0  startup_stm32u575xx.o(.text)
    COMP_IRQHandler                          0x080002f5   Thumb Code     0  startup_stm32u575xx.o(.text)
    CORDIC_IRQHandler                        0x080002f5   Thumb Code     0  startup_stm32u575xx.o(.text)
    CRS_IRQHandler                           0x080002f5   Thumb Code     0  startup_stm32u575xx.o(.text)
    DAC1_IRQHandler                          0x080002f5   Thumb Code     0  startup_stm32u575xx.o(.text)
    DCACHE1_IRQHandler                       0x080002f5   Thumb Code     0  startup_stm32u575xx.o(.text)
    DCMI_PSSI_IRQHandler                     0x080002f5   Thumb Code     0  startup_stm32u575xx.o(.text)
    DMA2D_IRQHandler                         0x080002f5   Thumb Code     0  startup_stm32u575xx.o(.text)
    EXTI0_IRQHandler                         0x080002f5   Thumb Code     0  startup_stm32u575xx.o(.text)
    EXTI10_IRQHandler                        0x080002f5   Thumb Code     0  startup_stm32u575xx.o(.text)
    EXTI11_IRQHandler                        0x080002f5   Thumb Code     0  startup_stm32u575xx.o(.text)
    EXTI12_IRQHandler                        0x080002f5   Thumb Code     0  startup_stm32u575xx.o(.text)
    EXTI13_IRQHandler                        0x080002f5   Thumb Code     0  startup_stm32u575xx.o(.text)
    EXTI14_IRQHandler                        0x080002f5   Thumb Code     0  startup_stm32u575xx.o(.text)
    EXTI15_IRQHandler                        0x080002f5   Thumb Code     0  startup_stm32u575xx.o(.text)
    EXTI1_IRQHandler                         0x080002f5   Thumb Code     0  startup_stm32u575xx.o(.text)
    EXTI2_IRQHandler                         0x080002f5   Thumb Code     0  startup_stm32u575xx.o(.text)
    EXTI3_IRQHandler                         0x080002f5   Thumb Code     0  startup_stm32u575xx.o(.text)
    EXTI4_IRQHandler                         0x080002f5   Thumb Code     0  startup_stm32u575xx.o(.text)
    EXTI5_IRQHandler                         0x080002f5   Thumb Code     0  startup_stm32u575xx.o(.text)
    EXTI6_IRQHandler                         0x080002f5   Thumb Code     0  startup_stm32u575xx.o(.text)
    EXTI7_IRQHandler                         0x080002f5   Thumb Code     0  startup_stm32u575xx.o(.text)
    EXTI8_IRQHandler                         0x080002f5   Thumb Code     0  startup_stm32u575xx.o(.text)
    EXTI9_IRQHandler                         0x080002f5   Thumb Code     0  startup_stm32u575xx.o(.text)
    FDCAN1_IT0_IRQHandler                    0x080002f5   Thumb Code     0  startup_stm32u575xx.o(.text)
    FDCAN1_IT1_IRQHandler                    0x080002f5   Thumb Code     0  startup_stm32u575xx.o(.text)
    FLASH_IRQHandler                         0x080002f5   Thumb Code     0  startup_stm32u575xx.o(.text)
    FLASH_S_IRQHandler                       0x080002f5   Thumb Code     0  startup_stm32u575xx.o(.text)
    FMAC_IRQHandler                          0x080002f5   Thumb Code     0  startup_stm32u575xx.o(.text)
    FMC_IRQHandler                           0x080002f5   Thumb Code     0  startup_stm32u575xx.o(.text)
    FPU_IRQHandler                           0x080002f5   Thumb Code     0  startup_stm32u575xx.o(.text)
    GPDMA1_Channel0_IRQHandler               0x080002f5   Thumb Code     0  startup_stm32u575xx.o(.text)
    GPDMA1_Channel10_IRQHandler              0x080002f5   Thumb Code     0  startup_stm32u575xx.o(.text)
    GPDMA1_Channel11_IRQHandler              0x080002f5   Thumb Code     0  startup_stm32u575xx.o(.text)
    GPDMA1_Channel12_IRQHandler              0x080002f5   Thumb Code     0  startup_stm32u575xx.o(.text)
    GPDMA1_Channel13_IRQHandler              0x080002f5   Thumb Code     0  startup_stm32u575xx.o(.text)
    GPDMA1_Channel14_IRQHandler              0x080002f5   Thumb Code     0  startup_stm32u575xx.o(.text)
    GPDMA1_Channel15_IRQHandler              0x080002f5   Thumb Code     0  startup_stm32u575xx.o(.text)
    GPDMA1_Channel1_IRQHandler               0x080002f5   Thumb Code     0  startup_stm32u575xx.o(.text)
    GPDMA1_Channel2_IRQHandler               0x080002f5   Thumb Code     0  startup_stm32u575xx.o(.text)
    GPDMA1_Channel3_IRQHandler               0x080002f5   Thumb Code     0  startup_stm32u575xx.o(.text)
    GPDMA1_Channel4_IRQHandler               0x080002f5   Thumb Code     0  startup_stm32u575xx.o(.text)
    GPDMA1_Channel5_IRQHandler               0x080002f5   Thumb Code     0  startup_stm32u575xx.o(.text)
    GPDMA1_Channel6_IRQHandler               0x080002f5   Thumb Code     0  startup_stm32u575xx.o(.text)
    GPDMA1_Channel7_IRQHandler               0x080002f5   Thumb Code     0  startup_stm32u575xx.o(.text)
    GPDMA1_Channel8_IRQHandler               0x080002f5   Thumb Code     0  startup_stm32u575xx.o(.text)
    GPDMA1_Channel9_IRQHandler               0x080002f5   Thumb Code     0  startup_stm32u575xx.o(.text)
    GTZC_IRQHandler                          0x080002f5   Thumb Code     0  startup_stm32u575xx.o(.text)
    HASH_IRQHandler                          0x080002f5   Thumb Code     0  startup_stm32u575xx.o(.text)
    I2C1_ER_IRQHandler                       0x080002f5   Thumb Code     0  startup_stm32u575xx.o(.text)
    I2C1_EV_IRQHandler                       0x080002f5   Thumb Code     0  startup_stm32u575xx.o(.text)
    I2C2_ER_IRQHandler                       0x080002f5   Thumb Code     0  startup_stm32u575xx.o(.text)
    I2C2_EV_IRQHandler                       0x080002f5   Thumb Code     0  startup_stm32u575xx.o(.text)
    I2C3_ER_IRQHandler                       0x080002f5   Thumb Code     0  startup_stm32u575xx.o(.text)
    I2C3_EV_IRQHandler                       0x080002f5   Thumb Code     0  startup_stm32u575xx.o(.text)
    I2C4_ER_IRQHandler                       0x080002f5   Thumb Code     0  startup_stm32u575xx.o(.text)
    I2C4_EV_IRQHandler                       0x080002f5   Thumb Code     0  startup_stm32u575xx.o(.text)
    ICACHE_IRQHandler                        0x080002f5   Thumb Code     0  startup_stm32u575xx.o(.text)
    IWDG_IRQHandler                          0x080002f5   Thumb Code     0  startup_stm32u575xx.o(.text)
    LPDMA1_Channel0_IRQHandler               0x080002f5   Thumb Code     0  startup_stm32u575xx.o(.text)
    LPDMA1_Channel1_IRQHandler               0x080002f5   Thumb Code     0  startup_stm32u575xx.o(.text)
    LPDMA1_Channel2_IRQHandler               0x080002f5   Thumb Code     0  startup_stm32u575xx.o(.text)
    LPDMA1_Channel3_IRQHandler               0x080002f5   Thumb Code     0  startup_stm32u575xx.o(.text)
    LPTIM1_IRQHandler                        0x080002f5   Thumb Code     0  startup_stm32u575xx.o(.text)
    LPTIM2_IRQHandler                        0x080002f5   Thumb Code     0  startup_stm32u575xx.o(.text)
    LPTIM3_IRQHandler                        0x080002f5   Thumb Code     0  startup_stm32u575xx.o(.text)
    LPTIM4_IRQHandler                        0x080002f5   Thumb Code     0  startup_stm32u575xx.o(.text)
    LPUART1_IRQHandler                       0x080002f5   Thumb Code     0  startup_stm32u575xx.o(.text)
    LSECSSD_IRQHandler                       0x080002f5   Thumb Code     0  startup_stm32u575xx.o(.text)
    MDF1_FLT0_IRQHandler                     0x080002f5   Thumb Code     0  startup_stm32u575xx.o(.text)
    MDF1_FLT1_IRQHandler                     0x080002f5   Thumb Code     0  startup_stm32u575xx.o(.text)
    MDF1_FLT2_IRQHandler                     0x080002f5   Thumb Code     0  startup_stm32u575xx.o(.text)
    MDF1_FLT3_IRQHandler                     0x080002f5   Thumb Code     0  startup_stm32u575xx.o(.text)
    MDF1_FLT4_IRQHandler                     0x080002f5   Thumb Code     0  startup_stm32u575xx.o(.text)
    MDF1_FLT5_IRQHandler                     0x080002f5   Thumb Code     0  startup_stm32u575xx.o(.text)
    OCTOSPI1_IRQHandler                      0x080002f5   Thumb Code     0  startup_stm32u575xx.o(.text)
    OCTOSPI2_IRQHandler                      0x080002f5   Thumb Code     0  startup_stm32u575xx.o(.text)
    OTG_FS_IRQHandler                        0x080002f5   Thumb Code     0  startup_stm32u575xx.o(.text)
    PVD_PVM_IRQHandler                       0x080002f5   Thumb Code     0  startup_stm32u575xx.o(.text)
    PWR_S3WU_IRQHandler                      0x080002f5   Thumb Code     0  startup_stm32u575xx.o(.text)
    RAMCFG_IRQHandler                        0x080002f5   Thumb Code     0  startup_stm32u575xx.o(.text)
    RCC_IRQHandler                           0x080002f5   Thumb Code     0  startup_stm32u575xx.o(.text)
    RCC_S_IRQHandler                         0x080002f5   Thumb Code     0  startup_stm32u575xx.o(.text)
    RNG_IRQHandler                           0x080002f5   Thumb Code     0  startup_stm32u575xx.o(.text)
    RTC_IRQHandler                           0x080002f5   Thumb Code     0  startup_stm32u575xx.o(.text)
    RTC_S_IRQHandler                         0x080002f5   Thumb Code     0  startup_stm32u575xx.o(.text)
    SAI1_IRQHandler                          0x080002f5   Thumb Code     0  startup_stm32u575xx.o(.text)
    SAI2_IRQHandler                          0x080002f5   Thumb Code     0  startup_stm32u575xx.o(.text)
    SDMMC1_IRQHandler                        0x080002f5   Thumb Code     0  startup_stm32u575xx.o(.text)
    SDMMC2_IRQHandler                        0x080002f5   Thumb Code     0  startup_stm32u575xx.o(.text)
    SPI1_IRQHandler                          0x080002f5   Thumb Code     0  startup_stm32u575xx.o(.text)
    SPI2_IRQHandler                          0x080002f5   Thumb Code     0  startup_stm32u575xx.o(.text)
    SPI3_IRQHandler                          0x080002f5   Thumb Code     0  startup_stm32u575xx.o(.text)
    TAMP_IRQHandler                          0x080002f5   Thumb Code     0  startup_stm32u575xx.o(.text)
    TIM15_IRQHandler                         0x080002f5   Thumb Code     0  startup_stm32u575xx.o(.text)
    TIM16_IRQHandler                         0x080002f5   Thumb Code     0  startup_stm32u575xx.o(.text)
    TIM17_IRQHandler                         0x080002f5   Thumb Code     0  startup_stm32u575xx.o(.text)
    TIM1_BRK_IRQHandler                      0x080002f5   Thumb Code     0  startup_stm32u575xx.o(.text)
    TIM1_CC_IRQHandler                       0x080002f5   Thumb Code     0  startup_stm32u575xx.o(.text)
    TIM1_TRG_COM_IRQHandler                  0x080002f5   Thumb Code     0  startup_stm32u575xx.o(.text)
    TIM1_UP_IRQHandler                       0x080002f5   Thumb Code     0  startup_stm32u575xx.o(.text)
    TIM2_IRQHandler                          0x080002f5   Thumb Code     0  startup_stm32u575xx.o(.text)
    TIM3_IRQHandler                          0x080002f5   Thumb Code     0  startup_stm32u575xx.o(.text)
    TIM4_IRQHandler                          0x080002f5   Thumb Code     0  startup_stm32u575xx.o(.text)
    TIM5_IRQHandler                          0x080002f5   Thumb Code     0  startup_stm32u575xx.o(.text)
    TIM6_IRQHandler                          0x080002f5   Thumb Code     0  startup_stm32u575xx.o(.text)
    TIM8_BRK_IRQHandler                      0x080002f5   Thumb Code     0  startup_stm32u575xx.o(.text)
    TIM8_CC_IRQHandler                       0x080002f5   Thumb Code     0  startup_stm32u575xx.o(.text)
    TIM8_TRG_COM_IRQHandler                  0x080002f5   Thumb Code     0  startup_stm32u575xx.o(.text)
    TSC_IRQHandler                           0x080002f5   Thumb Code     0  startup_stm32u575xx.o(.text)
    UART4_IRQHandler                         0x080002f5   Thumb Code     0  startup_stm32u575xx.o(.text)
    UCPD1_IRQHandler                         0x080002f5   Thumb Code     0  startup_stm32u575xx.o(.text)
    USART2_IRQHandler                        0x080002f5   Thumb Code     0  startup_stm32u575xx.o(.text)
    USART3_IRQHandler                        0x080002f5   Thumb Code     0  startup_stm32u575xx.o(.text)
    WWDG_IRQHandler                          0x080002f5   Thumb Code     0  startup_stm32u575xx.o(.text)
    __user_initial_stackheap                 0x080002f9   Thumb Code    10  startup_stm32u575xx.o(.text)
    __aeabi_uldivmod                         0x0800031d   Thumb Code     0  lludivv7m.o(.text)
    _ll_udiv                                 0x0800031d   Thumb Code   240  lludivv7m.o(.text)
    __aeabi_memcpy                           0x0800040d   Thumb Code     0  rt_memcpy_v6.o(.text)
    __rt_memcpy                              0x0800040d   Thumb Code   138  rt_memcpy_v6.o(.text)
    _memcpy_lastbytes                        0x08000473   Thumb Code     0  rt_memcpy_v6.o(.text)
    __aeabi_memset4                          0x08000497   Thumb Code    16  aeabi_memset4.o(.text)
    __aeabi_memset8                          0x08000497   Thumb Code     0  aeabi_memset4.o(.text)
    __aeabi_memclr                           0x080004a7   Thumb Code     0  rt_memclr.o(.text)
    __rt_memclr                              0x080004a7   Thumb Code     0  rt_memclr.o(.text)
    _memset                                  0x080004ab   Thumb Code    64  rt_memclr.o(.text)
    __aeabi_memclr4                          0x080004eb   Thumb Code     0  rt_memclr_w.o(.text)
    __aeabi_memclr8                          0x080004eb   Thumb Code     0  rt_memclr_w.o(.text)
    __rt_memclr_w                            0x080004eb   Thumb Code     0  rt_memclr_w.o(.text)
    _memset_w                                0x080004ef   Thumb Code    74  rt_memclr_w.o(.text)
    __use_two_region_memory                  0x08000539   Thumb Code     2  heapauxi.o(.text)
    __rt_heap_escrow$2region                 0x0800053b   Thumb Code     2  heapauxi.o(.text)
    __rt_heap_expand$2region                 0x0800053d   Thumb Code     2  heapauxi.o(.text)
    __aeabi_memcpy4                          0x0800053f   Thumb Code     0  rt_memcpy_w.o(.text)
    __aeabi_memcpy8                          0x0800053f   Thumb Code     0  rt_memcpy_w.o(.text)
    __rt_memcpy_w                            0x0800053f   Thumb Code   100  rt_memcpy_w.o(.text)
    _memcpy_lastbytes_aligned                0x08000587   Thumb Code     0  rt_memcpy_w.o(.text)
    __user_setup_stackheap                   0x080005a3   Thumb Code    74  sys_stackheap_outer.o(.text)
    exit                                     0x080005ed   Thumb Code    18  exit.o(.text)
    __user_libspace                          0x08000601   Thumb Code     8  libspace.o(.text)
    __user_perproc_libspace                  0x08000601   Thumb Code     0  libspace.o(.text)
    __user_perthread_libspace                0x08000601   Thumb Code     0  libspace.o(.text)
    _sys_exit                                0x08000609   Thumb Code     8  sys_exit.o(.text)
    __I$use$semihosting                      0x08000615   Thumb Code     0  use_no_semi.o(.text)
    __use_no_semihosting_swi                 0x08000615   Thumb Code     2  use_no_semi.o(.text)
    __semihosting_library_function           0x08000617   Thumb Code     0  indicate_semi.o(.text)
    BusFault_Handler                         0x08000619   Thumb Code     4  stm32u5xx_it.o(.text.BusFault_Handler)
    DebugMon_Handler                         0x0800061d   Thumb Code     2  stm32u5xx_it.o(.text.DebugMon_Handler)
    Error_Handler                            0x08000621   Thumb Code     6  main.o(.text.Error_Handler)
    HAL_ADC_Init                             0x08000629   Thumb Code  1598  stm32u5xx_hal_adc.o(.text.HAL_ADC_Init)
    HAL_ADC_MspInit                          0x08000c69   Thumb Code   168  adc.o(.text.HAL_ADC_MspInit)
    HAL_DMA_Abort                            0x08000d11   Thumb Code   278  stm32u5xx_hal_dma.o(.text.HAL_DMA_Abort)
    HAL_DMA_Abort_IT                         0x08000e29   Thumb Code    84  stm32u5xx_hal_dma.o(.text.HAL_DMA_Abort_IT)
    HAL_GPIO_Init                            0x08000e7d   Thumb Code  1004  stm32u5xx_hal_gpio.o(.text.HAL_GPIO_Init)
    HAL_GPIO_ReadPin                         0x08001269   Thumb Code    46  stm32u5xx_hal_gpio.o(.text.HAL_GPIO_ReadPin)
    HAL_GPIO_TogglePin                       0x08001299   Thumb Code    38  stm32u5xx_hal_gpio.o(.text.HAL_GPIO_TogglePin)
    HAL_GPIO_WritePin                        0x080012c1   Thumb Code    44  stm32u5xx_hal_gpio.o(.text.HAL_GPIO_WritePin)
    HAL_GetTick                              0x080012ed   Thumb Code    12  stm32u5xx_hal.o(.text.HAL_GetTick)
    HAL_ICACHE_Enable                        0x080012f9   Thumb Code    20  stm32u5xx_hal_icache.o(.text.HAL_ICACHE_Enable)
    HAL_IncTick                              0x0800130d   Thumb Code    26  stm32u5xx_hal.o(.text.HAL_IncTick)
    HAL_Init                                 0x08001329   Thumb Code   110  stm32u5xx_hal.o(.text.HAL_Init)
    HAL_InitTick                             0x08001399   Thumb Code   212  stm32u5xx_hal_timebase_tim.o(.text.HAL_InitTick)
    HAL_MspInit                              0x0800146d   Thumb Code    54  stm32u5xx_hal_msp.o(.text.HAL_MspInit)
    HAL_NVIC_EnableIRQ                       0x080014a5   Thumb Code    20  stm32u5xx_hal_cortex.o(.text.HAL_NVIC_EnableIRQ)
    HAL_NVIC_SetPriority                     0x080014b9   Thumb Code    46  stm32u5xx_hal_cortex.o(.text.HAL_NVIC_SetPriority)
    HAL_NVIC_SetPriorityGrouping             0x080014e9   Thumb Code    16  stm32u5xx_hal_cortex.o(.text.HAL_NVIC_SetPriorityGrouping)
    HAL_PWREx_ControlVoltageScaling          0x080014f9   Thumb Code   350  stm32u5xx_hal_pwr_ex.o(.text.HAL_PWREx_ControlVoltageScaling)
    HAL_PWREx_EnableVddA                     0x08001659   Thumb Code    18  stm32u5xx_hal_pwr_ex.o(.text.HAL_PWREx_EnableVddA)
    HAL_PWREx_GetVoltageRange                0x0800166d   Thumb Code    16  stm32u5xx_hal_pwr_ex.o(.text.HAL_PWREx_GetVoltageRange)
    HAL_RCCEx_GetPLL1ClockFreq               0x0800167d   Thumb Code   772  stm32u5xx_hal_rcc_ex.o(.text.HAL_RCCEx_GetPLL1ClockFreq)
    HAL_RCCEx_GetPLL2ClockFreq               0x08001981   Thumb Code   772  stm32u5xx_hal_rcc_ex.o(.text.HAL_RCCEx_GetPLL2ClockFreq)
    HAL_RCCEx_GetPLL3ClockFreq               0x08001c85   Thumb Code   772  stm32u5xx_hal_rcc_ex.o(.text.HAL_RCCEx_GetPLL3ClockFreq)
    HAL_RCCEx_GetPeriphCLKFreq               0x08001f89   Thumb Code  5902  stm32u5xx_hal_rcc_ex.o(.text.HAL_RCCEx_GetPeriphCLKFreq)
    HAL_RCCEx_PeriphCLKConfig                0x08003699   Thumb Code  2340  stm32u5xx_hal_rcc_ex.o(.text.HAL_RCCEx_PeriphCLKConfig)
    HAL_RCC_ClockConfig                      0x08003fbd   Thumb Code  1320  stm32u5xx_hal_rcc.o(.text.HAL_RCC_ClockConfig)
    HAL_RCC_GetClockConfig                   0x080044e5   Thumb Code   110  stm32u5xx_hal_rcc.o(.text.HAL_RCC_GetClockConfig)
    HAL_RCC_GetHCLKFreq                      0x08004555   Thumb Code    48  stm32u5xx_hal_rcc.o(.text.HAL_RCC_GetHCLKFreq)
    HAL_RCC_GetPCLK1Freq                     0x08004585   Thumb Code    34  stm32u5xx_hal_rcc.o(.text.HAL_RCC_GetPCLK1Freq)
    HAL_RCC_GetPCLK2Freq                     0x080045a9   Thumb Code    34  stm32u5xx_hal_rcc.o(.text.HAL_RCC_GetPCLK2Freq)
    HAL_RCC_GetPCLK3Freq                     0x080045cd   Thumb Code    34  stm32u5xx_hal_rcc.o(.text.HAL_RCC_GetPCLK3Freq)
    HAL_RCC_GetSysClockFreq                  0x080045f1   Thumb Code   596  stm32u5xx_hal_rcc.o(.text.HAL_RCC_GetSysClockFreq)
    HAL_RCC_OscConfig                        0x08004845   Thumb Code  4320  stm32u5xx_hal_rcc.o(.text.HAL_RCC_OscConfig)
    HAL_SYSTICK_CLKSourceConfig              0x08005925   Thumb Code   154  stm32u5xx_hal_cortex.o(.text.HAL_SYSTICK_CLKSourceConfig)
    HAL_TIMEx_Break2Callback                 0x080059c1   Thumb Code     8  stm32u5xx_hal_tim_ex.o(.text.HAL_TIMEx_Break2Callback)
    HAL_TIMEx_BreakCallback                  0x080059c9   Thumb Code     8  stm32u5xx_hal_tim_ex.o(.text.HAL_TIMEx_BreakCallback)
    HAL_TIMEx_CommutCallback                 0x080059d1   Thumb Code     8  stm32u5xx_hal_tim_ex.o(.text.HAL_TIMEx_CommutCallback)
    HAL_TIMEx_ConfigBreakDeadTime            0x080059d9   Thumb Code   340  stm32u5xx_hal_tim_ex.o(.text.HAL_TIMEx_ConfigBreakDeadTime)
    HAL_TIMEx_DirectionChangeCallback        0x08005b2d   Thumb Code     8  stm32u5xx_hal_tim_ex.o(.text.HAL_TIMEx_DirectionChangeCallback)
    HAL_TIMEx_EncoderIndexCallback           0x08005b35   Thumb Code     8  stm32u5xx_hal_tim_ex.o(.text.HAL_TIMEx_EncoderIndexCallback)
    HAL_TIMEx_IndexErrorCallback             0x08005b3d   Thumb Code     8  stm32u5xx_hal_tim_ex.o(.text.HAL_TIMEx_IndexErrorCallback)
    HAL_TIMEx_MasterConfigSynchronization    0x08005b45   Thumb Code   492  stm32u5xx_hal_tim_ex.o(.text.HAL_TIMEx_MasterConfigSynchronization)
    HAL_TIMEx_TransitionErrorCallback        0x08005d31   Thumb Code     8  stm32u5xx_hal_tim_ex.o(.text.HAL_TIMEx_TransitionErrorCallback)
    HAL_TIM_Base_Init                        0x08005d39   Thumb Code   168  stm32u5xx_hal_tim.o(.text.HAL_TIM_Base_Init)
    HAL_TIM_Base_MspInit                     0x08005de1   Thumb Code   338  tim.o(.text.HAL_TIM_Base_MspInit)
    HAL_TIM_Base_Start                       0x08005f35   Thumb Code   352  stm32u5xx_hal_tim.o(.text.HAL_TIM_Base_Start)
    HAL_TIM_Base_Start_IT                    0x08006095   Thumb Code   364  stm32u5xx_hal_tim.o(.text.HAL_TIM_Base_Start_IT)
    HAL_TIM_ConfigClockSource                0x08006201   Thumb Code   478  stm32u5xx_hal_tim.o(.text.HAL_TIM_ConfigClockSource)
    HAL_TIM_IC_CaptureCallback               0x080063e1   Thumb Code     8  stm32u5xx_hal_tim.o(.text.HAL_TIM_IC_CaptureCallback)
    HAL_TIM_IRQHandler                       0x080063e9   Thumb Code   768  stm32u5xx_hal_tim.o(.text.HAL_TIM_IRQHandler)
    HAL_TIM_MspPostInit                      0x080066e9   Thumb Code   270  tim.o(.text.HAL_TIM_MspPostInit)
    HAL_TIM_OC_DelayElapsedCallback          0x080067f9   Thumb Code     8  stm32u5xx_hal_tim.o(.text.HAL_TIM_OC_DelayElapsedCallback)
    HAL_TIM_PWM_ConfigChannel                0x08006801   Thumb Code   432  stm32u5xx_hal_tim.o(.text.HAL_TIM_PWM_ConfigChannel)
    HAL_TIM_PWM_Init                         0x080069b1   Thumb Code   168  stm32u5xx_hal_tim.o(.text.HAL_TIM_PWM_Init)
    HAL_TIM_PWM_MspInit                      0x08006a59   Thumb Code     8  stm32u5xx_hal_tim.o(.text.HAL_TIM_PWM_MspInit)
    HAL_TIM_PWM_PulseFinishedCallback        0x08006a61   Thumb Code     8  stm32u5xx_hal_tim.o(.text.HAL_TIM_PWM_PulseFinishedCallback)
    HAL_TIM_PWM_Start                        0x08006a69   Thumb Code   854  stm32u5xx_hal_tim.o(.text.HAL_TIM_PWM_Start)
    HAL_TIM_PeriodElapsedCallback            0x08006dc1   Thumb Code    34  main.o(.text.HAL_TIM_PeriodElapsedCallback)
    HAL_TIM_TriggerCallback                  0x08006de5   Thumb Code     8  stm32u5xx_hal_tim.o(.text.HAL_TIM_TriggerCallback)
    HAL_UARTEx_DisableFifoMode               0x08006ded   Thumb Code   124  stm32u5xx_hal_uart_ex.o(.text.HAL_UARTEx_DisableFifoMode)
    HAL_UARTEx_RxEventCallback               0x08006e69   Thumb Code    12  stm32u5xx_hal_uart.o(.text.HAL_UARTEx_RxEventCallback)
    HAL_UARTEx_RxFifoFullCallback            0x08006e75   Thumb Code     8  stm32u5xx_hal_uart_ex.o(.text.HAL_UARTEx_RxFifoFullCallback)
    HAL_UARTEx_SetRxFifoThreshold            0x08006e7d   Thumb Code   140  stm32u5xx_hal_uart_ex.o(.text.HAL_UARTEx_SetRxFifoThreshold)
    HAL_UARTEx_SetTxFifoThreshold            0x08006f09   Thumb Code   140  stm32u5xx_hal_uart_ex.o(.text.HAL_UARTEx_SetTxFifoThreshold)
    HAL_UARTEx_TxFifoEmptyCallback           0x08006f95   Thumb Code     8  stm32u5xx_hal_uart_ex.o(.text.HAL_UARTEx_TxFifoEmptyCallback)
    HAL_UART_ErrorCallback                   0x08006f9d   Thumb Code     8  stm32u5xx_hal_uart.o(.text.HAL_UART_ErrorCallback)
    HAL_UART_IRQHandler                      0x08006fa5   Thumb Code  1304  stm32u5xx_hal_uart.o(.text.HAL_UART_IRQHandler)
    HAL_UART_Init                            0x080074bd   Thumb Code   170  stm32u5xx_hal_uart.o(.text.HAL_UART_Init)
    HAL_UART_MspInit                         0x08007569   Thumb Code   562  usart.o(.text.HAL_UART_MspInit)
    HAL_UART_TxCpltCallback                  0x0800779d   Thumb Code     8  stm32u5xx_hal_uart.o(.text.HAL_UART_TxCpltCallback)
    HardFault_Handler                        0x080077a5   Thumb Code     4  stm32u5xx_it.o(.text.HardFault_Handler)
    MX_ADC1_Init                             0x08007935   Thumb Code    88  adc.o(.text.MX_ADC1_Init)
    MX_FREERTOS_Init                         0x0800798d   Thumb Code    74  app_freertos.o(.text.MX_FREERTOS_Init)
    MX_GPIO_Init                             0x080079d9   Thumb Code   262  gpio.o(.text.MX_GPIO_Init)
    MX_ICACHE_Init                           0x08007ae1   Thumb Code    18  icache.o(.text.MX_ICACHE_Init)
    MX_TIM15_Init                            0x08007af5   Thumb Code   312  tim.o(.text.MX_TIM15_Init)
    MX_TIM16_Init                            0x08007c2d   Thumb Code   212  tim.o(.text.MX_TIM16_Init)
    MX_TIM17_Init                            0x08007d01   Thumb Code   212  tim.o(.text.MX_TIM17_Init)
    MX_TIM1_Init                             0x08007dd5   Thumb Code   138  tim.o(.text.MX_TIM1_Init)
    MX_TIM6_Init                             0x08007e61   Thumb Code    90  tim.o(.text.MX_TIM6_Init)
    MX_TIM8_Init                             0x08007ebd   Thumb Code   138  tim.o(.text.MX_TIM8_Init)
    MX_UART5_Init                            0x08007f49   Thumb Code   142  usart.o(.text.MX_UART5_Init)
    MX_USART1_UART_Init                      0x08007fd9   Thumb Code   142  usart.o(.text.MX_USART1_UART_Init)
    MX_USART2_UART_Init                      0x08008069   Thumb Code   142  usart.o(.text.MX_USART2_UART_Init)
    MemManage_Handler                        0x080080f9   Thumb Code     4  stm32u5xx_it.o(.text.MemManage_Handler)
    NMI_Handler                              0x080080fd   Thumb Code     4  stm32u5xx_it.o(.text.NMI_Handler)
    PendSV_Handler                           0x08008171   Thumb Code    84  portasm.o(.text.PendSV_Handler)
    SVC_Handler                              0x080085f1   Thumb Code    36  portasm.o(.text.SVC_Handler)
    StartDefaultTask                         0x08008625   Thumb Code    16  app_freertos.o(.text.StartDefaultTask)
    StartTask03                              0x08008635   Thumb Code    16  app_freertos.o(.text.StartTask03)
    SysTick_Handler                          0x08008645   Thumb Code    30  cmsis_os2.o(.text.SysTick_Handler)
    SystemClock_Config                       0x08008665   Thumb Code   150  main.o(.text.SystemClock_Config)
    SystemInit                               0x080086fd   Thumb Code   118  system_stm32u5xx.o(.text.SystemInit)
    TIM7_IRQHandler                          0x08008775   Thumb Code    16  stm32u5xx_it.o(.text.TIM7_IRQHandler)
    TIM8_UP_IRQHandler                       0x08008785   Thumb Code   378  stm32u5xx_it.o(.text.TIM8_UP_IRQHandler)
    TIM_Base_SetConfig                       0x08008901   Thumb Code   736  stm32u5xx_hal_tim.o(.text.TIM_Base_SetConfig)
    TIM_CCxChannelCmd                        0x08008be1   Thumb Code    54  stm32u5xx_hal_tim.o(.text.TIM_CCxChannelCmd)
    TIM_ETR_SetConfig                        0x08008c19   Thumb Code    52  stm32u5xx_hal_tim.o(.text.TIM_ETR_SetConfig)
    TIM_OC2_SetConfig                        0x08008e75   Thumb Code   530  stm32u5xx_hal_tim.o(.text.TIM_OC2_SetConfig)
    UART5_IRQHandler                         0x08009901   Thumb Code    16  stm32u5xx_it.o(.text.UART5_IRQHandler)
    UART_AdvFeatureConfig                    0x0800999d   Thumb Code   328  stm32u5xx_hal_uart.o(.text.UART_AdvFeatureConfig)
    UART_CheckIdleState                      0x08009ae5   Thumb Code   326  stm32u5xx_hal_uart.o(.text.UART_CheckIdleState)
    UART_SetConfig                           0x08009d31   Thumb Code   856  stm32u5xx_hal_uart.o(.text.UART_SetConfig)
    UART_WaitOnFlagUntilTimeout              0x0800a089   Thumb Code   268  stm32u5xx_hal_uart.o(.text.UART_WaitOnFlagUntilTimeout)
    USART1_IRQHandler                        0x0800a195   Thumb Code    16  stm32u5xx_it.o(.text.USART1_IRQHandler)
    UsageFault_Handler                       0x0800a1a5   Thumb Code     4  stm32u5xx_it.o(.text.UsageFault_Handler)
    main                                     0x0800a2ad   Thumb Code   168  main.o(.text.main)
    osDelay                                  0x0800a355   Thumb Code    48  cmsis_os2.o(.text.osDelay)
    osKernelInitialize                       0x0800a385   Thumb Code    82  cmsis_os2.o(.text.osKernelInitialize)
    osKernelStart                            0x0800a3d9   Thumb Code    92  cmsis_os2.o(.text.osKernelStart)
    osThreadNew                              0x0800a435   Thumb Code   342  cmsis_os2.o(.text.osThreadNew)
    pvPortMalloc                             0x0800b18d   Thumb Code   428  heap_5.o(.text.pvPortMalloc)
    pxPortInitialiseStack                    0x0800b339   Thumb Code   266  port.o(.text.pxPortInitialiseStack)
    ulSetInterruptMask                       0x0800b445   Thumb Code    22  portasm.o(.text.ulSetInterruptMask)
    uxListRemove                             0x0800b45d   Thumb Code    72  list.o(.text.uxListRemove)
    vApplicationGetIdleTaskMemory            0x0800b4a5   Thumb Code    42  cmsis_os2.o(.text.vApplicationGetIdleTaskMemory)
    vApplicationGetTimerTaskMemory           0x0800b4d1   Thumb Code    42  cmsis_os2.o(.text.vApplicationGetTimerTaskMemory)
    vClearInterruptMask                      0x0800b4fd   Thumb Code    14  portasm.o(.text.vClearInterruptMask)
    vListInitialise                          0x0800b50d   Thumb Code    46  list.o(.text.vListInitialise)
    vListInitialiseItem                      0x0800b53d   Thumb Code    14  list.o(.text.vListInitialiseItem)
    vListInsert                              0x0800b54d   Thumb Code   106  list.o(.text.vListInsert)
    vPortEnterCritical                       0x0800b5b9   Thumb Code    30  port.o(.text.vPortEnterCritical)
    vPortExitCritical                        0x0800b5d9   Thumb Code    54  port.o(.text.vPortExitCritical)
    vPortFree                                0x0800b611   Thumb Code   158  heap_5.o(.text.vPortFree)
    vPortSVCHandler_C                        0x0800b6b1   Thumb Code    50  port.o(.text.vPortSVCHandler_C)
    vPortSetupTimerInterrupt                 0x0800b6e5   Thumb Code    68  port.o(.text.vPortSetupTimerInterrupt)
    vPortYield                               0x0800b729   Thumb Code    24  port.o(.text.vPortYield)
    vQueueAddToRegistry                      0x0800b741   Thumb Code   170  queue.o(.text.vQueueAddToRegistry)
    vQueueWaitForMessageRestricted           0x0800b7ed   Thumb Code   100  queue.o(.text.vQueueWaitForMessageRestricted)
    vRestoreContextOfFirstTask               0x0800b851   Thumb Code    52  portasm.o(.text.vRestoreContextOfFirstTask)
    vStartFirstTask                          0x0800b891   Thumb Code    36  portasm.o(.text.vStartFirstTask)
    vTaskDelay                               0x0800b8b5   Thumb Code    78  tasks.o(.text.vTaskDelay)
    vTaskInternalSetTimeOutState             0x0800b905   Thumb Code    36  tasks.o(.text.vTaskInternalSetTimeOutState)
    vTaskMissedYield                         0x0800b929   Thumb Code    14  tasks.o(.text.vTaskMissedYield)
    vTaskPlaceOnEventList                    0x0800b939   Thumb Code    52  tasks.o(.text.vTaskPlaceOnEventList)
    vTaskPlaceOnEventListRestricted          0x0800b96d   Thumb Code   114  tasks.o(.text.vTaskPlaceOnEventListRestricted)
    vTaskStartScheduler                      0x0800b9e1   Thumb Code   198  tasks.o(.text.vTaskStartScheduler)
    vTaskSuspendAll                          0x0800baa9   Thumb Code    16  tasks.o(.text.vTaskSuspendAll)
    vTaskSwitchContext                       0x0800bab9   Thumb Code   192  tasks.o(.text.vTaskSwitchContext)
    xPortStartScheduler                      0x0800bb79   Thumb Code   254  port.o(.text.xPortStartScheduler)
    xPortSysTickHandler                      0x0800bc79   Thumb Code    44  port.o(.text.xPortSysTickHandler)
    xQueueGenericCreateStatic                0x0800bca5   Thumb Code   158  queue.o(.text.xQueueGenericCreateStatic)
    xQueueGenericReset                       0x0800bd45   Thumb Code   218  queue.o(.text.xQueueGenericReset)
    xQueueReceive                            0x0800be21   Thumb Code   398  queue.o(.text.xQueueReceive)
    xTaskCheckForTimeOut                     0x0800bfb1   Thumb Code   182  tasks.o(.text.xTaskCheckForTimeOut)
    xTaskCreate                              0x0800c069   Thumb Code   166  tasks.o(.text.xTaskCreate)
    xTaskCreateStatic                        0x0800c111   Thumb Code   172  tasks.o(.text.xTaskCreateStatic)
    xTaskGetSchedulerState                   0x0800c1bd   Thumb Code    56  tasks.o(.text.xTaskGetSchedulerState)
    xTaskGetTickCount                        0x0800c1f5   Thumb Code    20  tasks.o(.text.xTaskGetTickCount)
    xTaskIncrementTick                       0x0800c209   Thumb Code   630  tasks.o(.text.xTaskIncrementTick)
    xTaskRemoveFromEventList                 0x0800c481   Thumb Code   420  tasks.o(.text.xTaskRemoveFromEventList)
    xTaskResumeAll                           0x0800c625   Thumb Code   546  tasks.o(.text.xTaskResumeAll)
    xTimerCreateTimerTask                    0x0800c849   Thumb Code   134  timers.o(.text.xTimerCreateTimerTask)
    _fp_init                                 0x0800c8cf   Thumb Code    26  fpinit.o(x$fpl$fpinit)
    __fplib_config_fpu_vfp                   0x0800c8e7   Thumb Code     0  fpinit.o(x$fpl$fpinit)
    __fplib_config_pureend_doubles           0x0800c8e7   Thumb Code     0  fpinit.o(x$fpl$fpinit)
    AHBPrescTable                            0x0800c8e8   Data          16  system_stm32u5xx.o(.rodata.AHBPrescTable)
    APBPrescTable                            0x0800c8f8   Data           8  system_stm32u5xx.o(.rodata.APBPrescTable)
    MSIRangeTable                            0x0800c980   Data          64  system_stm32u5xx.o(.rodata.MSIRangeTable)
    UARTPrescTable                           0x0800c9d0   Data          24  stm32u5xx_hal_uart.o(.rodata.UARTPrescTable)
    defaultTask_attributes                   0x0800c9e8   Data          36  app_freertos.o(.rodata.defaultTask_attributes)
    refreeSystemTask_attributes              0x0800ca0c   Data          36  app_freertos.o(.rodata.refreeSystemTask_attributes)
    uxTopUsedPriority                        0x0800ca60   Data           4  tasks.o(.rodata.uxTopUsedPriority)
    Region$$Table$$Base                      0x0800ca64   Number         0  anon$$obj.o(Region$$Table)
    Region$$Table$$Limit                     0x0800ca84   Number         0  anon$$obj.o(Region$$Table)
    SystemCoreClock                          0x20000000   Data           4  system_stm32u5xx.o(.data.SystemCoreClock)
    uwTickFreq                               0x20000008   Data           1  stm32u5xx_hal.o(.data.uwTickFreq)
    uwTickPrio                               0x2000000c   Data           4  stm32u5xx_hal.o(.data.uwTickPrio)
    __libspace_start                         0x20000010   Data          96  libspace.o(.bss)
    __temporary_stack_top$libspace           0x20000070   Data           0  libspace.o(.bss)
    MyBufferTask00                           0x20000074   Data         512  app_freertos.o(.bss.MyBufferTask00)
    MyBuffer_refree_task                     0x20000274   Data         512  app_freertos.o(.bss.MyBuffer_refree_task)
    MycontrolBlocTask00                      0x20000474   Data          92  app_freertos.o(.bss.MycontrolBlocTask00)
    MycontrolBloc_refree_task                0x200004d0   Data          92  app_freertos.o(.bss.MycontrolBloc_refree_task)
    defaultTaskHandle                        0x2000052c   Data           4  app_freertos.o(.bss.defaultTaskHandle)
    hadc1                                    0x20000530   Data         140  adc.o(.bss.hadc1)
    htim1                                    0x200005bc   Data          76  tim.o(.bss.htim1)
    htim15                                   0x20000608   Data          76  tim.o(.bss.htim15)
    htim16                                   0x20000654   Data          76  tim.o(.bss.htim16)
    htim17                                   0x200006a0   Data          76  tim.o(.bss.htim17)
    htim6                                    0x200006ec   Data          76  tim.o(.bss.htim6)
    htim7                                    0x20000738   Data          76  stm32u5xx_hal_timebase_tim.o(.bss.htim7)
    htim8                                    0x20000784   Data          76  tim.o(.bss.htim8)
    huart1                                   0x200007d0   Data         148  usart.o(.bss.huart1)
    huart2                                   0x20000864   Data         148  usart.o(.bss.huart2)
    huart5                                   0x200008f8   Data         148  usart.o(.bss.huart5)
    m42_x                                    0x2000098c   Data           8  mydriver.o(.bss.m42_x)
    m42_y                                    0x20000994   Data           8  mydriver.o(.bss.m42_y)
    pxCurrentTCB                             0x20000a90   Data           4  tasks.o(.bss.pxCurrentTCB)
    refreeSystemTaskHandle                   0x20000f08   Data           4  app_freertos.o(.bss.refreeSystemTaskHandle)
    uwTick                                   0x20000f14   Data           4  stm32u5xx_hal.o(.bss.uwTick)
    xQueueRegistry                           0x20001468   Data          64  queue.o(.bss.xQueueRegistry)



==============================================================================

Memory Map of the image

  Image Entry point : 0x08000239

  Load Region LR_IROM1 (Base: 0x08000000, Size: 0x0000ca98, Max: 0x00100000, ABSOLUTE)

    Execution Region ER_IROM1 (Exec base: 0x08000000, Load base: 0x08000000, Size: 0x0000ca84, Max: 0x00100000, ABSOLUTE)

    Exec Addr    Load Addr    Size         Type   Attr      Idx    E Section Name        Object

    0x08000000   0x08000000   0x00000238   Data   RO            3    RESET               startup_stm32u575xx.o
    0x08000238   0x08000238   0x00000008   Code   RO         2593  * !!!main             c_w.l(__main.o)
    0x08000240   0x08000240   0x00000034   Code   RO         2768    !!!scatter          c_w.l(__scatter.o)
    0x08000274   0x08000274   0x0000001a   Code   RO         2770    !!handler_copy      c_w.l(__scatter_copy.o)
    0x0800028e   0x0800028e   0x00000002   PAD
    0x08000290   0x08000290   0x0000001c   Code   RO         2772    !!handler_zi        c_w.l(__scatter_zi.o)
    0x080002ac   0x080002ac   0x00000002   Code   RO         2632    .ARM.Collect$$libinit$$00000000  c_w.l(libinit.o)
    0x080002ae   0x080002ae   0x00000004   Code   RO         2644    .ARM.Collect$$libinit$$00000001  c_w.l(libinit2.o)
    0x080002b2   0x080002b2   0x00000000   Code   RO         2647    .ARM.Collect$$libinit$$00000004  c_w.l(libinit2.o)
    0x080002b2   0x080002b2   0x00000000   Code   RO         2650    .ARM.Collect$$libinit$$0000000A  c_w.l(libinit2.o)
    0x080002b2   0x080002b2   0x00000000   Code   RO         2652    .ARM.Collect$$libinit$$0000000C  c_w.l(libinit2.o)
    0x080002b2   0x080002b2   0x00000000   Code   RO         2654    .ARM.Collect$$libinit$$0000000E  c_w.l(libinit2.o)
    0x080002b2   0x080002b2   0x00000000   Code   RO         2657    .ARM.Collect$$libinit$$00000011  c_w.l(libinit2.o)
    0x080002b2   0x080002b2   0x00000000   Code   RO         2659    .ARM.Collect$$libinit$$00000013  c_w.l(libinit2.o)
    0x080002b2   0x080002b2   0x00000000   Code   RO         2661    .ARM.Collect$$libinit$$00000015  c_w.l(libinit2.o)
    0x080002b2   0x080002b2   0x00000000   Code   RO         2663    .ARM.Collect$$libinit$$00000017  c_w.l(libinit2.o)
    0x080002b2   0x080002b2   0x00000000   Code   RO         2665    .ARM.Collect$$libinit$$00000019  c_w.l(libinit2.o)
    0x080002b2   0x080002b2   0x00000000   Code   RO         2667    .ARM.Collect$$libinit$$0000001B  c_w.l(libinit2.o)
    0x080002b2   0x080002b2   0x00000000   Code   RO         2669    .ARM.Collect$$libinit$$0000001D  c_w.l(libinit2.o)
    0x080002b2   0x080002b2   0x00000000   Code   RO         2671    .ARM.Collect$$libinit$$0000001F  c_w.l(libinit2.o)
    0x080002b2   0x080002b2   0x00000000   Code   RO         2673    .ARM.Collect$$libinit$$00000021  c_w.l(libinit2.o)
    0x080002b2   0x080002b2   0x00000000   Code   RO         2675    .ARM.Collect$$libinit$$00000023  c_w.l(libinit2.o)
    0x080002b2   0x080002b2   0x00000000   Code   RO         2677    .ARM.Collect$$libinit$$00000025  c_w.l(libinit2.o)
    0x080002b2   0x080002b2   0x00000000   Code   RO         2681    .ARM.Collect$$libinit$$0000002C  c_w.l(libinit2.o)
    0x080002b2   0x080002b2   0x00000000   Code   RO         2683    .ARM.Collect$$libinit$$0000002E  c_w.l(libinit2.o)
    0x080002b2   0x080002b2   0x00000000   Code   RO         2685    .ARM.Collect$$libinit$$00000030  c_w.l(libinit2.o)
    0x080002b2   0x080002b2   0x00000000   Code   RO         2687    .ARM.Collect$$libinit$$00000032  c_w.l(libinit2.o)
    0x080002b2   0x080002b2   0x00000002   Code   RO         2688    .ARM.Collect$$libinit$$00000033  c_w.l(libinit2.o)
    0x080002b4   0x080002b4   0x00000002   Code   RO         2723    .ARM.Collect$$libshutdown$$00000000  c_w.l(libshutdown.o)
    0x080002b6   0x080002b6   0x00000000   Code   RO         2751    .ARM.Collect$$libshutdown$$00000002  c_w.l(libshutdown2.o)
    0x080002b6   0x080002b6   0x00000000   Code   RO         2753    .ARM.Collect$$libshutdown$$00000004  c_w.l(libshutdown2.o)
    0x080002b6   0x080002b6   0x00000000   Code   RO         2756    .ARM.Collect$$libshutdown$$00000007  c_w.l(libshutdown2.o)
    0x080002b6   0x080002b6   0x00000000   Code   RO         2759    .ARM.Collect$$libshutdown$$0000000A  c_w.l(libshutdown2.o)
    0x080002b6   0x080002b6   0x00000000   Code   RO         2761    .ARM.Collect$$libshutdown$$0000000C  c_w.l(libshutdown2.o)
    0x080002b6   0x080002b6   0x00000000   Code   RO         2764    .ARM.Collect$$libshutdown$$0000000F  c_w.l(libshutdown2.o)
    0x080002b6   0x080002b6   0x00000002   Code   RO         2765    .ARM.Collect$$libshutdown$$00000010  c_w.l(libshutdown2.o)
    0x080002b8   0x080002b8   0x00000000   Code   RO         2595    .ARM.Collect$$rtentry$$00000000  c_w.l(__rtentry.o)
    0x080002b8   0x080002b8   0x00000000   Code   RO         2603    .ARM.Collect$$rtentry$$00000002  c_w.l(__rtentry2.o)
    0x080002b8   0x080002b8   0x00000006   Code   RO         2615    .ARM.Collect$$rtentry$$00000004  c_w.l(__rtentry4.o)
    0x080002be   0x080002be   0x00000000   Code   RO         2605    .ARM.Collect$$rtentry$$00000009  c_w.l(__rtentry2.o)
    0x080002be   0x080002be   0x00000004   Code   RO         2606    .ARM.Collect$$rtentry$$0000000A  c_w.l(__rtentry2.o)
    0x080002c2   0x080002c2   0x00000000   Code   RO         2608    .ARM.Collect$$rtentry$$0000000C  c_w.l(__rtentry2.o)
    0x080002c2   0x080002c2   0x00000008   Code   RO         2609    .ARM.Collect$$rtentry$$0000000D  c_w.l(__rtentry2.o)
    0x080002ca   0x080002ca   0x00000002   Code   RO         2636    .ARM.Collect$$rtexit$$00000000  c_w.l(rtexit.o)
    0x080002cc   0x080002cc   0x00000000   Code   RO         2694    .ARM.Collect$$rtexit$$00000002  c_w.l(rtexit2.o)
    0x080002cc   0x080002cc   0x00000004   Code   RO         2695    .ARM.Collect$$rtexit$$00000003  c_w.l(rtexit2.o)
    0x080002d0   0x080002d0   0x00000006   Code   RO         2696    .ARM.Collect$$rtexit$$00000004  c_w.l(rtexit2.o)
    0x080002d6   0x080002d6   0x00000002   PAD
    0x080002d8   0x080002d8   0x00000044   Code   RO            4    .text               startup_stm32u575xx.o
    0x0800031c   0x0800031c   0x000000f0   Code   RO         2579    .text               c_w.l(lludivv7m.o)
    0x0800040c   0x0800040c   0x0000008a   Code   RO         2581    .text               c_w.l(rt_memcpy_v6.o)
    0x08000496   0x08000496   0x00000010   Code   RO         2585    .text               c_w.l(aeabi_memset4.o)
    0x080004a6   0x080004a6   0x00000044   Code   RO         2587    .text               c_w.l(rt_memclr.o)
    0x080004ea   0x080004ea   0x0000004e   Code   RO         2589    .text               c_w.l(rt_memclr_w.o)
    0x08000538   0x08000538   0x00000006   Code   RO         2591    .text               c_w.l(heapauxi.o)
    0x0800053e   0x0800053e   0x00000064   Code   RO         2600    .text               c_w.l(rt_memcpy_w.o)
    0x080005a2   0x080005a2   0x0000004a   Code   RO         2619    .text               c_w.l(sys_stackheap_outer.o)
    0x080005ec   0x080005ec   0x00000012   Code   RO         2621    .text               c_w.l(exit.o)
    0x080005fe   0x080005fe   0x00000002   PAD
    0x08000600   0x08000600   0x00000008   Code   RO         2633    .text               c_w.l(libspace.o)
    0x08000608   0x08000608   0x0000000c   Code   RO         2689    .text               c_w.l(sys_exit.o)
    0x08000614   0x08000614   0x00000002   Code   RO         2712    .text               c_w.l(use_no_semi.o)
    0x08000616   0x08000616   0x00000000   Code   RO         2714    .text               c_w.l(indicate_semi.o)
    0x08000616   0x08000616   0x00000002   PAD
    0x08000618   0x08000618   0x00000004   Code   RO          136    .text.BusFault_Handler  stm32u5xx_it.o
    0x0800061c   0x0800061c   0x00000002   Code   RO          140    .text.DebugMon_Handler  stm32u5xx_it.o
    0x0800061e   0x0800061e   0x00000002   PAD
    0x08000620   0x08000620   0x00000006   Code   RO           15    .text.Error_Handler  main.o
    0x08000626   0x08000626   0x00000002   PAD
    0x08000628   0x08000628   0x0000063e   Code   RO          579    .text.HAL_ADC_Init  stm32u5xx_hal_adc.o
    0x08000c66   0x08000c66   0x00000002   PAD
    0x08000c68   0x08000c68   0x000000a8   Code   RO           59    .text.HAL_ADC_MspInit  adc.o
    0x08000d10   0x08000d10   0x00000116   Code   RO          843    .text.HAL_DMA_Abort  stm32u5xx_hal_dma.o
    0x08000e26   0x08000e26   0x00000002   PAD
    0x08000e28   0x08000e28   0x00000054   Code   RO          845    .text.HAL_DMA_Abort_IT  stm32u5xx_hal_dma.o
    0x08000e7c   0x08000e7c   0x000003ec   Code   RO         1368    .text.HAL_GPIO_Init  stm32u5xx_hal_gpio.o
    0x08001268   0x08001268   0x0000002e   Code   RO         1372    .text.HAL_GPIO_ReadPin  stm32u5xx_hal_gpio.o
    0x08001296   0x08001296   0x00000002   PAD
    0x08001298   0x08001298   0x00000026   Code   RO         1378    .text.HAL_GPIO_TogglePin  stm32u5xx_hal_gpio.o
    0x080012be   0x080012be   0x00000002   PAD
    0x080012c0   0x080012c0   0x0000002c   Code   RO         1374    .text.HAL_GPIO_WritePin  stm32u5xx_hal_gpio.o
    0x080012ec   0x080012ec   0x0000000c   Code   RO          990    .text.HAL_GetTick   stm32u5xx_hal.o
    0x080012f8   0x080012f8   0x00000014   Code   RO         1608    .text.HAL_ICACHE_Enable  stm32u5xx_hal_icache.o
    0x0800130c   0x0800130c   0x0000001a   Code   RO          988    .text.HAL_IncTick   stm32u5xx_hal.o
    0x08001326   0x08001326   0x00000002   PAD
    0x08001328   0x08001328   0x0000006e   Code   RO          978    .text.HAL_Init      stm32u5xx_hal.o
    0x08001396   0x08001396   0x00000002   PAD
    0x08001398   0x08001398   0x000000d4   Code   RO          165    .text.HAL_InitTick  stm32u5xx_hal_timebase_tim.o
    0x0800146c   0x0800146c   0x00000036   Code   RO          157    .text.HAL_MspInit   stm32u5xx_hal_msp.o
    0x080014a2   0x080014a2   0x00000002   PAD
    0x080014a4   0x080014a4   0x00000014   Code   RO         1210    .text.HAL_NVIC_EnableIRQ  stm32u5xx_hal_cortex.o
    0x080014b8   0x080014b8   0x0000002e   Code   RO         1202    .text.HAL_NVIC_SetPriority  stm32u5xx_hal_cortex.o
    0x080014e6   0x080014e6   0x00000002   PAD
    0x080014e8   0x080014e8   0x00000010   Code   RO         1198    .text.HAL_NVIC_SetPriorityGrouping  stm32u5xx_hal_cortex.o
    0x080014f8   0x080014f8   0x0000015e   Code   RO         1474    .text.HAL_PWREx_ControlVoltageScaling  stm32u5xx_hal_pwr_ex.o
    0x08001656   0x08001656   0x00000002   PAD
    0x08001658   0x08001658   0x00000012   Code   RO         1514    .text.HAL_PWREx_EnableVddA  stm32u5xx_hal_pwr_ex.o
    0x0800166a   0x0800166a   0x00000002   PAD
    0x0800166c   0x0800166c   0x00000010   Code   RO         1476    .text.HAL_PWREx_GetVoltageRange  stm32u5xx_hal_pwr_ex.o
    0x0800167c   0x0800167c   0x00000304   Code   RO         1117    .text.HAL_RCCEx_GetPLL1ClockFreq  stm32u5xx_hal_rcc_ex.o
    0x08001980   0x08001980   0x00000304   Code   RO         1119    .text.HAL_RCCEx_GetPLL2ClockFreq  stm32u5xx_hal_rcc_ex.o
    0x08001c84   0x08001c84   0x00000304   Code   RO         1121    .text.HAL_RCCEx_GetPLL3ClockFreq  stm32u5xx_hal_rcc_ex.o
    0x08001f88   0x08001f88   0x0000170e   Code   RO         1123    .text.HAL_RCCEx_GetPeriphCLKFreq  stm32u5xx_hal_rcc_ex.o
    0x08003696   0x08003696   0x00000002   PAD
    0x08003698   0x08003698   0x00000924   Code   RO         1109    .text.HAL_RCCEx_PeriphCLKConfig  stm32u5xx_hal_rcc_ex.o
    0x08003fbc   0x08003fbc   0x00000528   Code   RO         1074    .text.HAL_RCC_ClockConfig  stm32u5xx_hal_rcc.o
    0x080044e4   0x080044e4   0x0000006e   Code   RO         1088    .text.HAL_RCC_GetClockConfig  stm32u5xx_hal_rcc.o
    0x08004552   0x08004552   0x00000002   PAD
    0x08004554   0x08004554   0x00000030   Code   RO         1072    .text.HAL_RCC_GetHCLKFreq  stm32u5xx_hal_rcc.o
    0x08004584   0x08004584   0x00000022   Code   RO         1080    .text.HAL_RCC_GetPCLK1Freq  stm32u5xx_hal_rcc.o
    0x080045a6   0x080045a6   0x00000002   PAD
    0x080045a8   0x080045a8   0x00000022   Code   RO         1082    .text.HAL_RCC_GetPCLK2Freq  stm32u5xx_hal_rcc.o
    0x080045ca   0x080045ca   0x00000002   PAD
    0x080045cc   0x080045cc   0x00000022   Code   RO         1084    .text.HAL_RCC_GetPCLK3Freq  stm32u5xx_hal_rcc.o
    0x080045ee   0x080045ee   0x00000002   PAD
    0x080045f0   0x080045f0   0x00000254   Code   RO         1076    .text.HAL_RCC_GetSysClockFreq  stm32u5xx_hal_rcc.o
    0x08004844   0x08004844   0x000010e0   Code   RO         1068    .text.HAL_RCC_OscConfig  stm32u5xx_hal_rcc.o
    0x08005924   0x08005924   0x0000009a   Code   RO         1248    .text.HAL_SYSTICK_CLKSourceConfig  stm32u5xx_hal_cortex.o
    0x080059be   0x080059be   0x00000002   PAD
    0x080059c0   0x080059c0   0x00000008   Code   RO          554    .text.HAL_TIMEx_Break2Callback  stm32u5xx_hal_tim_ex.o
    0x080059c8   0x080059c8   0x00000008   Code   RO          552    .text.HAL_TIMEx_BreakCallback  stm32u5xx_hal_tim_ex.o
    0x080059d0   0x080059d0   0x00000008   Code   RO          548    .text.HAL_TIMEx_CommutCallback  stm32u5xx_hal_tim_ex.o
    0x080059d8   0x080059d8   0x00000154   Code   RO          500    .text.HAL_TIMEx_ConfigBreakDeadTime  stm32u5xx_hal_tim_ex.o
    0x08005b2c   0x08005b2c   0x00000008   Code   RO          558    .text.HAL_TIMEx_DirectionChangeCallback  stm32u5xx_hal_tim_ex.o
    0x08005b34   0x08005b34   0x00000008   Code   RO          556    .text.HAL_TIMEx_EncoderIndexCallback  stm32u5xx_hal_tim_ex.o
    0x08005b3c   0x08005b3c   0x00000008   Code   RO          560    .text.HAL_TIMEx_IndexErrorCallback  stm32u5xx_hal_tim_ex.o
    0x08005b44   0x08005b44   0x000001ec   Code   RO          498    .text.HAL_TIMEx_MasterConfigSynchronization  stm32u5xx_hal_tim_ex.o
    0x08005d30   0x08005d30   0x00000008   Code   RO          562    .text.HAL_TIMEx_TransitionErrorCallback  stm32u5xx_hal_tim_ex.o
    0x08005d38   0x08005d38   0x000000a8   Code   RO          179    .text.HAL_TIM_Base_Init  stm32u5xx_hal_tim.o
    0x08005de0   0x08005de0   0x00000152   Code   RO           93    .text.HAL_TIM_Base_MspInit  tim.o
    0x08005f32   0x08005f32   0x00000002   PAD
    0x08005f34   0x08005f34   0x00000160   Code   RO          189    .text.HAL_TIM_Base_Start  stm32u5xx_hal_tim.o
    0x08006094   0x08006094   0x0000016c   Code   RO          193    .text.HAL_TIM_Base_Start_IT  stm32u5xx_hal_tim.o
    0x08006200   0x08006200   0x000001de   Code   RO          377    .text.HAL_TIM_ConfigClockSource  stm32u5xx_hal_tim.o
    0x080063de   0x080063de   0x00000002   PAD
    0x080063e0   0x080063e0   0x00000008   Code   RO          317    .text.HAL_TIM_IC_CaptureCallback  stm32u5xx_hal_tim.o
    0x080063e8   0x080063e8   0x00000300   Code   RO          315    .text.HAL_TIM_IRQHandler  stm32u5xx_hal_tim.o
    0x080066e8   0x080066e8   0x0000010e   Code   RO           87    .text.HAL_TIM_MspPostInit  tim.o
    0x080067f6   0x080067f6   0x00000002   PAD
    0x080067f8   0x080067f8   0x00000008   Code   RO          319    .text.HAL_TIM_OC_DelayElapsedCallback  stm32u5xx_hal_tim.o
    0x08006800   0x08006800   0x000001b0   Code   RO          351    .text.HAL_TIM_PWM_ConfigChannel  stm32u5xx_hal_tim.o
    0x080069b0   0x080069b0   0x000000a8   Code   RO          235    .text.HAL_TIM_PWM_Init  stm32u5xx_hal_tim.o
    0x08006a58   0x08006a58   0x00000008   Code   RO          237    .text.HAL_TIM_PWM_MspInit  stm32u5xx_hal_tim.o
    0x08006a60   0x08006a60   0x00000008   Code   RO          321    .text.HAL_TIM_PWM_PulseFinishedCallback  stm32u5xx_hal_tim.o
    0x08006a68   0x08006a68   0x00000356   Code   RO          243    .text.HAL_TIM_PWM_Start  stm32u5xx_hal_tim.o
    0x08006dbe   0x08006dbe   0x00000002   PAD
    0x08006dc0   0x08006dc0   0x00000022   Code   RO           17    .text.HAL_TIM_PeriodElapsedCallback  main.o
    0x08006de2   0x08006de2   0x00000002   PAD
    0x08006de4   0x08006de4   0x00000008   Code   RO          325    .text.HAL_TIM_TriggerCallback  stm32u5xx_hal_tim.o
    0x08006dec   0x08006dec   0x0000007c   Code   RO         1815    .text.HAL_UARTEx_DisableFifoMode  stm32u5xx_hal_uart_ex.o
    0x08006e68   0x08006e68   0x0000000c   Code   RO         1741    .text.HAL_UARTEx_RxEventCallback  stm32u5xx_hal_uart.o
    0x08006e74   0x08006e74   0x00000008   Code   RO         1797    .text.HAL_UARTEx_RxFifoFullCallback  stm32u5xx_hal_uart_ex.o
    0x08006e7c   0x08006e7c   0x0000008c   Code   RO         1819    .text.HAL_UARTEx_SetRxFifoThreshold  stm32u5xx_hal_uart_ex.o
    0x08006f08   0x08006f08   0x0000008c   Code   RO         1817    .text.HAL_UARTEx_SetTxFifoThreshold  stm32u5xx_hal_uart_ex.o
    0x08006f94   0x08006f94   0x00000008   Code   RO         1799    .text.HAL_UARTEx_TxFifoEmptyCallback  stm32u5xx_hal_uart_ex.o
    0x08006f9c   0x08006f9c   0x00000008   Code   RO         1739    .text.HAL_UART_ErrorCallback  stm32u5xx_hal_uart.o
    0x08006fa4   0x08006fa4   0x00000518   Code   RO         1735    .text.HAL_UART_IRQHandler  stm32u5xx_hal_uart.o
    0x080074bc   0x080074bc   0x000000aa   Code   RO         1647    .text.HAL_UART_Init  stm32u5xx_hal_uart.o
    0x08007566   0x08007566   0x00000002   PAD
    0x08007568   0x08007568   0x00000232   Code   RO          116    .text.HAL_UART_MspInit  usart.o
    0x0800779a   0x0800779a   0x00000002   PAD
    0x0800779c   0x0800779c   0x00000008   Code   RO         1745    .text.HAL_UART_TxCpltCallback  stm32u5xx_hal_uart.o
    0x080077a4   0x080077a4   0x00000004   Code   RO          132    .text.HardFault_Handler  stm32u5xx_it.o
    0x080077a8   0x080077a8   0x00000050   Code   RO         2372    .text.IRQ_Context   cmsis_os2.o
    0x080077f8   0x080077f8   0x00000018   Code   RO          585    .text.LL_ADC_DisableDeepPowerDown  stm32u5xx_hal_adc.o
    0x08007810   0x08007810   0x0000001e   Code   RO          589    .text.LL_ADC_EnableInternalRegulator  stm32u5xx_hal_adc.o
    0x0800782e   0x0800782e   0x00000002   PAD
    0x08007830   0x08007830   0x00000010   Code   RO          599    .text.LL_ADC_INJ_IsConversionOngoing  stm32u5xx_hal_adc.o
    0x08007840   0x08007840   0x00000010   Code   RO          583    .text.LL_ADC_IsDeepPowerDownEnabled  stm32u5xx_hal_adc.o
    0x08007850   0x08007850   0x00000010   Code   RO          593    .text.LL_ADC_IsEnabled  stm32u5xx_hal_adc.o
    0x08007860   0x08007860   0x00000010   Code   RO          587    .text.LL_ADC_IsInternalRegulatorEnabled  stm32u5xx_hal_adc.o
    0x08007870   0x08007870   0x00000010   Code   RO          591    .text.LL_ADC_REG_IsConversionOngoing  stm32u5xx_hal_adc.o
    0x08007880   0x08007880   0x0000001a   Code   RO          595    .text.LL_ADC_SetCommonClock  stm32u5xx_hal_adc.o
    0x0800789a   0x0800789a   0x00000002   PAD
    0x0800789c   0x0800789c   0x00000034   Code   RO          601    .text.LL_ADC_SetGainCompensation  stm32u5xx_hal_adc.o
    0x080078d0   0x080078d0   0x0000003a   Code   RO          597    .text.LL_ADC_SetResolution  stm32u5xx_hal_adc.o
    0x0800790a   0x0800790a   0x00000002   PAD
    0x0800790c   0x0800790c   0x00000026   Code   RO          603    .text.LL_ADC_SetSamplingTimeCommonChannels  stm32u5xx_hal_adc.o
    0x08007932   0x08007932   0x00000002   PAD
    0x08007934   0x08007934   0x00000058   Code   RO           57    .text.MX_ADC1_Init  adc.o
    0x0800798c   0x0800798c   0x0000004a   Code   RO           35    .text.MX_FREERTOS_Init  app_freertos.o
    0x080079d6   0x080079d6   0x00000002   PAD
    0x080079d8   0x080079d8   0x00000106   Code   RO           27    .text.MX_GPIO_Init  gpio.o
    0x08007ade   0x08007ade   0x00000002   PAD
    0x08007ae0   0x08007ae0   0x00000012   Code   RO           71    .text.MX_ICACHE_Init  icache.o
    0x08007af2   0x08007af2   0x00000002   PAD
    0x08007af4   0x08007af4   0x00000138   Code   RO           85    .text.MX_TIM15_Init  tim.o
    0x08007c2c   0x08007c2c   0x000000d4   Code   RO           89    .text.MX_TIM16_Init  tim.o
    0x08007d00   0x08007d00   0x000000d4   Code   RO           91    .text.MX_TIM17_Init  tim.o
    0x08007dd4   0x08007dd4   0x0000008a   Code   RO           79    .text.MX_TIM1_Init  tim.o
    0x08007e5e   0x08007e5e   0x00000002   PAD
    0x08007e60   0x08007e60   0x0000005a   Code   RO           81    .text.MX_TIM6_Init  tim.o
    0x08007eba   0x08007eba   0x00000002   PAD
    0x08007ebc   0x08007ebc   0x0000008a   Code   RO           83    .text.MX_TIM8_Init  tim.o
    0x08007f46   0x08007f46   0x00000002   PAD
    0x08007f48   0x08007f48   0x0000008e   Code   RO          110    .text.MX_UART5_Init  usart.o
    0x08007fd6   0x08007fd6   0x00000002   PAD
    0x08007fd8   0x08007fd8   0x0000008e   Code   RO          112    .text.MX_USART1_UART_Init  usart.o
    0x08008066   0x08008066   0x00000002   PAD
    0x08008068   0x08008068   0x0000008e   Code   RO          114    .text.MX_USART2_UART_Init  usart.o
    0x080080f6   0x080080f6   0x00000002   PAD
    0x080080f8   0x080080f8   0x00000004   Code   RO          134    .text.MemManage_Handler  stm32u5xx_it.o
    0x080080fc   0x080080fc   0x00000004   Code   RO          130    .text.NMI_Handler   stm32u5xx_it.o
    0x08008100   0x08008100   0x0000006c   Code   RO         1208    .text.NVIC_EncodePriority  stm32u5xx_hal_cortex.o
    0x0800816c   0x0800816c   0x00000004   PAD
    0x08008170   0x08008170   0x00000054   Code   RO         2357    .text.PendSV_Handler  portasm.o
    0x080081c4   0x080081c4   0x00000174   Code   RO         1111    .text.RCCEx_PLL2_Config  stm32u5xx_hal_rcc_ex.o
    0x08008338   0x08008338   0x00000174   Code   RO         1113    .text.RCCEx_PLL3_Config  stm32u5xx_hal_rcc_ex.o
    0x080084ac   0x080084ac   0x00000142   Code   RO         1070    .text.RCC_SetFlashLatencyFromMSIRange  stm32u5xx_hal_rcc.o
    0x080085ee   0x080085ee   0x00000002   PAD
    0x080085f0   0x080085f0   0x00000024   Code   RO         2359    .text.SVC_Handler   portasm.o
    0x08008614   0x08008614   0x0000000e   Code   RO         2380    .text.SVC_Setup     cmsis_os2.o
    0x08008622   0x08008622   0x00000002   PAD
    0x08008624   0x08008624   0x00000010   Code   RO           37    .text.StartDefaultTask  app_freertos.o
    0x08008634   0x08008634   0x00000010   Code   RO           39    .text.StartTask03   app_freertos.o
    0x08008644   0x08008644   0x0000001e   Code   RO         2368    .text.SysTick_Handler  cmsis_os2.o
    0x08008662   0x08008662   0x00000002   PAD
    0x08008664   0x08008664   0x00000096   Code   RO           13    .text.SystemClock_Config  main.o
    0x080086fa   0x080086fa   0x00000002   PAD
    0x080086fc   0x080086fc   0x00000076   Code   RO         1844    .text.SystemInit    system_stm32u5xx.o
    0x08008772   0x08008772   0x00000002   PAD
    0x08008774   0x08008774   0x00000010   Code   RO          142    .text.TIM7_IRQHandler  stm32u5xx_it.o
    0x08008784   0x08008784   0x0000017a   Code   RO          144    .text.TIM8_UP_IRQHandler  stm32u5xx_it.o
    0x080088fe   0x080088fe   0x00000002   PAD
    0x08008900   0x08008900   0x000002e0   Code   RO          183    .text.TIM_Base_SetConfig  stm32u5xx_hal_tim.o
    0x08008be0   0x08008be0   0x00000036   Code   RO          219    .text.TIM_CCxChannelCmd  stm32u5xx_hal_tim.o
    0x08008c16   0x08008c16   0x00000002   PAD
    0x08008c18   0x08008c18   0x00000034   Code   RO          375    .text.TIM_ETR_SetConfig  stm32u5xx_hal_tim.o
    0x08008c4c   0x08008c4c   0x00000030   Code   RO          381    .text.TIM_ITRx_SetConfig  stm32u5xx_hal_tim.o
    0x08008c7c   0x08008c7c   0x000001f6   Code   RO          329    .text.TIM_OC1_SetConfig  stm32u5xx_hal_tim.o
    0x08008e72   0x08008e72   0x00000002   PAD
    0x08008e74   0x08008e74   0x00000212   Code   RO          331    .text.TIM_OC2_SetConfig  stm32u5xx_hal_tim.o
    0x08009086   0x08009086   0x00000002   PAD
    0x08009088   0x08009088   0x00000210   Code   RO          333    .text.TIM_OC3_SetConfig  stm32u5xx_hal_tim.o
    0x08009298   0x08009298   0x00000212   Code   RO          335    .text.TIM_OC4_SetConfig  stm32u5xx_hal_tim.o
    0x080094aa   0x080094aa   0x00000002   PAD
    0x080094ac   0x080094ac   0x00000122   Code   RO          337    .text.TIM_OC5_SetConfig  stm32u5xx_hal_tim.o
    0x080095ce   0x080095ce   0x00000002   PAD
    0x080095d0   0x080095d0   0x00000124   Code   RO          339    .text.TIM_OC6_SetConfig  stm32u5xx_hal_tim.o
    0x080096f4   0x080096f4   0x000000fc   Code   RO          379    .text.TIM_TI1_ConfigInputStage  stm32u5xx_hal_tim.o
    0x080097f0   0x080097f0   0x00000110   Code   RO          383    .text.TIM_TI2_ConfigInputStage  stm32u5xx_hal_tim.o
    0x08009900   0x08009900   0x00000010   Code   RO          148    .text.UART5_IRQHandler  stm32u5xx_it.o
    0x08009910   0x08009910   0x0000008a   Code   RO         1813    .text.UARTEx_SetNbDataToProcess  stm32u5xx_hal_uart_ex.o
    0x0800999a   0x0800999a   0x00000002   PAD
    0x0800999c   0x0800999c   0x00000148   Code   RO         1651    .text.UART_AdvFeatureConfig  stm32u5xx_hal_uart.o
    0x08009ae4   0x08009ae4   0x00000146   Code   RO         1655    .text.UART_CheckIdleState  stm32u5xx_hal_uart.o
    0x08009c2a   0x08009c2a   0x00000002   PAD
    0x08009c2c   0x08009c2c   0x0000001e   Code   RO         1737    .text.UART_DMAAbortOnError  stm32u5xx_hal_uart.o
    0x08009c4a   0x08009c4a   0x00000002   PAD
    0x08009c4c   0x08009c4c   0x0000009e   Code   RO         1707    .text.UART_EndRxTransfer  stm32u5xx_hal_uart.o
    0x08009cea   0x08009cea   0x00000002   PAD
    0x08009cec   0x08009cec   0x00000044   Code   RO         1743    .text.UART_EndTransmit_IT  stm32u5xx_hal_uart.o
    0x08009d30   0x08009d30   0x00000358   Code   RO         1653    .text.UART_SetConfig  stm32u5xx_hal_uart.o
    0x0800a088   0x0800a088   0x0000010c   Code   RO         1669    .text.UART_WaitOnFlagUntilTimeout  stm32u5xx_hal_uart.o
    0x0800a194   0x0800a194   0x00000010   Code   RO          146    .text.USART1_IRQHandler  stm32u5xx_it.o
    0x0800a1a4   0x0800a1a4   0x00000004   Code   RO          138    .text.UsageFault_Handler  stm32u5xx_it.o
    0x0800a1a8   0x0800a1a8   0x00000030   Code   RO         1212    .text.__NVIC_EnableIRQ  stm32u5xx_hal_cortex.o
    0x0800a1d8   0x0800a1d8   0x00000010   Code   RO         1204    .text.__NVIC_GetPriorityGrouping  stm32u5xx_hal_cortex.o
    0x0800a1e8   0x0800a1e8   0x00000042   Code   RO         1206    .text.__NVIC_SetPriority  stm32u5xx_hal_cortex.o
    0x0800a22a   0x0800a22a   0x00000002   PAD
    0x0800a22c   0x0800a22c   0x00000042   Code   RO         2534    .text.__NVIC_SetPriority  cmsis_os2.o
    0x0800a26e   0x0800a26e   0x00000002   PAD
    0x0800a270   0x0800a270   0x0000003c   Code   RO         1200    .text.__NVIC_SetPriorityGrouping  stm32u5xx_hal_cortex.o
    0x0800a2ac   0x0800a2ac   0x000000a8   Code   RO           11    .text.main          main.o
    0x0800a354   0x0800a354   0x00000030   Code   RO         2438    .text.osDelay       cmsis_os2.o
    0x0800a384   0x0800a384   0x00000052   Code   RO         2370    .text.osKernelInitialize  cmsis_os2.o
    0x0800a3d6   0x0800a3d6   0x00000002   PAD
    0x0800a3d8   0x0800a3d8   0x0000005c   Code   RO         2378    .text.osKernelStart  cmsis_os2.o
    0x0800a434   0x0800a434   0x00000156   Code   RO         2402    .text.osThreadNew   cmsis_os2.o
    0x0800a58a   0x0800a58a   0x00000002   PAD
    0x0800a58c   0x0800a58c   0x000000fe   Code   RO         2094    .text.prvAddCurrentTaskToDelayedList  tasks.o
    0x0800a68a   0x0800a68a   0x00000002   PAD
    0x0800a68c   0x0800a68c   0x0000015a   Code   RO         2080    .text.prvAddNewTaskToReadyList  tasks.o
    0x0800a7e6   0x0800a7e6   0x00000002   PAD
    0x0800a7e8   0x0800a7e8   0x000000a2   Code   RO         2234    .text.prvCheckForValidListAndQueue  timers.o
    0x0800a88a   0x0800a88a   0x00000002   PAD
    0x0800a88c   0x0800a88c   0x0000005a   Code   RO         2200    .text.prvCheckTasksWaitingTermination  tasks.o
    0x0800a8e6   0x0800a8e6   0x00000002   PAD
    0x0800a8e8   0x0800a8e8   0x00000042   Code   RO         1967    .text.prvCopyDataFromQueue  queue.o
    0x0800a92a   0x0800a92a   0x00000002   PAD
    0x0800a92c   0x0800a92c   0x00000050   Code   RO         2088    .text.prvDeleteTCB  tasks.o
    0x0800a97c   0x0800a97c   0x00000040   Code   RO         2276    .text.prvGetNextExpireTime  timers.o
    0x0800a9bc   0x0800a9bc   0x00000026   Code   RO         2120    .text.prvIdleTask   tasks.o
    0x0800a9e2   0x0800a9e2   0x00000002   PAD
    0x0800a9e4   0x0800a9e4   0x00000048   Code   RO         1927    .text.prvInitialiseNewQueue  queue.o
    0x0800aa2c   0x0800aa2c   0x0000010c   Code   RO         2078    .text.prvInitialiseNewTask  tasks.o
    0x0800ab38   0x0800ab38   0x0000008e   Code   RO         2198    .text.prvInitialiseTaskLists  tasks.o
    0x0800abc6   0x0800abc6   0x00000002   PAD
    0x0800abc8   0x0800abc8   0x000000c6   Code   RO         2551    .text.prvInsertBlockIntoFreeList  heap_5.o
    0x0800ac8e   0x0800ac8e   0x00000002   PAD
    0x0800ac90   0x0800ac90   0x00000086   Code   RO         2290    .text.prvInsertTimerInActiveList  timers.o
    0x0800ad16   0x0800ad16   0x00000002   PAD
    0x0800ad18   0x0800ad18   0x00000028   Code   RO         1969    .text.prvIsQueueEmpty  queue.o
    0x0800ad40   0x0800ad40   0x00000054   Code   RO         2284    .text.prvProcessExpiredTimer  timers.o
    0x0800ad94   0x0800ad94   0x00000162   Code   RO         2280    .text.prvProcessReceivedCommands  timers.o
    0x0800aef6   0x0800aef6   0x00000002   PAD
    0x0800aef8   0x0800aef8   0x00000088   Code   RO         2278    .text.prvProcessTimerOrBlockTask  timers.o
    0x0800af80   0x0800af80   0x00000034   Code   RO         2288    .text.prvReloadTimer  timers.o
    0x0800afb4   0x0800afb4   0x0000003c   Code   RO         2086    .text.prvResetNextTaskUnblockTime  tasks.o
    0x0800aff0   0x0800aff0   0x00000044   Code   RO         2282    .text.prvSampleTimeNow  timers.o
    0x0800b034   0x0800b034   0x00000052   Code   RO         2286    .text.prvSwitchTimerLists  timers.o
    0x0800b086   0x0800b086   0x00000002   PAD
    0x0800b088   0x0800b088   0x00000032   Code   RO         2323    .text.prvTaskExitError  port.o
    0x0800b0ba   0x0800b0ba   0x00000002   PAD
    0x0800b0bc   0x0800b0bc   0x0000001e   Code   RO         2236    .text.prvTimerTask  timers.o
    0x0800b0da   0x0800b0da   0x00000002   PAD
    0x0800b0dc   0x0800b0dc   0x000000ae   Code   RO         1959    .text.prvUnlockQueue  queue.o
    0x0800b18a   0x0800b18a   0x00000002   PAD
    0x0800b18c   0x0800b18c   0x000001ac   Code   RO         2549    .text.pvPortMalloc  heap_5.o
    0x0800b338   0x0800b338   0x0000010a   Code   RO         2321    .text.pxPortInitialiseStack  port.o
    0x0800b442   0x0800b442   0x00000002   PAD
    0x0800b444   0x0800b444   0x00000016   Code   RO         2353    .text.ulSetInterruptMask  portasm.o
    0x0800b45a   0x0800b45a   0x00000002   PAD
    0x0800b45c   0x0800b45c   0x00000048   Code   RO         1914    .text.uxListRemove  list.o
    0x0800b4a4   0x0800b4a4   0x0000002a   Code   RO         2530    .text.vApplicationGetIdleTaskMemory  cmsis_os2.o
    0x0800b4ce   0x0800b4ce   0x00000002   PAD
    0x0800b4d0   0x0800b4d0   0x0000002a   Code   RO         2532    .text.vApplicationGetTimerTaskMemory  cmsis_os2.o
    0x0800b4fa   0x0800b4fa   0x00000002   PAD
    0x0800b4fc   0x0800b4fc   0x0000000e   Code   RO         2355    .text.vClearInterruptMask  portasm.o
    0x0800b50a   0x0800b50a   0x00000002   PAD
    0x0800b50c   0x0800b50c   0x0000002e   Code   RO         1906    .text.vListInitialise  list.o
    0x0800b53a   0x0800b53a   0x00000002   PAD
    0x0800b53c   0x0800b53c   0x0000000e   Code   RO         1908    .text.vListInitialiseItem  list.o
    0x0800b54a   0x0800b54a   0x00000002   PAD
    0x0800b54c   0x0800b54c   0x0000006a   Code   RO         1912    .text.vListInsert   list.o
    0x0800b5b6   0x0800b5b6   0x00000002   PAD
    0x0800b5b8   0x0800b5b8   0x0000001e   Code   RO         2313    .text.vPortEnterCritical  port.o
    0x0800b5d6   0x0800b5d6   0x00000002   PAD
    0x0800b5d8   0x0800b5d8   0x00000036   Code   RO         2315    .text.vPortExitCritical  port.o
    0x0800b60e   0x0800b60e   0x00000002   PAD
    0x0800b610   0x0800b610   0x0000009e   Code   RO         2553    .text.vPortFree     heap_5.o
    0x0800b6ae   0x0800b6ae   0x00000002   PAD
    0x0800b6b0   0x0800b6b0   0x00000032   Code   RO         2319    .text.vPortSVCHandler_C  port.o
    0x0800b6e2   0x0800b6e2   0x00000002   PAD
    0x0800b6e4   0x0800b6e4   0x00000044   Code   RO         2309    .text.vPortSetupTimerInterrupt  port.o
    0x0800b728   0x0800b728   0x00000018   Code   RO         2311    .text.vPortYield    port.o
    0x0800b740   0x0800b740   0x000000aa   Code   RO         2003    .text.vQueueAddToRegistry  queue.o
    0x0800b7ea   0x0800b7ea   0x00000002   PAD
    0x0800b7ec   0x0800b7ec   0x00000064   Code   RO         2007    .text.vQueueWaitForMessageRestricted  queue.o
    0x0800b850   0x0800b850   0x00000034   Code   RO         2343    .text.vRestoreContextOfFirstTask  portasm.o
    0x0800b884   0x0800b884   0x0000000c   PAD
    0x0800b890   0x0800b890   0x00000024   Code   RO         2351    .text.vStartFirstTask  portasm.o
    0x0800b8b4   0x0800b8b4   0x0000004e   Code   RO         2098    .text.vTaskDelay    tasks.o
    0x0800b902   0x0800b902   0x00000002   PAD
    0x0800b904   0x0800b904   0x00000024   Code   RO         2154    .text.vTaskInternalSetTimeOutState  tasks.o
    0x0800b928   0x0800b928   0x0000000e   Code   RO         2158    .text.vTaskMissedYield  tasks.o
    0x0800b936   0x0800b936   0x00000002   PAD
    0x0800b938   0x0800b938   0x00000034   Code   RO         2142    .text.vTaskPlaceOnEventList  tasks.o
    0x0800b96c   0x0800b96c   0x00000072   Code   RO         2146    .text.vTaskPlaceOnEventListRestricted  tasks.o
    0x0800b9de   0x0800b9de   0x00000002   PAD
    0x0800b9e0   0x0800b9e0   0x000000c6   Code   RO         2118    .text.vTaskStartScheduler  tasks.o
    0x0800baa6   0x0800baa6   0x00000002   PAD
    0x0800baa8   0x0800baa8   0x00000010   Code   RO         2092    .text.vTaskSuspendAll  tasks.o
    0x0800bab8   0x0800bab8   0x000000c0   Code   RO         2110    .text.vTaskSwitchContext  tasks.o
    0x0800bb78   0x0800bb78   0x000000fe   Code   RO         2325    .text.xPortStartScheduler  port.o
    0x0800bc76   0x0800bc76   0x00000002   PAD
    0x0800bc78   0x0800bc78   0x0000002c   Code   RO         2317    .text.xPortSysTickHandler  port.o
    0x0800bca4   0x0800bca4   0x0000009e   Code   RO         1925    .text.xQueueGenericCreateStatic  queue.o
    0x0800bd42   0x0800bd42   0x00000002   PAD
    0x0800bd44   0x0800bd44   0x000000da   Code   RO         1923    .text.xQueueGenericReset  queue.o
    0x0800be1e   0x0800be1e   0x00000002   PAD
    0x0800be20   0x0800be20   0x0000018e   Code   RO         1965    .text.xQueueReceive  queue.o
    0x0800bfae   0x0800bfae   0x00000002   PAD
    0x0800bfb0   0x0800bfb0   0x000000b6   Code   RO         2156    .text.xTaskCheckForTimeOut  tasks.o
    0x0800c066   0x0800c066   0x00000002   PAD
    0x0800c068   0x0800c068   0x000000a6   Code   RO         2082    .text.xTaskCreate   tasks.o
    0x0800c10e   0x0800c10e   0x00000002   PAD
    0x0800c110   0x0800c110   0x000000ac   Code   RO         2076    .text.xTaskCreateStatic  tasks.o
    0x0800c1bc   0x0800c1bc   0x00000038   Code   RO         2172    .text.xTaskGetSchedulerState  tasks.o
    0x0800c1f4   0x0800c1f4   0x00000014   Code   RO         2126    .text.xTaskGetTickCount  tasks.o
    0x0800c208   0x0800c208   0x00000276   Code   RO         2124    .text.xTaskIncrementTick  tasks.o
    0x0800c47e   0x0800c47e   0x00000002   PAD
    0x0800c480   0x0800c480   0x000001a4   Code   RO         2148    .text.xTaskRemoveFromEventList  tasks.o
    0x0800c624   0x0800c624   0x00000222   Code   RO         2096    .text.xTaskResumeAll  tasks.o
    0x0800c846   0x0800c846   0x00000002   PAD
    0x0800c848   0x0800c848   0x00000086   Code   RO         2232    .text.xTimerCreateTimerTask  timers.o
    0x0800c8ce   0x0800c8ce   0x0000001a   Code   RO         2706    x$fpl$fpinit        fz_wm.l(fpinit.o)
    0x0800c8e8   0x0800c8e8   0x00000010   Data   RO         1849    .rodata.AHBPrescTable  system_stm32u5xx.o
    0x0800c8f8   0x0800c8f8   0x00000008   Data   RO         1850    .rodata.APBPrescTable  system_stm32u5xx.o
    0x0800c900   0x0800c900   0x00000080   Data   RO         1392    .rodata.LPGPIO_Map  stm32u5xx_hal_gpio.o
    0x0800c980   0x0800c980   0x00000040   Data   RO         1851    .rodata.MSIRangeTable  system_stm32u5xx.o
    0x0800c9c0   0x0800c9c0   0x00000008   Data   RO         1836    .rodata.UARTEx_SetNbDataToProcess.denominator  stm32u5xx_hal_uart_ex.o
    0x0800c9c8   0x0800c9c8   0x00000008   Data   RO         1835    .rodata.UARTEx_SetNbDataToProcess.numerator  stm32u5xx_hal_uart_ex.o
    0x0800c9d0   0x0800c9d0   0x00000018   Data   RO         1787    .rodata.UARTPrescTable  stm32u5xx_hal_uart.o
    0x0800c9e8   0x0800c9e8   0x00000024   Data   RO           44    .rodata.defaultTask_attributes  app_freertos.o
    0x0800ca0c   0x0800ca0c   0x00000024   Data   RO           47    .rodata.refreeSystemTask_attributes  app_freertos.o
    0x0800ca30   0x0800ca30   0x0000001d   Data   RO           41    .rodata.str1.1      app_freertos.o
    0x0800ca4d   0x0800ca4d   0x00000005   Data   RO         2218    .rodata.str1.1      tasks.o
    0x0800ca52   0x0800ca52   0x0000000d   Data   RO         2293    .rodata.str1.1      timers.o
    0x0800ca5f   0x0800ca5f   0x00000001   PAD
    0x0800ca60   0x0800ca60   0x00000004   Data   RO         2203    .rodata.uxTopUsedPriority  tasks.o
    0x0800ca64   0x0800ca64   0x00000020   Data   RO         2767    Region$$Table       anon$$obj.o


    Execution Region RW_IRAM1 (Exec base: 0x20000000, Load base: 0x0800ca88, Size: 0x00001af0, Max: 0x000c0000, ABSOLUTE)

    Exec Addr    Load Addr    Size         Type   Attr      Idx    E Section Name        Object

    0x20000000   0x0800ca88   0x00000004   Data   RW         1848    .data.SystemCoreClock  system_stm32u5xx.o
    0x20000004   0x0800ca8c   0x00000004   Data   RW         2333    .data.ulCriticalNesting  port.o
    0x20000008   0x0800ca90   0x00000001   Data   RW         1055    .data.uwTickFreq    stm32u5xx_hal.o
    0x20000009   0x0800ca91   0x00000003   PAD
    0x2000000c   0x0800ca94   0x00000004   Data   RW         1054    .data.uwTickPrio    stm32u5xx_hal.o
    0x20000010        -       0x00000060   Zero   RW         2634    .bss                c_w.l(libspace.o)
    0x20000070        -       0x00000004   Zero   RW         2536    .bss.KernelState    cmsis_os2.o
    0x20000074        -       0x00000200   Zero   RW           43    .bss.MyBufferTask00  app_freertos.o
    0x20000274        -       0x00000200   Zero   RW           46    .bss.MyBuffer_refree_task  app_freertos.o
    0x20000474        -       0x0000005c   Zero   RW           42    .bss.MycontrolBlocTask00  app_freertos.o
    0x200004d0        -       0x0000005c   Zero   RW           45    .bss.MycontrolBloc_refree_task  app_freertos.o
    0x2000052c        -       0x00000004   Zero   RW           48    .bss.defaultTaskHandle  app_freertos.o
    0x20000530        -       0x0000008c   Zero   RW           63    .bss.hadc1          adc.o
    0x200005bc        -       0x0000004c   Zero   RW           97    .bss.htim1          tim.o
    0x20000608        -       0x0000004c   Zero   RW          100    .bss.htim15         tim.o
    0x20000654        -       0x0000004c   Zero   RW          101    .bss.htim16         tim.o
    0x200006a0        -       0x0000004c   Zero   RW          102    .bss.htim17         tim.o
    0x200006ec        -       0x0000004c   Zero   RW           98    .bss.htim6          tim.o
    0x20000738        -       0x0000004c   Zero   RW          171    .bss.htim7          stm32u5xx_hal_timebase_tim.o
    0x20000784        -       0x0000004c   Zero   RW           99    .bss.htim8          tim.o
    0x200007d0        -       0x00000094   Zero   RW          121    .bss.huart1         usart.o
    0x20000864        -       0x00000094   Zero   RW          122    .bss.huart2         usart.o
    0x200008f8        -       0x00000094   Zero   RW          120    .bss.huart5         usart.o
    0x2000098c        -       0x00000008   Zero   RW         1859    .bss.m42_x          mydriver.o
    0x20000994        -       0x00000008   Zero   RW         1860    .bss.m42_y          mydriver.o
    0x2000099c        -       0x000000a0   Zero   RW         2301    .bss.prvCheckForValidListAndQueue.ucStaticTimerQueueStorage  timers.o
    0x20000a3c        -       0x00000050   Zero   RW         2300    .bss.prvCheckForValidListAndQueue.xStaticTimerQueue  timers.o
    0x20000a8c        -       0x00000004   Zero   RW         2297    .bss.prvSampleTimeNow.xLastTime  timers.o
    0x20000a90        -       0x00000004   Zero   RW         2202    .bss.pxCurrentTCB   tasks.o
    0x20000a94        -       0x00000004   Zero   RW         2295    .bss.pxCurrentTimerList  timers.o
    0x20000a98        -       0x00000004   Zero   RW         2211    .bss.pxDelayedTaskList  tasks.o
    0x20000a9c        -       0x00000004   Zero   RW         2565    .bss.pxEnd          heap_5.o
    0x20000aa0        -       0x00000004   Zero   RW         2212    .bss.pxOverflowDelayedTaskList  tasks.o
    0x20000aa4        -       0x00000004   Zero   RW         2296    .bss.pxOverflowTimerList  timers.o
    0x20000aa8        -       0x00000460   Zero   RW         2215    .bss.pxReadyTasksLists  tasks.o
    0x20000f08        -       0x00000004   Zero   RW           49    .bss.refreeSystemTaskHandle  app_freertos.o
    0x20000f0c        -       0x00000001   Zero   RW         2334    .bss.ucMaxSysCallPriority  port.o
    0x20000f0d   0x0800ca98   0x00000003   PAD
    0x20000f10        -       0x00000004   Zero   RW         2335    .bss.ulMaxPRIGROUPValue  port.o
    0x20000f14        -       0x00000004   Zero   RW         1056    .bss.uwTick         stm32u5xx_hal.o
    0x20000f18        -       0x00000004   Zero   RW         2207    .bss.uxCurrentNumberOfTasks  tasks.o
    0x20000f1c        -       0x00000004   Zero   RW         2206    .bss.uxDeletedTasksWaitingCleanUp  tasks.o
    0x20000f20        -       0x00000004   Zero   RW         2209    .bss.uxSchedulerSuspended  tasks.o
    0x20000f24        -       0x00000004   Zero   RW         2204    .bss.uxTaskNumber   tasks.o
    0x20000f28        -       0x00000004   Zero   RW         2216    .bss.uxTopReadyPriority  tasks.o
    0x20000f2c        -       0x00000200   Zero   RW         2539    .bss.vApplicationGetIdleTaskMemory.Idle_Stack  cmsis_os2.o
    0x2000112c        -       0x0000005c   Zero   RW         2538    .bss.vApplicationGetIdleTaskMemory.Idle_TCB  cmsis_os2.o
    0x20001188        -       0x00000200   Zero   RW         2541    .bss.vApplicationGetTimerTaskMemory.Timer_Stack  cmsis_os2.o
    0x20001388        -       0x0000005c   Zero   RW         2540    .bss.vApplicationGetTimerTaskMemory.Timer_TCB  cmsis_os2.o
    0x200013e4        -       0x00000014   Zero   RW         2298    .bss.xActiveTimerList1  timers.o
    0x200013f8        -       0x00000014   Zero   RW         2299    .bss.xActiveTimerList2  timers.o
    0x2000140c        -       0x00000014   Zero   RW         2223    .bss.xDelayedTaskList1  tasks.o
    0x20001420        -       0x00000014   Zero   RW         2224    .bss.xDelayedTaskList2  tasks.o
    0x20001434        -       0x00000004   Zero   RW         2566    .bss.xFreeBytesRemaining  heap_5.o
    0x20001438        -       0x00000004   Zero   RW         2219    .bss.xIdleTaskHandle  tasks.o
    0x2000143c        -       0x00000004   Zero   RW         2568    .bss.xMinimumEverFreeBytesRemaining  heap_5.o
    0x20001440        -       0x00000004   Zero   RW         2220    .bss.xNextTaskUnblockTime  tasks.o
    0x20001444        -       0x00000004   Zero   RW         2222    .bss.xNumOfOverflows  tasks.o
    0x20001448        -       0x00000004   Zero   RW         2569    .bss.xNumberOfSuccessfulAllocations  heap_5.o
    0x2000144c        -       0x00000004   Zero   RW         2570    .bss.xNumberOfSuccessfulFrees  heap_5.o
    0x20001450        -       0x00000004   Zero   RW         2221    .bss.xPendedTicks   tasks.o
    0x20001454        -       0x00000014   Zero   RW         2213    .bss.xPendingReadyList  tasks.o
    0x20001468        -       0x00000040   Zero   RW         2009    .bss.xQueueRegistry  queue.o
    0x200014a8        -       0x00000004   Zero   RW         2208    .bss.xSchedulerRunning  tasks.o
    0x200014ac        -       0x00000008   Zero   RW         2567    .bss.xStart         heap_5.o
    0x200014b4        -       0x00000014   Zero   RW         2214    .bss.xSuspendedTaskList  tasks.o
    0x200014c8        -       0x00000014   Zero   RW         2205    .bss.xTasksWaitingTermination  tasks.o
    0x200014dc        -       0x00000004   Zero   RW         2210    .bss.xTickCount     tasks.o
    0x200014e0        -       0x00000004   Zero   RW         2292    .bss.xTimerQueue    timers.o
    0x200014e4        -       0x00000004   Zero   RW         2294    .bss.xTimerTaskHandle  timers.o
    0x200014e8        -       0x00000004   Zero   RW         2217    .bss.xYieldPending  tasks.o
    0x200014ec   0x0800ca98   0x00000004   PAD
    0x200014f0        -       0x00000200   Zero   RW            2    HEAP                startup_stm32u575xx.o
    0x200016f0        -       0x00000400   Zero   RW            1    STACK               startup_stm32u575xx.o


==============================================================================

Image component sizes


      Code (inc. data)   RO Data    RW Data    ZI Data      Debug   Object Name

       256          0          0          0        140       8988   adc.o
       106          0        101          0       1216       3778   app_freertos.o
       838          0          0          0       1212      34330   cmsis_os2.o
       262          0          0          0          0       2989   gpio.o
       784          0          0          0         28       4652   heap_5.o
        18          0          0          0          0        537   icache.o
       238          0          0          0          0       2216   list.o
       358          0          0          0          0       6211   main.o
         0          0          0          0         16        506   mydriver.o
       840          0          0          4          5       3338   port.o
       244         16          0          0          0       1360   portasm.o
      1396          0          0          0         64      15715   queue.o
        68         28        568          0       1536        924   startup_stm32u575xx.o
       148          0          0          5          4      11823   stm32u5xx_hal.o
      1906          0          0          0          0      26658   stm32u5xx_hal_adc.o
       534          6          0          0          0      13323   stm32u5xx_hal_cortex.o
       362          0          0          0          0       9201   stm32u5xx_hal_dma.o
      1132          0        128          0          0       6343   stm32u5xx_hal_gpio.o
        20          0          0          0          0       4331   stm32u5xx_hal_icache.o
        54          0          0          0          0       4888   stm32u5xx_hal_msp.o
       384          0          0          0          0      11995   stm32u5xx_hal_pwr_ex.o
      6818         12          0          0          0      14996   stm32u5xx_hal_rcc.o
     11302         74          0          0          0      23153   stm32u5xx_hal_rcc_ex.o
      7710         22          0          0          0      39597   stm32u5xx_hal_tim.o
       888          0          0          0          0      23877   stm32u5xx_hal_tim_ex.o
       212          0          0          0         76       9660   stm32u5xx_hal_timebase_tim.o
      3536          0         24          0          0      26577   stm32u5xx_hal_uart.o
       558          0         16          0          0      10136   stm32u5xx_hal_uart_ex.o
       448          0          0          0          0       1959   stm32u5xx_it.o
       118          0         88          4          0       4183   system_stm32u5xx.o
      4170          0          9          0       1280      23396   tasks.o
      1710          0          0          0        456      12901   tim.o
      1300         10         13          0        300      11001   timers.o
       988          0          0          0        444      11984   usart.o

    ----------------------------------------------------------------------
     49914        180        980         16       6784     387526   Object Totals
         0          0         32          0          0          0   (incl. Generated)
       208         12          1          3          7          0   (incl. Padding)

    ----------------------------------------------------------------------

      Code (inc. data)   RO Data    RW Data    ZI Data      Debug   Library Member Name

         8          0          0          0          0         68   __main.o
         0          0          0          0          0          0   __rtentry.o
        12          0          0          0          0          0   __rtentry2.o
         6          0          0          0          0          0   __rtentry4.o
        52          8          0          0          0          0   __scatter.o
        26          0          0          0          0          0   __scatter_copy.o
        28          0          0          0          0          0   __scatter_zi.o
        16          0          0          0          0         68   aeabi_memset4.o
        18          0          0          0          0         80   exit.o
         6          0          0          0          0        152   heapauxi.o
         0          0          0          0          0          0   indicate_semi.o
         2          0          0          0          0          0   libinit.o
         6          0          0          0          0          0   libinit2.o
         2          0          0          0          0          0   libshutdown.o
         2          0          0          0          0          0   libshutdown2.o
         8          4          0          0         96         68   libspace.o
       240          0          0          0          0        100   lludivv7m.o
        68          0          0          0          0         68   rt_memclr.o
        78          0          0          0          0         80   rt_memclr_w.o
       138          0          0          0          0         68   rt_memcpy_v6.o
       100          0          0          0          0         80   rt_memcpy_w.o
         2          0          0          0          0          0   rtexit.o
        10          0          0          0          0          0   rtexit2.o
        12          4          0          0          0         68   sys_exit.o
        74          0          0          0          0         80   sys_stackheap_outer.o
         2          0          0          0          0         68   use_no_semi.o
        26          0          0          0          0        116   fpinit.o

    ----------------------------------------------------------------------
       950         16          0          0         96       1164   Library Totals
         8          0          0          0          0          0   (incl. Padding)

    ----------------------------------------------------------------------

      Code (inc. data)   RO Data    RW Data    ZI Data      Debug   Library Name

       916         16          0          0         96       1048   c_w.l
        26          0          0          0          0        116   fz_wm.l

    ----------------------------------------------------------------------
       950         16          0          0         96       1164   Library Totals

    ----------------------------------------------------------------------

==============================================================================


      Code (inc. data)   RO Data    RW Data    ZI Data      Debug   

     50864        196        980         16       6880     387726   Grand Totals
     50864        196        980         16       6880     387726   ELF Image Totals
     50864        196        980         16          0          0   ROM Totals

==============================================================================

    Total RO  Size (Code + RO Data)                51844 (  50.63kB)
    Total RW  Size (RW Data + ZI Data)              6896 (   6.73kB)
    Total ROM Size (Code + RO Data + RW Data)      51860 (  50.64kB)

==============================================================================

