<html>
<body>
<pre>
<h1>µVision Build Log</h1>
<h2>Tool Versions:</h2>
IDE-Version: ¦ÌVision V5.43.1.0
Copyright (C) 2025 ARM Ltd and ARM Germany GmbH. All rights reserved.
License Information: 1 lenovo, 1, LIC=D0D7S-LPI02-PC2J8-3RB4I-QA6NL-KQDC6
 
Tool Versions:
Toolchain:       MDK-ARM Plus  Version: 5.43.0.0
Toolchain Path:  E:\keil_v5.43\ARM\ARMCLANG\Bin
C Compiler:      ArmClang.exe V6.24
Assembler:       Armasm.exe V6.24
Linker/Locator:  ArmLink.exe V6.24
Library Manager: ArmAr.exe V6.24
Hex Converter:   FromElf.exe V6.24
CPU DLL:         
Dialog DLL:      
Target DLL:      STLink\ST-LINKIII-KEIL_SWO.dll V3.3.1.0
Dialog DLL:      TCM.DLL V1.56.6.0
 
<h2>Project:</h2>
E:\Warehouse\EIC\ESC_STM32\MDK-ARM\ESC_STM32.uvprojx
Project File Date:  06/14/2026

<h2>Output:</h2>
*** Using Compiler 'V6.24', folder: 'E:\keil_v5.43\ARM\ARMCLANG\Bin'
Build target 'ESC_STM32'
compiling stm32u5xx_hal_i2c.c...
compiling stm32u5xx_it.c...
compiling dcmi.c...
compiling stm32u5xx_hal_msp.c...
compiling stm32u5xx_hal_dcmi.c...
compiling main.c...
compiling stm32u5xx_hal.c...
compiling usart.c...
compiling stm32u5xx_hal_cortex.c...
compiling gpio.c...
compiling stm32u5xx_hal_dma.c...
assembling startup_stm32u575xx.s...
compiling stm32u5xx_hal_dma_ex.c...
compiling stm32u5xx_hal_i2c_ex.c...
compiling stm32u5xx_hal_flash.c...
compiling stm32u5xx_hal_rcc.c...
compiling stm32u5xx_hal_gpio.c...
compiling stm32u5xx_hal_icache.c...
compiling stm32u5xx_hal_pwr.c...
compiling stm32u5xx_hal_exti.c...
compiling stm32u5xx_hal_gtzc.c...
compiling stm32u5xx_hal_flash_ex.c...
compiling stm32u5xx_hal_rcc_ex.c...
compiling stm32u5xx_hal_pwr_ex.c...
compiling stm32u5xx_hal_uart_ex.c...
compiling system_stm32u5xx.c...
compiling stm32u5xx_hal_uart.c...
linking...
Program Size: Code=25862 RO-data=858 RW-data=12 ZI-data=1868  
FromELF: creating hex file...
"ESC_STM32\ESC_STM32.axf" - 0 Error(s), 0 Warning(s).

<h2>Software Packages used:</h2>

Package Vendor: ARM
                https://www.keil.com/pack/ARM.CMSIS.6.3.0.pack
                ARM::CMSIS@6.3.0
                CMSIS (Common Microcontroller Software Interface Standard)
   * Component: CORE Version: 6.2.0

Package Vendor: Keil
                https://www.keil.com/pack/Keil.STM32U5xx_DFP.3.2.0.pack
                Keil::STM32U5xx_DFP@3.2.0
                STMicroelectronics STM32U5 Series Device Support

<h2>Collection of Component include folders:</h2>
  ./RTE/_ESC_STM32
  E:/keil_v5.43/ARM/CMSIS/6.3.0/CMSIS/Core/Include

<h2>Collection of Component Files used:</h2>

   * Component: ARM::CMSIS:CORE@6.2.0
      Include file:  CMSIS/Core/Include/tz_context.h
Build Time Elapsed:  00:00:02
</pre>
</body>
</html>
