Component: Arm Compiler for Embedded 6.24 Tool: armlink [5f371500]

==============================================================================

Section Cross References

    startup_stm32u575xx.o(STACK) refers (Special) to heapauxi.o(.text) for __use_two_region_memory
    startup_stm32u575xx.o(HEAP) refers (Special) to heapauxi.o(.text) for __use_two_region_memory
    startup_stm32u575xx.o(RESET) refers (Special) to heapauxi.o(.text) for __use_two_region_memory
    startup_stm32u575xx.o(RESET) refers to startup_stm32u575xx.o(STACK) for __initial_sp
    startup_stm32u575xx.o(RESET) refers to startup_stm32u575xx.o(.text) for Reset_Handler
    startup_stm32u575xx.o(RESET) refers to stm32u5xx_it.o(.text.NMI_Handler) for NMI_Handler
    startup_stm32u575xx.o(RESET) refers to stm32u5xx_it.o(.text.HardFault_Handler) for HardFault_Handler
    startup_stm32u575xx.o(RESET) refers to stm32u5xx_it.o(.text.MemManage_Handler) for MemManage_Handler
    startup_stm32u575xx.o(RESET) refers to stm32u5xx_it.o(.text.BusFault_Handler) for BusFault_Handler
    startup_stm32u575xx.o(RESET) refers to stm32u5xx_it.o(.text.UsageFault_Handler) for UsageFault_Handler
    startup_stm32u575xx.o(RESET) refers to stm32u5xx_it.o(.text.SVC_Handler) for SVC_Handler
    startup_stm32u575xx.o(RESET) refers to stm32u5xx_it.o(.text.DebugMon_Handler) for DebugMon_Handler
    startup_stm32u575xx.o(RESET) refers to stm32u5xx_it.o(.text.PendSV_Handler) for PendSV_Handler
    startup_stm32u575xx.o(RESET) refers to stm32u5xx_it.o(.text.SysTick_Handler) for SysTick_Handler
    startup_stm32u575xx.o(.text) refers (Special) to heapauxi.o(.text) for __use_two_region_memory
    startup_stm32u575xx.o(.text) refers to system_stm32u5xx.o(.text.SystemInit) for SystemInit
    startup_stm32u575xx.o(.text) refers to __main.o(!!!main) for __main
    startup_stm32u575xx.o(.text) refers to startup_stm32u575xx.o(HEAP) for Heap_Mem
    startup_stm32u575xx.o(.text) refers to startup_stm32u575xx.o(STACK) for Stack_Mem
    main.o(.text.main) refers to stm32u5xx_hal.o(.text.HAL_Init) for HAL_Init
    main.o(.text.main) refers to main.o(.text.SystemClock_Config) for SystemClock_Config
    main.o(.text.main) refers to gpio.o(.text.MX_GPIO_Init) for MX_GPIO_Init
    main.o(.text.main) refers to dcmi.o(.text.MX_DCMI_Init) for MX_DCMI_Init
    main.o(.text.main) refers to usart.o(.text.MX_UART5_Init) for MX_UART5_Init
    main.o(.text.main) refers to stm32u5xx_hal_gpio.o(.text.HAL_GPIO_WritePin) for HAL_GPIO_WritePin
    main.o(.text.main) refers to stm32u5xx_hal_gpio.o(.text.HAL_GPIO_TogglePin) for HAL_GPIO_TogglePin
    main.o(.text.main) refers to stm32u5xx_hal.o(.text.HAL_Delay) for HAL_Delay
    main.o(.ARM.exidx.text.main) refers to main.o(.text.main) for [Anonymous Symbol]
    main.o(.text.SystemClock_Config) refers to rt_memclr_w.o(.text) for __aeabi_memclr4
    main.o(.text.SystemClock_Config) refers to stm32u5xx_hal_pwr_ex.o(.text.HAL_PWREx_ControlVoltageScaling) for HAL_PWREx_ControlVoltageScaling
    main.o(.text.SystemClock_Config) refers to main.o(.text.Error_Handler) for Error_Handler
    main.o(.text.SystemClock_Config) refers to stm32u5xx_hal_rcc.o(.text.HAL_RCC_OscConfig) for HAL_RCC_OscConfig
    main.o(.text.SystemClock_Config) refers to stm32u5xx_hal_rcc.o(.text.HAL_RCC_ClockConfig) for HAL_RCC_ClockConfig
    main.o(.ARM.exidx.text.SystemClock_Config) refers to main.o(.text.SystemClock_Config) for [Anonymous Symbol]
    main.o(.ARM.exidx.text.Error_Handler) refers to main.o(.text.Error_Handler) for [Anonymous Symbol]
    gpio.o(.text.MX_GPIO_Init) refers to stm32u5xx_hal_gpio.o(.text.HAL_GPIO_WritePin) for HAL_GPIO_WritePin
    gpio.o(.text.MX_GPIO_Init) refers to stm32u5xx_hal_gpio.o(.text.HAL_GPIO_Init) for HAL_GPIO_Init
    gpio.o(.ARM.exidx.text.MX_GPIO_Init) refers to gpio.o(.text.MX_GPIO_Init) for [Anonymous Symbol]
    dcmi.o(.text.MX_DCMI_Init) refers to dcmi.o(.bss.hdcmi) for hdcmi
    dcmi.o(.text.MX_DCMI_Init) refers to stm32u5xx_hal_dcmi.o(.text.HAL_DCMI_Init) for HAL_DCMI_Init
    dcmi.o(.text.MX_DCMI_Init) refers to main.o(.text.Error_Handler) for Error_Handler
    dcmi.o(.ARM.exidx.text.MX_DCMI_Init) refers to dcmi.o(.text.MX_DCMI_Init) for [Anonymous Symbol]
    dcmi.o(.text.HAL_DCMI_MspInit) refers to stm32u5xx_hal_gpio.o(.text.HAL_GPIO_Init) for HAL_GPIO_Init
    dcmi.o(.ARM.exidx.text.HAL_DCMI_MspInit) refers to dcmi.o(.text.HAL_DCMI_MspInit) for [Anonymous Symbol]
    dcmi.o(.text.HAL_DCMI_MspDeInit) refers to stm32u5xx_hal_gpio.o(.text.HAL_GPIO_DeInit) for HAL_GPIO_DeInit
    dcmi.o(.ARM.exidx.text.HAL_DCMI_MspDeInit) refers to dcmi.o(.text.HAL_DCMI_MspDeInit) for [Anonymous Symbol]
    usart.o(.text.MX_UART5_Init) refers to usart.o(.bss.huart5) for huart5
    usart.o(.text.MX_UART5_Init) refers to stm32u5xx_hal_uart.o(.text.HAL_UART_Init) for HAL_UART_Init
    usart.o(.text.MX_UART5_Init) refers to main.o(.text.Error_Handler) for Error_Handler
[...]
    Removing stm32u5xx_hal_uart.o(.ARM.exidx.text.UART_TxISR_16BIT_FIFOEN), (8 bytes).
    Removing stm32u5xx_hal_uart.o(.text.UART_TxISR_8BIT_FIFOEN), (196 bytes).
    Removing stm32u5xx_hal_uart.o(.ARM.exidx.text.UART_TxISR_8BIT_FIFOEN), (8 bytes).
    Removing stm32u5xx_hal_uart.o(.text.UART_TxISR_16BIT), (152 bytes).
    Removing stm32u5xx_hal_uart.o(.ARM.exidx.text.UART_TxISR_16BIT), (8 bytes).
    Removing stm32u5xx_hal_uart.o(.text.UART_TxISR_8BIT), (142 bytes).
    Removing stm32u5xx_hal_uart.o(.ARM.exidx.text.UART_TxISR_8BIT), (8 bytes).
    Removing stm32u5xx_hal_uart.o(.text.HAL_UART_Receive_IT), (206 bytes).
    Removing stm32u5xx_hal_uart.o(.ARM.exidx.text.HAL_UART_Receive_IT), (8 bytes).
    Removing stm32u5xx_hal_uart.o(.text.UART_Start_Receive_IT), (546 bytes).
    Removing stm32u5xx_hal_uart.o(.ARM.exidx.text.UART_Start_Receive_IT), (8 bytes).
    Removing stm32u5xx_hal_uart.o(.text.HAL_UART_Transmit_DMA), (420 bytes).
    Removing stm32u5xx_hal_uart.o(.ARM.exidx.text.HAL_UART_Transmit_DMA), (8 bytes).
    Removing stm32u5xx_hal_uart.o(.text.UART_DMATransmitCplt), (82 bytes).
    Removing stm32u5xx_hal_uart.o(.ARM.exidx.text.UART_DMATransmitCplt), (8 bytes).
    Removing stm32u5xx_hal_uart.o(.text.UART_DMATxHalfCplt), (22 bytes).
    Removing stm32u5xx_hal_uart.o(.ARM.exidx.text.UART_DMATxHalfCplt), (8 bytes).
    Removing stm32u5xx_hal_uart.o(.text.UART_DMAError), (128 bytes).
    Removing stm32u5xx_hal_uart.o(.ARM.exidx.text.UART_DMAError), (8 bytes).
    Removing stm32u5xx_hal_uart.o(.text.HAL_UART_Receive_DMA), (178 bytes).
    Removing stm32u5xx_hal_uart.o(.ARM.exidx.text.HAL_UART_Receive_DMA), (8 bytes).
    Removing stm32u5xx_hal_uart.o(.text.UART_Start_Receive_DMA), (472 bytes).
    Removing stm32u5xx_hal_uart.o(.ARM.exidx.text.UART_Start_Receive_DMA), (8 bytes).
    Removing stm32u5xx_hal_uart.o(.text.HAL_UART_DMAPause), (296 bytes).
    Removing stm32u5xx_hal_uart.o(.ARM.exidx.text.HAL_UART_DMAPause), (8 bytes).
    Removing stm32u5xx_hal_uart.o(.text.HAL_UART_DMAResume), (224 bytes).
    Removing stm32u5xx_hal_uart.o(.ARM.exidx.text.HAL_UART_DMAResume), (8 bytes).
    Removing stm32u5xx_hal_uart.o(.text.HAL_UART_DMAStop), (288 bytes).
    Removing stm32u5xx_hal_uart.o(.ARM.exidx.text.HAL_UART_DMAStop), (8 bytes).
    Removing stm32u5xx_hal_uart.o(.text.UART_EndTxTransfer), (92 bytes).
    Removing stm32u5xx_hal_uart.o(.ARM.exidx.text.UART_EndTxTransfer), (8 bytes).
    Removing stm32u5xx_hal_uart.o(.ARM.exidx.text.UART_EndRxTransfer), (8 bytes).
    Removing stm32u5xx_hal_uart.o(.text.HAL_UART_Abort), (402 bytes).
    Removing stm32u5xx_hal_uart.o(.ARM.exidx.text.HAL_UART_Abort), (8 bytes).
    Removing stm32u5xx_hal_uart.o(.text.HAL_UART_AbortTransmit), (218 bytes).
    Removing stm32u5xx_hal_uart.o(.ARM.exidx.text.HAL_UART_AbortTransmit), (8 bytes).
    Removing stm32u5xx_hal_uart.o(.text.HAL_UART_AbortReceive), (278 bytes).
    Removing stm32u5xx_hal_uart.o(.ARM.exidx.text.HAL_UART_AbortReceive), (8 bytes).
    Removing stm32u5xx_hal_uart.o(.text.HAL_UART_Abort_IT), (482 bytes).
    Removing stm32u5xx_hal_uart.o(.ARM.exidx.text.HAL_UART_Abort_IT), (8 bytes).
    Removing stm32u5xx_hal_uart.o(.text.UART_DMATxAbortCallback), (132 bytes).
    Removing stm32u5xx_hal_uart.o(.ARM.exidx.text.UART_DMATxAbortCallback), (8 bytes).
    Removing stm32u5xx_hal_uart.o(.text.UART_DMARxAbortCallback), (114 bytes).
    Removing stm32u5xx_hal_uart.o(.ARM.exidx.text.UART_DMARxAbortCallback), (8 bytes).
    Removing stm32u5xx_hal_uart.o(.text.HAL_UART_AbortCpltCallback), (8 bytes).
    Removing stm32u5xx_hal_uart.o(.ARM.exidx.text.HAL_UART_AbortCpltCallback), (8 bytes).
    Removing stm32u5xx_hal_uart.o(.text.HAL_UART_AbortTransmit_IT), (232 bytes).
    Removing stm32u5xx_hal_uart.o(.ARM.exidx.text.HAL_UART_AbortTransmit_IT), (8 bytes).
    Removing stm32u5xx_hal_uart.o(.text.UART_DMATxOnlyAbortCallback), (64 bytes).
    Removing stm32u5xx_hal_uart.o(.ARM.exidx.text.UART_DMATxOnlyAbortCallback), (8 bytes).
    Removing stm32u5xx_hal_uart.o(.text.HAL_UART_AbortTransmitCpltCallback), (8 bytes).
    Removing stm32u5xx_hal_uart.o(.ARM.exidx.text.HAL_UART_AbortTransmitCpltCallback), (8 bytes).
    Removing stm32u5xx_hal_uart.o(.text.HAL_UART_AbortReceive_IT), (306 bytes).
    Removing stm32u5xx_hal_uart.o(.ARM.exidx.text.HAL_UART_AbortReceive_IT), (8 bytes).
    Removing stm32u5xx_hal_uart.o(.text.UART_DMARxOnlyAbortCallback), (62 bytes).
    Removing stm32u5xx_hal_uart.o(.ARM.exidx.text.UART_DMARxOnlyAbortCallback), (8 bytes).
    Removing stm32u5xx_hal_uart.o(.text.HAL_UART_AbortReceiveCpltCallback), (8 bytes).
    Removing stm32u5xx_hal_uart.o(.ARM.exidx.text.HAL_UART_AbortReceiveCpltCallback), (8 bytes).
    Removing stm32u5xx_hal_uart.o(.text.HAL_UART_IRQHandler), (1304 bytes).
    Removing stm32u5xx_hal_uart.o(.ARM.exidx.text.HAL_UART_IRQHandler), (8 bytes).
    Removing stm32u5xx_hal_uart.o(.text.UART_DMAAbortOnError), (30 bytes).
    Removing stm32u5xx_hal_uart.o(.ARM.exidx.text.UART_DMAAbortOnError), (8 bytes).
    Removing stm32u5xx_hal_uart.o(.text.HAL_UART_ErrorCallback), (8 bytes).
    Removing stm32u5xx_hal_uart.o(.ARM.exidx.text.HAL_UART_ErrorCallback), (8 bytes).
    Removing stm32u5xx_hal_uart.o(.text.HAL_UARTEx_RxEventCallback), (12 bytes).
    Removing stm32u5xx_hal_uart.o(.ARM.exidx.text.HAL_UARTEx_RxEventCallback), (8 bytes).
    Removing stm32u5xx_hal_uart.o(.text.UART_EndTransmit_IT), (68 bytes).
    Removing stm32u5xx_hal_uart.o(.ARM.exidx.text.UART_EndTransmit_IT), (8 bytes).
    Removing stm32u5xx_hal_uart.o(.text.HAL_UART_TxCpltCallback), (8 bytes).
    Removing stm32u5xx_hal_uart.o(.ARM.exidx.text.HAL_UART_TxCpltCallback), (8 bytes).
    Removing stm32u5xx_hal_uart.o(.text.HAL_UART_TxHalfCpltCallback), (8 bytes).
    Removing stm32u5xx_hal_uart.o(.ARM.exidx.text.HAL_UART_TxHalfCpltCallback), (8 bytes).
    Removing stm32u5xx_hal_uart.o(.text.HAL_UART_RxCpltCallback), (8 bytes).
    Removing stm32u5xx_hal_uart.o(.ARM.exidx.text.HAL_UART_RxCpltCallback), (8 bytes).
    Removing stm32u5xx_hal_uart.o(.text.HAL_UART_RxHalfCpltCallback), (8 bytes).
    Removing stm32u5xx_hal_uart.o(.ARM.exidx.text.HAL_UART_RxHalfCpltCallback), (8 bytes).
    Removing stm32u5xx_hal_uart.o(.text.HAL_UART_ReceiverTimeout_Config), (68 bytes).
    Removing stm32u5xx_hal_uart.o(.ARM.exidx.text.HAL_UART_ReceiverTimeout_Config), (8 bytes).
    Removing stm32u5xx_hal_uart.o(.text.HAL_UART_EnableReceiverTimeout), (158 bytes).
    Removing stm32u5xx_hal_uart.o(.ARM.exidx.text.HAL_UART_EnableReceiverTimeout), (8 bytes).
    Removing stm32u5xx_hal_uart.o(.text.HAL_UART_DisableReceiverTimeout), (158 bytes).
    Removing stm32u5xx_hal_uart.o(.ARM.exidx.text.HAL_UART_DisableReceiverTimeout), (8 bytes).
    Removing stm32u5xx_hal_uart.o(.text.HAL_MultiProcessor_EnableMuteMode), (114 bytes).
    Removing stm32u5xx_hal_uart.o(.ARM.exidx.text.HAL_MultiProcessor_EnableMuteMode), (8 bytes).
    Removing stm32u5xx_hal_uart.o(.text.HAL_MultiProcessor_DisableMuteMode), (114 bytes).
    Removing stm32u5xx_hal_uart.o(.ARM.exidx.text.HAL_MultiProcessor_DisableMuteMode), (8 bytes).
    Removing stm32u5xx_hal_uart.o(.text.HAL_MultiProcessor_EnterMuteMode), (20 bytes).
    Removing stm32u5xx_hal_uart.o(.ARM.exidx.text.HAL_MultiProcessor_EnterMuteMode), (8 bytes).
    Removing stm32u5xx_hal_uart.o(.text.HAL_HalfDuplex_EnableTransmitter), (158 bytes).
    Removing stm32u5xx_hal_uart.o(.ARM.exidx.text.HAL_HalfDuplex_EnableTransmitter), (8 bytes).
    Removing stm32u5xx_hal_uart.o(.text.HAL_HalfDuplex_EnableReceiver), (158 bytes).
    Removing stm32u5xx_hal_uart.o(.ARM.exidx.text.HAL_HalfDuplex_EnableReceiver), (8 bytes).
    Removing stm32u5xx_hal_uart.o(.text.HAL_LIN_SendBreak), (94 bytes).
    Removing stm32u5xx_hal_uart.o(.ARM.exidx.text.HAL_LIN_SendBreak), (8 bytes).
    Removing stm32u5xx_hal_uart.o(.text.HAL_UART_GetState), (30 bytes).
    Removing stm32u5xx_hal_uart.o(.ARM.exidx.text.HAL_UART_GetState), (8 bytes).
    Removing stm32u5xx_hal_uart.o(.text.HAL_UART_GetError), (14 bytes).
    Removing stm32u5xx_hal_uart.o(.ARM.exidx.text.HAL_UART_GetError), (8 bytes).
    Removing stm32u5xx_hal_uart.o(.text.UART_RxISR_16BIT_FIFOEN), (794 bytes).
    Removing stm32u5xx_hal_uart.o(.ARM.exidx.text.UART_RxISR_16BIT_FIFOEN), (8 bytes).
    Removing stm32u5xx_hal_uart.o(.text.UART_RxISR_8BIT_FIFOEN), (790 bytes).
    Removing stm32u5xx_hal_uart.o(.ARM.exidx.text.UART_RxISR_8BIT_FIFOEN), (8 bytes).
    Removing stm32u5xx_hal_uart.o(.text.UART_RxISR_16BIT), (406 bytes).
    Removing stm32u5xx_hal_uart.o(.ARM.exidx.text.UART_RxISR_16BIT), (8 bytes).
    Removing stm32u5xx_hal_uart.o(.text.UART_RxISR_8BIT), (402 bytes).
    Removing stm32u5xx_hal_uart.o(.ARM.exidx.text.UART_RxISR_8BIT), (8 bytes).
    Removing stm32u5xx_hal_uart.o(.text.UART_DMAReceiveCplt), (260 bytes).
    Removing stm32u5xx_hal_uart.o(.ARM.exidx.text.UART_DMAReceiveCplt), (8 bytes).
    Removing stm32u5xx_hal_uart.o(.text.UART_DMARxHalfCplt), (110 bytes).
    Removing stm32u5xx_hal_uart.o(.ARM.exidx.text.UART_DMARxHalfCplt), (8 bytes).
    Removing stm32u5xx_hal_uart_ex.o(.text), (0 bytes).
    Removing stm32u5xx_hal_uart_ex.o(.text.HAL_RS485Ex_Init), (208 bytes).
    Removing stm32u5xx_hal_uart_ex.o(.ARM.exidx.text.HAL_RS485Ex_Init), (8 bytes).
    Removing stm32u5xx_hal_uart_ex.o(.text.HAL_UARTEx_RxFifoFullCallback), (8 bytes).
    Removing stm32u5xx_hal_uart_ex.o(.ARM.exidx.text.HAL_UARTEx_RxFifoFullCallback), (8 bytes).
    Removing stm32u5xx_hal_uart_ex.o(.text.HAL_UARTEx_TxFifoEmptyCallback), (8 bytes).
    Removing stm32u5xx_hal_uart_ex.o(.ARM.exidx.text.HAL_UARTEx_TxFifoEmptyCallback), (8 bytes).
    Removing stm32u5xx_hal_uart_ex.o(.text.HAL_MultiProcessorEx_AddressLength_Set), (94 bytes).
    Removing stm32u5xx_hal_uart_ex.o(.ARM.exidx.text.HAL_MultiProcessorEx_AddressLength_Set), (8 bytes).
    Removing stm32u5xx_hal_uart_ex.o(.text.HAL_UARTEx_StopModeWakeUpSourceConfig), (180 bytes).
    Removing stm32u5xx_hal_uart_ex.o(.ARM.exidx.text.HAL_UARTEx_StopModeWakeUpSourceConfig), (8 bytes).
    Removing stm32u5xx_hal_uart_ex.o(.text.UARTEx_Wakeup_AddressConfig), (58 bytes).
    Removing stm32u5xx_hal_uart_ex.o(.ARM.exidx.text.UARTEx_Wakeup_AddressConfig), (8 bytes).
    Removing stm32u5xx_hal_uart_ex.o(.text.HAL_UARTEx_EnableStopMode), (104 bytes).
    Removing stm32u5xx_hal_uart_ex.o(.ARM.exidx.text.HAL_UARTEx_EnableStopMode), (8 bytes).
    Removing stm32u5xx_hal_uart_ex.o(.text.HAL_UARTEx_DisableStopMode), (104 bytes).
    Removing stm32u5xx_hal_uart_ex.o(.ARM.exidx.text.HAL_UARTEx_DisableStopMode), (8 bytes).
    Removing stm32u5xx_hal_uart_ex.o(.text.HAL_UARTEx_EnableFifoMode), (134 bytes).
    Removing stm32u5xx_hal_uart_ex.o(.ARM.exidx.text.HAL_UARTEx_EnableFifoMode), (8 bytes).
    Removing stm32u5xx_hal_uart_ex.o(.ARM.exidx.text.UARTEx_SetNbDataToProcess), (8 bytes).
    Removing stm32u5xx_hal_uart_ex.o(.ARM.exidx.text.HAL_UARTEx_DisableFifoMode), (8 bytes).
    Removing stm32u5xx_hal_uart_ex.o(.ARM.exidx.text.HAL_UARTEx_SetTxFifoThreshold), (8 bytes).
    Removing stm32u5xx_hal_uart_ex.o(.ARM.exidx.text.HAL_UARTEx_SetRxFifoThreshold), (8 bytes).
    Removing stm32u5xx_hal_uart_ex.o(.text.HAL_UARTEx_ReceiveToIdle), (588 bytes).
    Removing stm32u5xx_hal_uart_ex.o(.ARM.exidx.text.HAL_UARTEx_ReceiveToIdle), (8 bytes).
    Removing stm32u5xx_hal_uart_ex.o(.text.HAL_UARTEx_ReceiveToIdle_IT), (196 bytes).
    Removing stm32u5xx_hal_uart_ex.o(.ARM.exidx.text.HAL_UARTEx_ReceiveToIdle_IT), (8 bytes).
    Removing stm32u5xx_hal_uart_ex.o(.text.HAL_UARTEx_ReceiveToIdle_DMA), (176 bytes).
    Removing stm32u5xx_hal_uart_ex.o(.ARM.exidx.text.HAL_UARTEx_ReceiveToIdle_DMA), (8 bytes).
    Removing stm32u5xx_hal_uart_ex.o(.text.HAL_UARTEx_GetRxEventType), (12 bytes).
    Removing stm32u5xx_hal_uart_ex.o(.ARM.exidx.text.HAL_UARTEx_GetRxEventType), (8 bytes).
    Removing stm32u5xx_hal_uart_ex.o(.text.HAL_UARTEx_SetConfigAutonomousMode), (224 bytes).
    Removing stm32u5xx_hal_uart_ex.o(.ARM.exidx.text.HAL_UARTEx_SetConfigAutonomousMode), (8 bytes).
    Removing stm32u5xx_hal_uart_ex.o(.text.HAL_UARTEx_GetConfigAutonomousMode), (68 bytes).
    Removing stm32u5xx_hal_uart_ex.o(.ARM.exidx.text.HAL_UARTEx_GetConfigAutonomousMode), (8 bytes).
    Removing stm32u5xx_hal_uart_ex.o(.text.HAL_UARTEx_ClearConfigAutonomousMode), (134 bytes).
    Removing stm32u5xx_hal_uart_ex.o(.ARM.exidx.text.HAL_UARTEx_ClearConfigAutonomousMode), (8 bytes).
    Removing system_stm32u5xx.o(.text), (0 bytes).
    Removing system_stm32u5xx.o(.ARM.exidx.text.SystemInit), (8 bytes).
    Removing system_stm32u5xx.o(.text.SystemCoreClockUpdate), (512 bytes).
    Removing system_stm32u5xx.o(.ARM.exidx.text.SystemCoreClockUpdate), (8 bytes).

911 unused section(s) (total 62634 bytes) removed from the image.

==============================================================================

Image Symbol Table

    Local Symbols

    Symbol Name                              Value     Ov Type        Size  Object(Section)

    ../clib/angel/boardlib.s                 0x00000000   Number         0  boardinit1.o ABSOLUTE
    ../clib/angel/boardlib.s                 0x00000000   Number         0  boardinit2.o ABSOLUTE
    ../clib/angel/boardlib.s                 0x00000000   Number         0  boardinit3.o ABSOLUTE
    ../clib/angel/boardlib.s                 0x00000000   Number         0  boardshut.o ABSOLUTE
    ../clib/angel/handlers.s                 0x00000000   Number         0  __scatter_copy.o ABSOLUTE
    ../clib/angel/handlers.s                 0x00000000   Number         0  __scatter_zi.o ABSOLUTE
    ../clib/angel/kernel.s                   0x00000000   Number         0  __rtentry.o ABSOLUTE
    ../clib/angel/kernel.s                   0x00000000   Number         0  __rtentry2.o ABSOLUTE
    ../clib/angel/kernel.s                   0x00000000   Number         0  __rtentry4.o ABSOLUTE
    ../clib/angel/kernel.s                   0x00000000   Number         0  rtexit.o ABSOLUTE
    ../clib/angel/kernel.s                   0x00000000   Number         0  rtexit2.o ABSOLUTE
    ../clib/angel/rt.s                       0x00000000   Number         0  aeabi_ldiv0.o ABSOLUTE
    ../clib/angel/rt.s                       0x00000000   Number         0  aeabi_ldiv0_sigfpe.o ABSOLUTE
    ../clib/angel/rt.s                       0x00000000   Number         0  rt_div0.o ABSOLUTE
    ../clib/angel/rt.s                       0x00000000   Number         0  rt_raise.o ABSOLUTE
    ../clib/angel/scatter.s                  0x00000000   Number         0  __scatter.o ABSOLUTE
    ../clib/angel/startup.s                  0x00000000   Number         0  __main.o ABSOLUTE
    ../clib/angel/sys.s                      0x00000000   Number         0  sys_stackheap_outer.o ABSOLUTE
    ../clib/angel/sys.s                      0x00000000   Number         0  libspace.o ABSOLUTE
    ../clib/angel/sys.s                      0x00000000   Number         0  use_no_semi.o ABSOLUTE
    ../clib/angel/sys.s                      0x00000000   Number         0  indicate_semi.o ABSOLUTE
    ../clib/angel/sysapp.c                   0x00000000   Number         0  sys_exit.o ABSOLUTE
    ../clib/angel/sysapp.c                   0x00000000   Number         0  sys_exit_hlt.o ABSOLUTE
    ../clib/angel/sysapp.c                   0x00000000   Number         0  sys_wrch.o ABSOLUTE
    ../clib/angel/sysapp.c                   0x00000000   Number         0  sys_wrch_hlt.o ABSOLUTE
    ../clib/angel/sysapp.c                   0x00000000   Number         0  sys_command.o ABSOLUTE
    ../clib/angel/sysapp.c                   0x00000000   Number         0  sys_command_hlt.o ABSOLUTE
    ../clib/armsys.c                         0x00000000   Number         0  argv_veneer.o ABSOLUTE
    ../clib/armsys.c                         0x00000000   Number         0  argv_veneer.o ABSOLUTE
    ../clib/armsys.c                         0x00000000   Number         0  _get_argv_nomalloc.o ABSOLUTE
    ../clib/armsys.c                         0x00000000   Number         0  no_argv.o ABSOLUTE
    ../clib/heapalloc.c                      0x00000000   Number         0  hrguard.o ABSOLUTE
    ../clib/heapaux.c                        0x00000000   Number         0  heapauxi.o ABSOLUTE
    ../clib/libinit.s                        0x00000000   Number         0  libinit.o ABSOLUTE
    ../clib/libinit.s                        0x00000000   Number         0  libinit2.o ABSOLUTE
    ../clib/libinit.s                        0x00000000   Number         0  libshutdown.o ABSOLUTE
    ../clib/libinit.s                        0x00000000   Number         0  libshutdown2.o ABSOLUTE
    ../clib/longlong.s                       0x00000000   Number         0  lludivv7m.o ABSOLUTE
    ../clib/memcpset.s                       0x00000000   Number         0  rt_memclr_w.o ABSOLUTE
    ../clib/signal.c                         0x00000000   Number         0  defsig_fpe_outer.o ABSOLUTE
    ../clib/signal.c                         0x00000000   Number         0  defsig_fpe_formal.o ABSOLUTE
    ../clib/signal.c                         0x00000000   Number         0  defsig_exit.o ABSOLUTE
    ../clib/signal.c                         0x00000000   Number         0  defsig_fpe_inner.o ABSOLUTE
    ../clib/signal.c                         0x00000000   Number         0  __raise.o ABSOLUTE
    ../clib/signal.c                         0x00000000   Number         0  defsig_general.o ABSOLUTE
    ../clib/signal.c                         0x00000000   Number         0  defsig_abrt_inner.o ABSOLUTE
    ../clib/signal.c                         0x00000000   Number         0  defsig_rtred_inner.o ABSOLUTE
    ../clib/signal.c                         0x00000000   Number         0  defsig_rtmem_inner.o ABSOLUTE
    ../clib/signal.c                         0x00000000   Number         0  defsig_rtmem_outer.o ABSOLUTE
    ../clib/signal.c                         0x00000000   Number         0  defsig_rtmem_formal.o ABSOLUTE
    ../clib/signal.c                         0x00000000   Number         0  defsig_stak_inner.o ABSOLUTE
    ../clib/signal.c                         0x00000000   Number         0  defsig_pvfn_inner.o ABSOLUTE
    ../clib/signal.c                         0x00000000   Number         0  defsig_cppl_inner.o ABSOLUTE
    ../clib/signal.c                         0x00000000   Number         0  defsig_segv_inner.o ABSOLUTE
    ../clib/signal.c                         0x00000000   Number         0  defsig_other.o ABSOLUTE
    ../clib/signal.s                         0x00000000   Number         0  defsig.o ABSOLUTE
    ../clib/stdlib.c                         0x00000000   Number         0  exit.o ABSOLUTE
    ../fplib/fpinit.s                        0x00000000   Number         0  fpinit.o ABSOLUTE
    dc.s                                     0x00000000   Number         0  dc.o ABSOLUTE
    dcmi.c                                   0x00000000   Number         0  dcmi.o ABSOLUTE
    gpio.c                                   0x00000000   Number         0  gpio.o ABSOLUTE
    main.c                                   0x00000000   Number         0  main.o ABSOLUTE
    startup_stm32u575xx.s                    0x00000000   Number         0  startup_stm32u575xx.o ABSOLUTE
    stm32u5xx_hal.c                          0x00000000   Number         0  stm32u5xx_hal.o ABSOLUTE
    stm32u5xx_hal_cortex.c                   0x00000000   Number         0  stm32u5xx_hal_cortex.o ABSOLUTE
    stm32u5xx_hal_dcmi.c                     0x00000000   Number         0  stm32u5xx_hal_dcmi.o ABSOLUTE
    stm32u5xx_hal_dma.c                      0x00000000   Number         0  stm32u5xx_hal_dma.o ABSOLUTE
    stm32u5xx_hal_dma_ex.c                   0x00000000   Number         0  stm32u5xx_hal_dma_ex.o ABSOLUTE
    stm32u5xx_hal_exti.c                     0x00000000   Number         0  stm32u5xx_hal_exti.o ABSOLUTE
    stm32u5xx_hal_flash.c                    0x00000000   Number         0  stm32u5xx_hal_flash.o ABSOLUTE
    stm32u5xx_hal_flash_ex.c                 0x00000000   Number         0  stm32u5xx_hal_flash_ex.o ABSOLUTE
    stm32u5xx_hal_gpio.c                     0x00000000   Number         0  stm32u5xx_hal_gpio.o ABSOLUTE
    stm32u5xx_hal_gtzc.c                     0x00000000   Number         0  stm32u5xx_hal_gtzc.o ABSOLUTE
    stm32u5xx_hal_i2c.c                      0x00000000   Number         0  stm32u5xx_hal_i2c.o ABSOLUTE
    stm32u5xx_hal_i2c_ex.c                   0x00000000   Number         0  stm32u5xx_hal_i2c_ex.o ABSOLUTE
    stm32u5xx_hal_icache.c                   0x00000000   Number         0  stm32u5xx_hal_icache.o ABSOLUTE
    stm32u5xx_hal_msp.c                      0x00000000   Number         0  stm32u5xx_hal_msp.o ABSOLUTE
    stm32u5xx_hal_pwr.c                      0x00000000   Number         0  stm32u5xx_hal_pwr.o ABSOLUTE
    stm32u5xx_hal_pwr_ex.c                   0x00000000   Number         0  stm32u5xx_hal_pwr_ex.o ABSOLUTE
    stm32u5xx_hal_rcc.c                      0x00000000   Number         0  stm32u5xx_hal_rcc.o ABSOLUTE
    stm32u5xx_hal_rcc_ex.c                   0x00000000   Number         0  stm32u5xx_hal_rcc_ex.o ABSOLUTE
    stm32u5xx_hal_uart.c                     0x00000000   Number         0  stm32u5xx_hal_uart.o ABSOLUTE
    stm32u5xx_hal_uart_ex.c                  0x00000000   Number         0  stm32u5xx_hal_uart_ex.o ABSOLUTE
    stm32u5xx_it.c                           0x00000000   Number         0  stm32u5xx_it.o ABSOLUTE
    system_stm32u5xx.c                       0x00000000   Number         0  system_stm32u5xx.o ABSOLUTE
    usart.c                                  0x00000000   Number         0  usart.o ABSOLUTE
    RESET                                    0x08000000   Section      568  startup_stm32u575xx.o(RESET)
    !!!main                                  0x08000238   Section        8  __main.o(!!!main)
    !!!scatter                               0x08000240   Section       92  __scatter.o(!!!scatter)
    !!handler_copy                           0x0800029c   Section       26  __scatter_copy.o(!!handler_copy)
    !!handler_null                           0x080002b8   Section        2  __scatter.o(!!handler_null)
    !!handler_zi                             0x080002bc   Section       28  __scatter_zi.o(!!handler_zi)
    .ARM.Collect$$libinit$$00000000          0x080002d8   Section        2  libinit.o(.ARM.Collect$$libinit$$00000000)
    .ARM.Collect$$libinit$$00000001          0x080002da   Section        4  libinit2.o(.ARM.Collect$$libinit$$00000001)
    .ARM.Collect$$libinit$$00000004          0x080002de   Section        0  libinit2.o(.ARM.Collect$$libinit$$00000004)
    .ARM.Collect$$libinit$$00000006          0x080002de   Section        0  libinit2.o(.ARM.Collect$$libinit$$00000006)
    .ARM.Collect$$libinit$$0000000C          0x080002de   Section        0  libinit2.o(.ARM.Collect$$libinit$$0000000C)
    .ARM.Collect$$libinit$$0000000E          0x080002de   Section        0  libinit2.o(.ARM.Collect$$libinit$$0000000E)
    .ARM.Collect$$libinit$$00000010          0x080002de   Section        0  libinit2.o(.ARM.Collect$$libinit$$00000010)
    .ARM.Collect$$libinit$$00000013          0x080002de   Section        0  libinit2.o(.ARM.Collect$$libinit$$00000013)
    .ARM.Collect$$libinit$$00000015          0x080002de   Section        0  libinit2.o(.ARM.Collect$$libinit$$00000015)
    .ARM.Collect$$libinit$$00000017          0x080002de   Section        0  libinit2.o(.ARM.Collect$$libinit$$00000017)
    .ARM.Collect$$libinit$$00000019          0x080002de   Section        0  libinit2.o(.ARM.Collect$$libinit$$00000019)
    .ARM.Collect$$libinit$$0000001B          0x080002de   Section        0  libinit2.o(.ARM.Collect$$libinit$$0000001B)
    .ARM.Collect$$libinit$$0000001D          0x080002de   Section        0  libinit2.o(.ARM.Collect$$libinit$$0000001D)
    .ARM.Collect$$libinit$$0000001F          0x080002de   Section        0  libinit2.o(.ARM.Collect$$libinit$$0000001F)
    .ARM.Collect$$libinit$$00000021          0x080002de   Section        0  libinit2.o(.ARM.Collect$$libinit$$00000021)
    .ARM.Collect$$libinit$$00000023          0x080002de   Section        0  libinit2.o(.ARM.Collect$$libinit$$00000023)
    .ARM.Collect$$libinit$$00000025          0x080002de   Section        0  libinit2.o(.ARM.Collect$$libinit$$00000025)
    .ARM.Collect$$libinit$$00000027          0x080002de   Section        0  libinit2.o(.ARM.Collect$$libinit$$00000027)
    .ARM.Collect$$libinit$$0000002E          0x080002de   Section        0  libinit2.o(.ARM.Collect$$libinit$$0000002E)
    .ARM.Collect$$libinit$$00000030          0x080002de   Section        0  libinit2.o(.ARM.Collect$$libinit$$00000030)
    .ARM.Collect$$libinit$$00000032          0x080002de   Section        0  libinit2.o(.ARM.Collect$$libinit$$00000032)
    .ARM.Collect$$libinit$$00000034          0x080002de   Section        0  libinit2.o(.ARM.Collect$$libinit$$00000034)
    .ARM.Collect$$libinit$$00000035          0x080002de   Section        2  libinit2.o(.ARM.Collect$$libinit$$00000035)
    .ARM.Collect$$libshutdown$$00000000      0x080002e0   Section        2  libshutdown.o(.ARM.Collect$$libshutdown$$00000000)
    .ARM.Collect$$libshutdown$$00000002      0x080002e2   Section        0  libshutdown2.o(.ARM.Collect$$libshutdown$$00000002)
    .ARM.Collect$$libshutdown$$00000004      0x080002e2   Section        0  libshutdown2.o(.ARM.Collect$$libshutdown$$00000004)
    .ARM.Collect$$libshutdown$$00000007      0x080002e2   Section        0  libshutdown2.o(.ARM.Collect$$libshutdown$$00000007)
    .ARM.Collect$$libshutdown$$0000000A      0x080002e2   Section        0  libshutdown2.o(.ARM.Collect$$libshutdown$$0000000A)
    .ARM.Collect$$libshutdown$$0000000C      0x080002e2   Section        0  libshutdown2.o(.ARM.Collect$$libshutdown$$0000000C)
    .ARM.Collect$$libshutdown$$0000000F      0x080002e2   Section        0  libshutdown2.o(.ARM.Collect$$libshutdown$$0000000F)
    .ARM.Collect$$libshutdown$$00000010      0x080002e2   Section        2  libshutdown2.o(.ARM.Collect$$libshutdown$$00000010)
    .ARM.Collect$$rtentry$$00000000          0x080002e4   Section        0  __rtentry.o(.ARM.Collect$$rtentry$$00000000)
    .ARM.Collect$$rtentry$$00000002          0x080002e4   Section        0  __rtentry2.o(.ARM.Collect$$rtentry$$00000002)
    .ARM.Collect$$rtentry$$00000004          0x080002e4   Section        6  __rtentry4.o(.ARM.Collect$$rtentry$$00000004)
    .ARM.Collect$$rtentry$$00000009          0x080002ea   Section        0  __rtentry2.o(.ARM.Collect$$rtentry$$00000009)
    .ARM.Collect$$rtentry$$0000000A          0x080002ea   Section        4  __rtentry2.o(.ARM.Collect$$rtentry$$0000000A)
    .ARM.Collect$$rtentry$$0000000C          0x080002ee   Section        0  __rtentry2.o(.ARM.Collect$$rtentry$$0000000C)
    .ARM.Collect$$rtentry$$0000000D          0x080002ee   Section        8  __rtentry2.o(.ARM.Collect$$rtentry$$0000000D)
    .ARM.Collect$$rtexit$$00000000           0x080002f6   Section        2  rtexit.o(.ARM.Collect$$rtexit$$00000000)
    .ARM.Collect$$rtexit$$00000002           0x080002f8   Section        0  rtexit2.o(.ARM.Collect$$rtexit$$00000002)
    .ARM.Collect$$rtexit$$00000003           0x080002f8   Section        4  rtexit2.o(.ARM.Collect$$rtexit$$00000003)
    .ARM.Collect$$rtexit$$00000004           0x080002fc   Section        6  rtexit2.o(.ARM.Collect$$rtexit$$00000004)
    $v0                                      0x08000304   Number         0  startup_stm32u575xx.o(.text)
    .text                                    0x08000304   Section       68  startup_stm32u575xx.o(.text)
    .text                                    0x08000348   Section      240  lludivv7m.o(.text)
    .text                                    0x08000438   Section       78  rt_memclr_w.o(.text)
    .text                                    0x08000486   Section        0  heapauxi.o(.text)
    .text                                    0x0800048c   Section       74  sys_stackheap_outer.o(.text)
    .text                                    0x080004d6   Section        0  exit.o(.text)
    .text                                    0x080004e8   Section        8  libspace.o(.text)
    .text                                    0x080004f0   Section        0  sys_exit.o(.text)
    .text                                    0x080004fc   Section        2  use_no_semi.o(.text)
    .text                                    0x080004fe   Section        0  indicate_semi.o(.text)
    [Anonymous Symbol]                       0x08000500   Section        0  stm32u5xx_it.o(.text.BusFault_Handler)
    [Anonymous Symbol]                       0x08000504   Section        0  stm32u5xx_it.o(.text.DebugMon_Handler)
    [Anonymous Symbol]                       0x08000508   Section        0  main.o(.text.Error_Handler)
    [Anonymous Symbol]                       0x08000510   Section        0  stm32u5xx_hal_dcmi.o(.text.HAL_DCMI_Init)
    [Anonymous Symbol]                       0x080005e0   Section        0  dcmi.o(.text.HAL_DCMI_MspInit)
    [Anonymous Symbol]                       0x08000758   Section        0  stm32u5xx_hal.o(.text.HAL_Delay)
    [Anonymous Symbol]                       0x0800079c   Section        0  stm32u5xx_hal_gpio.o(.text.HAL_GPIO_Init)
    [Anonymous Symbol]                       0x08000b88   Section        0  stm32u5xx_hal_gpio.o(.text.HAL_GPIO_TogglePin)
    [Anonymous Symbol]                       0x08000bb0   Section        0  stm32u5xx_hal_gpio.o(.text.HAL_GPIO_WritePin)
    [Anonymous Symbol]                       0x08000bdc   Section        0  stm32u5xx_hal.o(.text.HAL_GetTick)
    [Anonymous Symbol]                       0x08000be8   Section        0  stm32u5xx_hal.o(.text.HAL_IncTick)
    [Anonymous Symbol]                       0x08000c04   Section        0  stm32u5xx_hal.o(.text.HAL_Init)
    [Anonymous Symbol]                       0x08000c74   Section        0  stm32u5xx_hal.o(.text.HAL_InitTick)
    [Anonymous Symbol]                       0x08000d88   Section        0  stm32u5xx_hal_msp.o(.text.HAL_MspInit)
    [Anonymous Symbol]                       0x08000dac   Section        0  stm32u5xx_hal_cortex.o(.text.HAL_NVIC_SetPriority)
    [Anonymous Symbol]                       0x08000ddc   Section        0  stm32u5xx_hal_cortex.o(.text.HAL_NVIC_SetPriorityGrouping)
    [Anonymous Symbol]                       0x08000dec   Section        0  stm32u5xx_hal_pwr_ex.o(.text.HAL_PWREx_ControlVoltageScaling)
    [Anonymous Symbol]                       0x08000f4c   Section        0  stm32u5xx_hal_pwr_ex.o(.text.HAL_PWREx_GetVoltageRange)
    [Anonymous Symbol]                       0x08000f5c   Section        0  stm32u5xx_hal_rcc_ex.o(.text.HAL_RCCEx_GetPLL1ClockFreq)
    [Anonymous Symbol]                       0x08001260   Section        0  stm32u5xx_hal_rcc_ex.o(.text.HAL_RCCEx_GetPLL2ClockFreq)
    [Anonymous Symbol]                       0x08001564   Section        0  stm32u5xx_hal_rcc_ex.o(.text.HAL_RCCEx_GetPLL3ClockFreq)
    [Anonymous Symbol]                       0x08001868   Section        0  stm32u5xx_hal_rcc_ex.o(.text.HAL_RCCEx_GetPeriphCLKFreq)
    [Anonymous Symbol]                       0x08002f78   Section        0  stm32u5xx_hal_rcc_ex.o(.text.HAL_RCCEx_PeriphCLKConfig)
    [Anonymous Symbol]                       0x0800389c   Section        0  stm32u5xx_hal_rcc.o(.text.HAL_RCC_ClockConfig)
    [Anonymous Symbol]                       0x08003dc4   Section        0  stm32u5xx_hal_rcc.o(.text.HAL_RCC_GetHCLKFreq)
    [Anonymous Symbol]                       0x08003df4   Section        0  stm32u5xx_hal_rcc.o(.text.HAL_RCC_GetPCLK1Freq)
    [Anonymous Symbol]                       0x08003e18   Section        0  stm32u5xx_hal_rcc.o(.text.HAL_RCC_GetPCLK2Freq)
    [Anonymous Symbol]                       0x08003e3c   Section        0  stm32u5xx_hal_rcc.o(.text.HAL_RCC_GetPCLK3Freq)
    [Anonymous Symbol]                       0x08003e60   Section        0  stm32u5xx_hal_rcc.o(.text.HAL_RCC_GetSysClockFreq)
    [Anonymous Symbol]                       0x080040b4   Section        0  stm32u5xx_hal_rcc.o(.text.HAL_RCC_OscConfig)
    [Anonymous Symbol]                       0x08005194   Section        0  stm32u5xx_hal_cortex.o(.text.HAL_SYSTICK_CLKSourceConfig)
    [Anonymous Symbol]                       0x08005230   Section        0  stm32u5xx_hal_cortex.o(.text.HAL_SYSTICK_Config)
    [Anonymous Symbol]                       0x0800527c   Section        0  stm32u5xx_hal_cortex.o(.text.HAL_SYSTICK_GetCLKSourceConfig)
    [Anonymous Symbol]                       0x080052e4   Section        0  stm32u5xx_hal_uart_ex.o(.text.HAL_UARTEx_DisableFifoMode)
    [Anonymous Symbol]                       0x08005360   Section        0  stm32u5xx_hal_uart_ex.o(.text.HAL_UARTEx_SetRxFifoThreshold)
    [Anonymous Symbol]                       0x080053ec   Section        0  stm32u5xx_hal_uart_ex.o(.text.HAL_UARTEx_SetTxFifoThreshold)
    [Anonymous Symbol]                       0x08005478   Section        0  stm32u5xx_hal_uart.o(.text.HAL_UART_Init)
    [Anonymous Symbol]                       0x08005524   Section        0  usart.o(.text.HAL_UART_MspInit)
    [Anonymous Symbol]                       0x08005618   Section        0  stm32u5xx_it.o(.text.HardFault_Handler)
    [Anonymous Symbol]                       0x0800561c   Section        0  dcmi.o(.text.MX_DCMI_Init)
    [Anonymous Symbol]                       0x08005668   Section        0  gpio.o(.text.MX_GPIO_Init)
    [Anonymous Symbol]                       0x08005770   Section        0  usart.o(.text.MX_UART5_Init)
    [Anonymous Symbol]                       0x08005800   Section        0  stm32u5xx_it.o(.text.MemManage_Handler)
    [Anonymous Symbol]                       0x08005804   Section        0  stm32u5xx_it.o(.text.NMI_Handler)
    NVIC_EncodePriority                      0x08005809   Thumb Code   108  stm32u5xx_hal_cortex.o(.text.NVIC_EncodePriority)
    [Anonymous Symbol]                       0x08005808   Section        0  stm32u5xx_hal_cortex.o(.text.NVIC_EncodePriority)
    [Anonymous Symbol]                       0x08005874   Section        0  stm32u5xx_it.o(.text.PendSV_Handler)
    RCCEx_PLL2_Config                        0x08005879   Thumb Code   372  stm32u5xx_hal_rcc_ex.o(.text.RCCEx_PLL2_Config)
    [Anonymous Symbol]                       0x08005878   Section        0  stm32u5xx_hal_rcc_ex.o(.text.RCCEx_PLL2_Config)
    RCCEx_PLL3_Config                        0x080059ed   Thumb Code   372  stm32u5xx_hal_rcc_ex.o(.text.RCCEx_PLL3_Config)
    [Anonymous Symbol]                       0x080059ec   Section        0  stm32u5xx_hal_rcc_ex.o(.text.RCCEx_PLL3_Config)
    RCC_SetFlashLatencyFromMSIRange          0x08005b61   Thumb Code   322  stm32u5xx_hal_rcc.o(.text.RCC_SetFlashLatencyFromMSIRange)
    [Anonymous Symbol]                       0x08005b60   Section        0  stm32u5xx_hal_rcc.o(.text.RCC_SetFlashLatencyFromMSIRange)
    [Anonymous Symbol]                       0x08005ca4   Section        0  stm32u5xx_it.o(.text.SVC_Handler)
    [Anonymous Symbol]                       0x08005ca8   Section        0  stm32u5xx_it.o(.text.SysTick_Handler)
    [Anonymous Symbol]                       0x08005cb0   Section        0  main.o(.text.SystemClock_Config)
    [Anonymous Symbol]                       0x08005d3c   Section        0  system_stm32u5xx.o(.text.SystemInit)
    UARTEx_SetNbDataToProcess                0x08005db5   Thumb Code   138  stm32u5xx_hal_uart_ex.o(.text.UARTEx_SetNbDataToProcess)
    [Anonymous Symbol]                       0x08005db4   Section        0  stm32u5xx_hal_uart_ex.o(.text.UARTEx_SetNbDataToProcess)
    [Anonymous Symbol]                       0x08005e40   Section        0  stm32u5xx_hal_uart.o(.text.UART_AdvFeatureConfig)
    [Anonymous Symbol]                       0x08005f88   Section        0  stm32u5xx_hal_uart.o(.text.UART_CheckIdleState)
    UART_EndRxTransfer                       0x080060d1   Thumb Code   158  stm32u5xx_hal_uart.o(.text.UART_EndRxTransfer)
    [Anonymous Symbol]                       0x080060d0   Section        0  stm32u5xx_hal_uart.o(.text.UART_EndRxTransfer)
    [Anonymous Symbol]                       0x08006170   Section        0  stm32u5xx_hal_uart.o(.text.UART_SetConfig)
    [Anonymous Symbol]                       0x080064c8   Section        0  stm32u5xx_hal_uart.o(.text.UART_WaitOnFlagUntilTimeout)
    [Anonymous Symbol]                       0x080065d4   Section        0  stm32u5xx_it.o(.text.UsageFault_Handler)
    __NVIC_GetPriorityGrouping               0x080065d9   Thumb Code    16  stm32u5xx_hal_cortex.o(.text.__NVIC_GetPriorityGrouping)
    [Anonymous Symbol]                       0x080065d8   Section        0  stm32u5xx_hal_cortex.o(.text.__NVIC_GetPriorityGrouping)
    __NVIC_SetPriority                       0x080065e9   Thumb Code    66  stm32u5xx_hal_cortex.o(.text.__NVIC_SetPriority)
    [Anonymous Symbol]                       0x080065e8   Section        0  stm32u5xx_hal_cortex.o(.text.__NVIC_SetPriority)
    __NVIC_SetPriorityGrouping               0x0800662d   Thumb Code    60  stm32u5xx_hal_cortex.o(.text.__NVIC_SetPriorityGrouping)
    [Anonymous Symbol]                       0x0800662c   Section        0  stm32u5xx_hal_cortex.o(.text.__NVIC_SetPriorityGrouping)
    [Anonymous Symbol]                       0x08006668   Section        0  main.o(.text.main)
    $v0                                      0x08006724   Number         0  fpinit.o(x$fpl$fpinit)
    x$fpl$fpinit                             0x08006724   Section       26  fpinit.o(x$fpl$fpinit)
    LPGPIO_Map                               0x08006758   Data         128  stm32u5xx_hal_gpio.o(.rodata.LPGPIO_Map)
    [Anonymous Symbol]                       0x08006758   Section        0  stm32u5xx_hal_gpio.o(.rodata.LPGPIO_Map)
    UARTEx_SetNbDataToProcess.denominator    0x08006818   Data           8  stm32u5xx_hal_uart_ex.o(.rodata.UARTEx_SetNbDataToProcess.denominator)
    [Anonymous Symbol]                       0x08006818   Section        0  stm32u5xx_hal_uart_ex.o(.rodata.UARTEx_SetNbDataToProcess.denominator)
    UARTEx_SetNbDataToProcess.numerator      0x08006820   Data           8  stm32u5xx_hal_uart_ex.o(.rodata.UARTEx_SetNbDataToProcess.numerator)
    [Anonymous Symbol]                       0x08006820   Section        0  stm32u5xx_hal_uart_ex.o(.rodata.UARTEx_SetNbDataToProcess.numerator)
    .bss                                     0x20000010   Section       96  libspace.o(.bss)
    Heap_Mem                                 0x20000158   Data         512  startup_stm32u575xx.o(HEAP)
    HEAP                                     0x20000158   Section      512  startup_stm32u575xx.o(HEAP)
    Stack_Mem                                0x20000358   Data        1024  startup_stm32u575xx.o(STACK)
    STACK                                    0x20000358   Section     1024  startup_stm32u575xx.o(STACK)
    __initial_sp                             0x20000758   Data           0  startup_stm32u575xx.o(STACK)

    Global Symbols

    Symbol Name                              Value     Ov Type        Size  Object(Section)

    BuildAttributes$$THM_ISAv4$E$P$D$K$B$S$7EM$8M$VFPi5$EXTD16$VFPS$VFMA$PE$A:L22UL41UL21$X:L11$S22US41US21$IEEE1$IW$~IW$USESV6$~STKCKD$USESV7$~SHL$OSPACE$ROPI$EBA8$UX$STANDARDLIB$REQ8$PRES8$EABIv2 0x00000000   Number         0  anon$$obj.o ABSOLUTE
    __ARM_exceptions_init                     - Undefined Weak Reference
    __alloca_initialize                       - Undefined Weak Reference
    __arm_preinit_                            - Undefined Weak Reference
    __arm_relocate_pie_                       - Undefined Weak Reference
    __cpp_initialize__aeabi_                  - Undefined Weak Reference
    __cxa_finalize                            - Undefined Weak Reference
    __rt_locale                               - Undefined Weak Reference
    __sigvec_lookup                           - Undefined Weak Reference
    _atexit_init                              - Undefined Weak Reference
    _call_atexit_fns                          - Undefined Weak Reference
    _clock_init                               - Undefined Weak Reference
    _fp_trap_init                             - Undefined Weak Reference
    _fp_trap_shutdown                         - Undefined Weak Reference
    _get_lc_collate                           - Undefined Weak Reference
    _get_lc_ctype                             - Undefined Weak Reference
    _get_lc_monetary                          - Undefined Weak Reference
    _get_lc_numeric                           - Undefined Weak Reference
    _get_lc_time                              - Undefined Weak Reference
    _getenv_init                              - Undefined Weak Reference
    _handle_redirection                       - Undefined Weak Reference
    _init_alloc                               - Undefined Weak Reference
    _init_user_alloc                          - Undefined Weak Reference
    _initio                                   - Undefined Weak Reference
    _rand_init                                - Undefined Weak Reference
    _signal_finish                            - Undefined Weak Reference
    _signal_init                              - Undefined Weak Reference
    _terminate_alloc                          - Undefined Weak Reference
    _terminate_user_alloc                     - Undefined Weak Reference
    _terminateio                              - Undefined Weak Reference
    __Vectors_Size                           0x00000238   Number         0  startup_stm32u575xx.o ABSOLUTE
    __Vectors                                0x08000000   Data           4  startup_stm32u575xx.o(RESET)
    __Vectors_End                            0x08000238   Data           0  startup_stm32u575xx.o(RESET)
    __main                                   0x08000239   Thumb Code     8  __main.o(!!!main)
    __scatterload                            0x08000241   Thumb Code     0  __scatter.o(!!!scatter)
    __scatterload_rt2                        0x08000241   Thumb Code    84  __scatter.o(!!!scatter)
    __scatterload_rt2_thumb_only             0x08000241   Thumb Code     0  __scatter.o(!!!scatter)
    __scatterload_loop                       0x0800024b   Thumb Code     0  __scatter.o(!!!scatter)
    __scatterload_copy                       0x0800029d   Thumb Code    26  __scatter_copy.o(!!handler_copy)
    __scatterload_null                       0x080002b9   Thumb Code     2  __scatter.o(!!handler_null)
    __scatterload_zeroinit                   0x080002bd   Thumb Code    28  __scatter_zi.o(!!handler_zi)
    __rt_lib_init                            0x080002d9   Thumb Code     0  libinit.o(.ARM.Collect$$libinit$$00000000)
    __rt_lib_init_fp_1                       0x080002db   Thumb Code     0  libinit2.o(.ARM.Collect$$libinit$$00000001)
    __rt_lib_init_alloca_1                   0x080002df   Thumb Code     0  libinit2.o(.ARM.Collect$$libinit$$00000030)
    __rt_lib_init_argv_1                     0x080002df   Thumb Code     0  libinit2.o(.ARM.Collect$$libinit$$0000002E)
    __rt_lib_init_atexit_1                   0x080002df   Thumb Code     0  libinit2.o(.ARM.Collect$$libinit$$0000001D)
    __rt_lib_init_clock_1                    0x080002df   Thumb Code     0  libinit2.o(.ARM.Collect$$libinit$$00000023)
    __rt_lib_init_cpp_1                      0x080002df   Thumb Code     0  libinit2.o(.ARM.Collect$$libinit$$00000034)
    __rt_lib_init_exceptions_1               0x080002df   Thumb Code     0  libinit2.o(.ARM.Collect$$libinit$$00000032)
    __rt_lib_init_fp_trap_1                  0x080002df   Thumb Code     0  libinit2.o(.ARM.Collect$$libinit$$00000021)
    __rt_lib_init_getenv_1                   0x080002df   Thumb Code     0  libinit2.o(.ARM.Collect$$libinit$$00000025)
    __rt_lib_init_heap_1                     0x080002df   Thumb Code     0  libinit2.o(.ARM.Collect$$libinit$$0000000C)
    __rt_lib_init_lc_collate_1               0x080002df   Thumb Code     0  libinit2.o(.ARM.Collect$$libinit$$00000013)
    __rt_lib_init_lc_ctype_1                 0x080002df   Thumb Code     0  libinit2.o(.ARM.Collect$$libinit$$00000015)
    __rt_lib_init_lc_monetary_1              0x080002df   Thumb Code     0  libinit2.o(.ARM.Collect$$libinit$$00000017)
    __rt_lib_init_lc_numeric_1               0x080002df   Thumb Code     0  libinit2.o(.ARM.Collect$$libinit$$00000019)
    __rt_lib_init_lc_time_1                  0x080002df   Thumb Code     0  libinit2.o(.ARM.Collect$$libinit$$0000001B)
    __rt_lib_init_preinit_1                  0x080002df   Thumb Code     0  libinit2.o(.ARM.Collect$$libinit$$00000006)
    __rt_lib_init_rand_1                     0x080002df   Thumb Code     0  libinit2.o(.ARM.Collect$$libinit$$00000010)
    __rt_lib_init_relocate_pie_1             0x080002df   Thumb Code     0  libinit2.o(.ARM.Collect$$libinit$$00000004)
    __rt_lib_init_return                     0x080002df   Thumb Code     0  libinit2.o(.ARM.Collect$$libinit$$00000035)
    __rt_lib_init_signal_1                   0x080002df   Thumb Code     0  libinit2.o(.ARM.Collect$$libinit$$0000001F)
    __rt_lib_init_stdio_1                    0x080002df   Thumb Code     0  libinit2.o(.ARM.Collect$$libinit$$00000027)
    __rt_lib_init_user_alloc_1               0x080002df   Thumb Code     0  libinit2.o(.ARM.Collect$$libinit$$0000000E)
    __rt_lib_shutdown                        0x080002e1   Thumb Code     0  libshutdown.o(.ARM.Collect$$libshutdown$$00000000)
    __rt_lib_shutdown_cpp_1                  0x080002e3   Thumb Code     0  libshutdown2.o(.ARM.Collect$$libshutdown$$00000002)
    __rt_lib_shutdown_fp_trap_1              0x080002e3   Thumb Code     0  libshutdown2.o(.ARM.Collect$$libshutdown$$00000007)
    __rt_lib_shutdown_heap_1                 0x080002e3   Thumb Code     0  libshutdown2.o(.ARM.Collect$$libshutdown$$0000000F)
    __rt_lib_shutdown_return                 0x080002e3   Thumb Code     0  libshutdown2.o(.ARM.Collect$$libshutdown$$00000010)
    __rt_lib_shutdown_signal_1               0x080002e3   Thumb Code     0  libshutdown2.o(.ARM.Collect$$libshutdown$$0000000A)
    __rt_lib_shutdown_stdio_1                0x080002e3   Thumb Code     0  libshutdown2.o(.ARM.Collect$$libshutdown$$00000004)
    __rt_lib_shutdown_user_alloc_1           0x080002e3   Thumb Code     0  libshutdown2.o(.ARM.Collect$$libshutdown$$0000000C)
    __rt_entry                               0x080002e5   Thumb Code     0  __rtentry.o(.ARM.Collect$$rtentry$$00000000)
    __rt_entry_presh_1                       0x080002e5   Thumb Code     0  __rtentry2.o(.ARM.Collect$$rtentry$$00000002)
    __rt_entry_sh                            0x080002e5   Thumb Code     0  __rtentry4.o(.ARM.Collect$$rtentry$$00000004)
    __rt_entry_li                            0x080002eb   Thumb Code     0  __rtentry2.o(.ARM.Collect$$rtentry$$0000000A)
    __rt_entry_postsh_1                      0x080002eb   Thumb Code     0  __rtentry2.o(.ARM.Collect$$rtentry$$00000009)
    __rt_entry_main                          0x080002ef   Thumb Code     0  __rtentry2.o(.ARM.Collect$$rtentry$$0000000D)
    __rt_entry_postli_1                      0x080002ef   Thumb Code     0  __rtentry2.o(.ARM.Collect$$rtentry$$0000000C)
    __rt_exit                                0x080002f7   Thumb Code     0  rtexit.o(.ARM.Collect$$rtexit$$00000000)
    __rt_exit_ls                             0x080002f9   Thumb Code     0  rtexit2.o(.ARM.Collect$$rtexit$$00000003)
    __rt_exit_prels_1                        0x080002f9   Thumb Code     0  rtexit2.o(.ARM.Collect$$rtexit$$00000002)
    __rt_exit_exit                           0x080002fd   Thumb Code     0  rtexit2.o(.ARM.Collect$$rtexit$$00000004)
    Reset_Handler                            0x08000305   Thumb Code     8  startup_stm32u575xx.o(.text)
    SecureFault_Handler                      0x08000317   Thumb Code     2  startup_stm32u575xx.o(.text)
    ADC1_IRQHandler                          0x08000321   Thumb Code     0  startup_stm32u575xx.o(.text)
    ADC4_IRQHandler                          0x08000321   Thumb Code     0  startup_stm32u575xx.o(.text)
    ADF1_IRQHandler                          0x08000321   Thumb Code     0  startup_stm32u575xx.o(.text)
    COMP_IRQHandler                          0x08000321   Thumb Code     0  startup_stm32u575xx.o(.text)
    CORDIC_IRQHandler                        0x08000321   Thumb Code     0  startup_stm32u575xx.o(.text)
    CRS_IRQHandler                           0x08000321   Thumb Code     0  startup_stm32u575xx.o(.text)
    DAC1_IRQHandler                          0x08000321   Thumb Code     0  startup_stm32u575xx.o(.text)
    DCACHE1_IRQHandler                       0x08000321   Thumb Code     0  startup_stm32u575xx.o(.text)
    DCMI_PSSI_IRQHandler                     0x08000321   Thumb Code     0  startup_stm32u575xx.o(.text)
    DMA2D_IRQHandler                         0x08000321   Thumb Code     0  startup_stm32u575xx.o(.text)
    EXTI0_IRQHandler                         0x08000321   Thumb Code     0  startup_stm32u575xx.o(.text)
    EXTI10_IRQHandler                        0x08000321   Thumb Code     0  startup_stm32u575xx.o(.text)
    EXTI11_IRQHandler                        0x08000321   Thumb Code     0  startup_stm32u575xx.o(.text)
    EXTI12_IRQHandler                        0x08000321   Thumb Code     0  startup_stm32u575xx.o(.text)
    EXTI13_IRQHandler                        0x08000321   Thumb Code     0  startup_stm32u575xx.o(.text)
    EXTI14_IRQHandler                        0x08000321   Thumb Code     0  startup_stm32u575xx.o(.text)
    EXTI15_IRQHandler                        0x08000321   Thumb Code     0  startup_stm32u575xx.o(.text)
    EXTI1_IRQHandler                         0x08000321   Thumb Code     0  startup_stm32u575xx.o(.text)
    EXTI2_IRQHandler                         0x08000321   Thumb Code     0  startup_stm32u575xx.o(.text)
    EXTI3_IRQHandler                         0x08000321   Thumb Code     0  startup_stm32u575xx.o(.text)
    EXTI4_IRQHandler                         0x08000321   Thumb Code     0  startup_stm32u575xx.o(.text)
    EXTI5_IRQHandler                         0x08000321   Thumb Code     0  startup_stm32u575xx.o(.text)
    EXTI6_IRQHandler                         0x08000321   Thumb Code     0  startup_stm32u575xx.o(.text)
    EXTI7_IRQHandler                         0x08000321   Thumb Code     0  startup_stm32u575xx.o(.text)
    EXTI8_IRQHandler                         0x08000321   Thumb Code     0  startup_stm32u575xx.o(.text)
    EXTI9_IRQHandler                         0x08000321   Thumb Code     0  startup_stm32u575xx.o(.text)
    FDCAN1_IT0_IRQHandler                    0x08000321   Thumb Code     0  startup_stm32u575xx.o(.text)
    FDCAN1_IT1_IRQHandler                    0x08000321   Thumb Code     0  startup_stm32u575xx.o(.text)
    FLASH_IRQHandler                         0x08000321   Thumb Code     0  startup_stm32u575xx.o(.text)
    FLASH_S_IRQHandler                       0x08000321   Thumb Code     0  startup_stm32u575xx.o(.text)
    FMAC_IRQHandler                          0x08000321   Thumb Code     0  startup_stm32u575xx.o(.text)
    FMC_IRQHandler                           0x08000321   Thumb Code     0  startup_stm32u575xx.o(.text)
    FPU_IRQHandler                           0x08000321   Thumb Code     0  startup_stm32u575xx.o(.text)
    GPDMA1_Channel0_IRQHandler               0x08000321   Thumb Code     0  startup_stm32u575xx.o(.text)
    GPDMA1_Channel10_IRQHandler              0x08000321   Thumb Code     0  startup_stm32u575xx.o(.text)
    GPDMA1_Channel11_IRQHandler              0x08000321   Thumb Code     0  startup_stm32u575xx.o(.text)
    GPDMA1_Channel12_IRQHandler              0x08000321   Thumb Code     0  startup_stm32u575xx.o(.text)
    GPDMA1_Channel13_IRQHandler              0x08000321   Thumb Code     0  startup_stm32u575xx.o(.text)
    GPDMA1_Channel14_IRQHandler              0x08000321   Thumb Code     0  startup_stm32u575xx.o(.text)
    GPDMA1_Channel15_IRQHandler              0x08000321   Thumb Code     0  startup_stm32u575xx.o(.text)
    GPDMA1_Channel1_IRQHandler               0x08000321   Thumb Code     0  startup_stm32u575xx.o(.text)
    GPDMA1_Channel2_IRQHandler               0x08000321   Thumb Code     0  startup_stm32u575xx.o(.text)
    GPDMA1_Channel3_IRQHandler               0x08000321   Thumb Code     0  startup_stm32u575xx.o(.text)
    GPDMA1_Channel4_IRQHandler               0x08000321   Thumb Code     0  startup_stm32u575xx.o(.text)
    GPDMA1_Channel5_IRQHandler               0x08000321   Thumb Code     0  startup_stm32u575xx.o(.text)
    GPDMA1_Channel6_IRQHandler               0x08000321   Thumb Code     0  startup_stm32u575xx.o(.text)
    GPDMA1_Channel7_IRQHandler               0x08000321   Thumb Code     0  startup_stm32u575xx.o(.text)
    GPDMA1_Channel8_IRQHandler               0x08000321   Thumb Code     0  startup_stm32u575xx.o(.text)
    GPDMA1_Channel9_IRQHandler               0x08000321   Thumb Code     0  startup_stm32u575xx.o(.text)
    GTZC_IRQHandler                          0x08000321   Thumb Code     0  startup_stm32u575xx.o(.text)
    HASH_IRQHandler                          0x08000321   Thumb Code     0  startup_stm32u575xx.o(.text)
    I2C1_ER_IRQHandler                       0x08000321   Thumb Code     0  startup_stm32u575xx.o(.text)
    I2C1_EV_IRQHandler                       0x08000321   Thumb Code     0  startup_stm32u575xx.o(.text)
    I2C2_ER_IRQHandler                       0x08000321   Thumb Code     0  startup_stm32u575xx.o(.text)
    I2C2_EV_IRQHandler                       0x08000321   Thumb Code     0  startup_stm32u575xx.o(.text)
    I2C3_ER_IRQHandler                       0x08000321   Thumb Code     0  startup_stm32u575xx.o(.text)
    I2C3_EV_IRQHandler                       0x08000321   Thumb Code     0  startup_stm32u575xx.o(.text)
    I2C4_ER_IRQHandler                       0x08000321   Thumb Code     0  startup_stm32u575xx.o(.text)
    I2C4_EV_IRQHandler                       0x08000321   Thumb Code     0  startup_stm32u575xx.o(.text)
    ICACHE_IRQHandler                        0x08000321   Thumb Code     0  startup_stm32u575xx.o(.text)
    IWDG_IRQHandler                          0x08000321   Thumb Code     0  startup_stm32u575xx.o(.text)
    LPDMA1_Channel0_IRQHandler               0x08000321   Thumb Code     0  startup_stm32u575xx.o(.text)
    LPDMA1_Channel1_IRQHandler               0x08000321   Thumb Code     0  startup_stm32u575xx.o(.text)
    LPDMA1_Channel2_IRQHandler               0x08000321   Thumb Code     0  startup_stm32u575xx.o(.text)
    LPDMA1_Channel3_IRQHandler               0x08000321   Thumb Code     0  startup_stm32u575xx.o(.text)
    LPTIM1_IRQHandler                        0x08000321   Thumb Code     0  startup_stm32u575xx.o(.text)
    LPTIM2_IRQHandler                        0x08000321   Thumb Code     0  startup_stm32u575xx.o(.text)
    LPTIM3_IRQHandler                        0x08000321   Thumb Code     0  startup_stm32u575xx.o(.text)
    LPTIM4_IRQHandler                        0x08000321   Thumb Code     0  startup_stm32u575xx.o(.text)
    LPUART1_IRQHandler                       0x08000321   Thumb Code     0  startup_stm32u575xx.o(.text)
    LSECSSD_IRQHandler                       0x08000321   Thumb Code     0  startup_stm32u575xx.o(.text)
    MDF1_FLT0_IRQHandler                     0x08000321   Thumb Code     0  startup_stm32u575xx.o(.text)
    MDF1_FLT1_IRQHandler                     0x08000321   Thumb Code     0  startup_stm32u575xx.o(.text)
    MDF1_FLT2_IRQHandler                     0x08000321   Thumb Code     0  startup_stm32u575xx.o(.text)
    MDF1_FLT3_IRQHandler                     0x08000321   Thumb Code     0  startup_stm32u575xx.o(.text)
    MDF1_FLT4_IRQHandler                     0x08000321   Thumb Code     0  startup_stm32u575xx.o(.text)
    MDF1_FLT5_IRQHandler                     0x08000321   Thumb Code     0  startup_stm32u575xx.o(.text)
    OCTOSPI1_IRQHandler                      0x08000321   Thumb Code     0  startup_stm32u575xx.o(.text)
    OCTOSPI2_IRQHandler                      0x08000321   Thumb Code     0  startup_stm32u575xx.o(.text)
    OTG_FS_IRQHandler                        0x08000321   Thumb Code     0  startup_stm32u575xx.o(.text)
    PVD_PVM_IRQHandler                       0x08000321   Thumb Code     0  startup_stm32u575xx.o(.text)
    PWR_S3WU_IRQHandler                      0x08000321   Thumb Code     0  startup_stm32u575xx.o(.text)
    RAMCFG_IRQHandler                        0x08000321   Thumb Code     0  startup_stm32u575xx.o(.text)
    RCC_IRQHandler                           0x08000321   Thumb Code     0  startup_stm32u575xx.o(.text)
    RCC_S_IRQHandler                         0x08000321   Thumb Code     0  startup_stm32u575xx.o(.text)
    RNG_IRQHandler                           0x08000321   Thumb Code     0  startup_stm32u575xx.o(.text)
    RTC_IRQHandler                           0x08000321   Thumb Code     0  startup_stm32u575xx.o(.text)
    RTC_S_IRQHandler                         0x08000321   Thumb Code     0  startup_stm32u575xx.o(.text)
    SAI1_IRQHandler                          0x08000321   Thumb Code     0  startup_stm32u575xx.o(.text)
    SAI2_IRQHandler                          0x08000321   Thumb Code     0  startup_stm32u575xx.o(.text)
    SDMMC1_IRQHandler                        0x08000321   Thumb Code     0  startup_stm32u575xx.o(.text)
    SDMMC2_IRQHandler                        0x08000321   Thumb Code     0  startup_stm32u575xx.o(.text)
    SPI1_IRQHandler                          0x08000321   Thumb Code     0  startup_stm32u575xx.o(.text)
    SPI2_IRQHandler                          0x08000321   Thumb Code     0  startup_stm32u575xx.o(.text)
    SPI3_IRQHandler                          0x08000321   Thumb Code     0  startup_stm32u575xx.o(.text)
    TAMP_IRQHandler                          0x08000321   Thumb Code     0  startup_stm32u575xx.o(.text)
    TIM15_IRQHandler                         0x08000321   Thumb Code     0  startup_stm32u575xx.o(.text)
    TIM16_IRQHandler                         0x08000321   Thumb Code     0  startup_stm32u575xx.o(.text)
    TIM17_IRQHandler                         0x08000321   Thumb Code     0  startup_stm32u575xx.o(.text)
    TIM1_BRK_IRQHandler                      0x08000321   Thumb Code     0  startup_stm32u575xx.o(.text)
    TIM1_CC_IRQHandler                       0x08000321   Thumb Code     0  startup_stm32u575xx.o(.text)
    TIM1_TRG_COM_IRQHandler                  0x08000321   Thumb Code     0  startup_stm32u575xx.o(.text)
    TIM1_UP_IRQHandler                       0x08000321   Thumb Code     0  startup_stm32u575xx.o(.text)
    TIM2_IRQHandler                          0x08000321   Thumb Code     0  startup_stm32u575xx.o(.text)
    TIM3_IRQHandler                          0x08000321   Thumb Code     0  startup_stm32u575xx.o(.text)
    TIM4_IRQHandler                          0x08000321   Thumb Code     0  startup_stm32u575xx.o(.text)
    TIM5_IRQHandler                          0x08000321   Thumb Code     0  startup_stm32u575xx.o(.text)
    TIM6_IRQHandler                          0x08000321   Thumb Code     0  startup_stm32u575xx.o(.text)
    TIM7_IRQHandler                          0x08000321   Thumb Code     0  startup_stm32u575xx.o(.text)
    TIM8_BRK_IRQHandler                      0x08000321   Thumb Code     0  startup_stm32u575xx.o(.text)
    TIM8_CC_IRQHandler                       0x08000321   Thumb Code     0  startup_stm32u575xx.o(.text)
    TIM8_TRG_COM_IRQHandler                  0x08000321   Thumb Code     0  startup_stm32u575xx.o(.text)
    TIM8_UP_IRQHandler                       0x08000321   Thumb Code     0  startup_stm32u575xx.o(.text)
    TSC_IRQHandler                           0x08000321   Thumb Code     0  startup_stm32u575xx.o(.text)
    UART4_IRQHandler                         0x08000321   Thumb Code     0  startup_stm32u575xx.o(.text)
    UART5_IRQHandler                         0x08000321   Thumb Code     0  startup_stm32u575xx.o(.text)
    UCPD1_IRQHandler                         0x08000321   Thumb Code     0  startup_stm32u575xx.o(.text)
    USART1_IRQHandler                        0x08000321   Thumb Code     0  startup_stm32u575xx.o(.text)
    USART2_IRQHandler                        0x08000321   Thumb Code     0  startup_stm32u575xx.o(.text)
    USART3_IRQHandler                        0x08000321   Thumb Code     0  startup_stm32u575xx.o(.text)
    WWDG_IRQHandler                          0x08000321   Thumb Code     0  startup_stm32u575xx.o(.text)
    __user_initial_stackheap                 0x08000325   Thumb Code    10  startup_stm32u575xx.o(.text)
    __aeabi_uldivmod                         0x08000349   Thumb Code     0  lludivv7m.o(.text)
    _ll_udiv                                 0x08000349   Thumb Code   240  lludivv7m.o(.text)
    __aeabi_memclr4                          0x08000439   Thumb Code     0  rt_memclr_w.o(.text)
    __aeabi_memclr8                          0x08000439   Thumb Code     0  rt_memclr_w.o(.text)
    __rt_memclr_w                            0x08000439   Thumb Code     0  rt_memclr_w.o(.text)
    _memset_w                                0x0800043d   Thumb Code    74  rt_memclr_w.o(.text)
    __use_two_region_memory                  0x08000487   Thumb Code     2  heapauxi.o(.text)
    __rt_heap_escrow$2region                 0x08000489   Thumb Code     2  heapauxi.o(.text)
    __rt_heap_expand$2region                 0x0800048b   Thumb Code     2  heapauxi.o(.text)
    __user_setup_stackheap                   0x0800048d   Thumb Code    74  sys_stackheap_outer.o(.text)
    exit                                     0x080004d7   Thumb Code    18  exit.o(.text)
    __user_libspace                          0x080004e9   Thumb Code     8  libspace.o(.text)
    __user_perproc_libspace                  0x080004e9   Thumb Code     0  libspace.o(.text)
    __user_perthread_libspace                0x080004e9   Thumb Code     0  libspace.o(.text)
    _sys_exit                                0x080004f1   Thumb Code     8  sys_exit.o(.text)
    __I$use$semihosting                      0x080004fd   Thumb Code     0  use_no_semi.o(.text)
    __use_no_semihosting_swi                 0x080004fd   Thumb Code     2  use_no_semi.o(.text)
    __semihosting_library_function           0x080004ff   Thumb Code     0  indicate_semi.o(.text)
    BusFault_Handler                         0x08000501   Thumb Code     4  stm32u5xx_it.o(.text.BusFault_Handler)
    DebugMon_Handler                         0x08000505   Thumb Code     2  stm32u5xx_it.o(.text.DebugMon_Handler)
    Error_Handler                            0x08000509   Thumb Code     6  main.o(.text.Error_Handler)
    HAL_DCMI_Init                            0x08000511   Thumb Code   206  stm32u5xx_hal_dcmi.o(.text.HAL_DCMI_Init)
    HAL_DCMI_MspInit                         0x080005e1   Thumb Code   374  dcmi.o(.text.HAL_DCMI_MspInit)
    HAL_Delay                                0x08000759   Thumb Code    66  stm32u5xx_hal.o(.text.HAL_Delay)
    HAL_GPIO_Init                            0x0800079d   Thumb Code  1004  stm32u5xx_hal_gpio.o(.text.HAL_GPIO_Init)
    HAL_GPIO_TogglePin                       0x08000b89   Thumb Code    38  stm32u5xx_hal_gpio.o(.text.HAL_GPIO_TogglePin)
    HAL_GPIO_WritePin                        0x08000bb1   Thumb Code    44  stm32u5xx_hal_gpio.o(.text.HAL_GPIO_WritePin)
    HAL_GetTick                              0x08000bdd   Thumb Code    12  stm32u5xx_hal.o(.text.HAL_GetTick)
    HAL_IncTick                              0x08000be9   Thumb Code    26  stm32u5xx_hal.o(.text.HAL_IncTick)
    HAL_Init                                 0x08000c05   Thumb Code   110  stm32u5xx_hal.o(.text.HAL_Init)
    HAL_InitTick                             0x08000c75   Thumb Code   276  stm32u5xx_hal.o(.text.HAL_InitTick)
    HAL_MspInit                              0x08000d89   Thumb Code    36  stm32u5xx_hal_msp.o(.text.HAL_MspInit)
    HAL_NVIC_SetPriority                     0x08000dad   Thumb Code    46  stm32u5xx_hal_cortex.o(.text.HAL_NVIC_SetPriority)
    HAL_NVIC_SetPriorityGrouping             0x08000ddd   Thumb Code    16  stm32u5xx_hal_cortex.o(.text.HAL_NVIC_SetPriorityGrouping)
    HAL_PWREx_ControlVoltageScaling          0x08000ded   Thumb Code   350  stm32u5xx_hal_pwr_ex.o(.text.HAL_PWREx_ControlVoltageScaling)
    HAL_PWREx_GetVoltageRange                0x08000f4d   Thumb Code    16  stm32u5xx_hal_pwr_ex.o(.text.HAL_PWREx_GetVoltageRange)
    HAL_RCCEx_GetPLL1ClockFreq               0x08000f5d   Thumb Code   760  stm32u5xx_hal_rcc_ex.o(.text.HAL_RCCEx_GetPLL1ClockFreq)
    HAL_RCCEx_GetPLL2ClockFreq               0x08001261   Thumb Code   760  stm32u5xx_hal_rcc_ex.o(.text.HAL_RCCEx_GetPLL2ClockFreq)
    HAL_RCCEx_GetPLL3ClockFreq               0x08001565   Thumb Code   760  stm32u5xx_hal_rcc_ex.o(.text.HAL_RCCEx_GetPLL3ClockFreq)
    HAL_RCCEx_GetPeriphCLKFreq               0x08001869   Thumb Code  5902  stm32u5xx_hal_rcc_ex.o(.text.HAL_RCCEx_GetPeriphCLKFreq)
    HAL_RCCEx_PeriphCLKConfig                0x08002f79   Thumb Code  2340  stm32u5xx_hal_rcc_ex.o(.text.HAL_RCCEx_PeriphCLKConfig)
    HAL_RCC_ClockConfig                      0x0800389d   Thumb Code  1320  stm32u5xx_hal_rcc.o(.text.HAL_RCC_ClockConfig)
    HAL_RCC_GetHCLKFreq                      0x08003dc5   Thumb Code    48  stm32u5xx_hal_rcc.o(.text.HAL_RCC_GetHCLKFreq)
    HAL_RCC_GetPCLK1Freq                     0x08003df5   Thumb Code    34  stm32u5xx_hal_rcc.o(.text.HAL_RCC_GetPCLK1Freq)
    HAL_RCC_GetPCLK2Freq                     0x08003e19   Thumb Code    34  stm32u5xx_hal_rcc.o(.text.HAL_RCC_GetPCLK2Freq)
    HAL_RCC_GetPCLK3Freq                     0x08003e3d   Thumb Code    34  stm32u5xx_hal_rcc.o(.text.HAL_RCC_GetPCLK3Freq)
    HAL_RCC_GetSysClockFreq                  0x08003e61   Thumb Code   584  stm32u5xx_hal_rcc.o(.text.HAL_RCC_GetSysClockFreq)
    HAL_RCC_OscConfig                        0x080040b5   Thumb Code  4320  stm32u5xx_hal_rcc.o(.text.HAL_RCC_OscConfig)
    HAL_SYSTICK_CLKSourceConfig              0x08005195   Thumb Code   154  stm32u5xx_hal_cortex.o(.text.HAL_SYSTICK_CLKSourceConfig)
    HAL_SYSTICK_Config                       0x08005231   Thumb Code    74  stm32u5xx_hal_cortex.o(.text.HAL_SYSTICK_Config)
    HAL_SYSTICK_GetCLKSourceConfig           0x0800527d   Thumb Code   102  stm32u5xx_hal_cortex.o(.text.HAL_SYSTICK_GetCLKSourceConfig)
    HAL_UARTEx_DisableFifoMode               0x080052e5   Thumb Code   124  stm32u5xx_hal_uart_ex.o(.text.HAL_UARTEx_DisableFifoMode)
    HAL_UARTEx_SetRxFifoThreshold            0x08005361   Thumb Code   140  stm32u5xx_hal_uart_ex.o(.text.HAL_UARTEx_SetRxFifoThreshold)
    HAL_UARTEx_SetTxFifoThreshold            0x080053ed   Thumb Code   140  stm32u5xx_hal_uart_ex.o(.text.HAL_UARTEx_SetTxFifoThreshold)
    HAL_UART_Init                            0x08005479   Thumb Code   170  stm32u5xx_hal_uart.o(.text.HAL_UART_Init)
    HAL_UART_MspInit                         0x08005525   Thumb Code   244  usart.o(.text.HAL_UART_MspInit)
    HardFault_Handler                        0x08005619   Thumb Code     4  stm32u5xx_it.o(.text.HardFault_Handler)
    MX_DCMI_Init                             0x0800561d   Thumb Code    74  dcmi.o(.text.MX_DCMI_Init)
    MX_GPIO_Init                             0x08005669   Thumb Code   262  gpio.o(.text.MX_GPIO_Init)
    MX_UART5_Init                            0x08005771   Thumb Code   142  usart.o(.text.MX_UART5_Init)
    MemManage_Handler                        0x08005801   Thumb Code     4  stm32u5xx_it.o(.text.MemManage_Handler)
    NMI_Handler                              0x08005805   Thumb Code     4  stm32u5xx_it.o(.text.NMI_Handler)
    PendSV_Handler                           0x08005875   Thumb Code     2  stm32u5xx_it.o(.text.PendSV_Handler)
    SVC_Handler                              0x08005ca5   Thumb Code     2  stm32u5xx_it.o(.text.SVC_Handler)
    SysTick_Handler                          0x08005ca9   Thumb Code     8  stm32u5xx_it.o(.text.SysTick_Handler)
    SystemClock_Config                       0x08005cb1   Thumb Code   140  main.o(.text.SystemClock_Config)
    SystemInit                               0x08005d3d   Thumb Code   118  system_stm32u5xx.o(.text.SystemInit)
    UART_AdvFeatureConfig                    0x08005e41   Thumb Code   328  stm32u5xx_hal_uart.o(.text.UART_AdvFeatureConfig)
    UART_CheckIdleState                      0x08005f89   Thumb Code   326  stm32u5xx_hal_uart.o(.text.UART_CheckIdleState)
    UART_SetConfig                           0x08006171   Thumb Code   856  stm32u5xx_hal_uart.o(.text.UART_SetConfig)
    UART_WaitOnFlagUntilTimeout              0x080064c9   Thumb Code   268  stm32u5xx_hal_uart.o(.text.UART_WaitOnFlagUntilTimeout)
    UsageFault_Handler                       0x080065d5   Thumb Code     4  stm32u5xx_it.o(.text.UsageFault_Handler)
    main                                     0x08006669   Thumb Code   188  main.o(.text.main)
    _fp_init                                 0x08006725   Thumb Code    26  fpinit.o(x$fpl$fpinit)
    __fplib_config_fpu_vfp                   0x0800673d   Thumb Code     0  fpinit.o(x$fpl$fpinit)
    __fplib_config_pureend_doubles           0x0800673d   Thumb Code     0  fpinit.o(x$fpl$fpinit)
    AHBPrescTable                            0x0800673e   Data          16  system_stm32u5xx.o(.rodata.AHBPrescTable)
    APBPrescTable                            0x0800674e   Data           8  system_stm32u5xx.o(.rodata.APBPrescTable)
    MSIRangeTable                            0x080067d8   Data          64  system_stm32u5xx.o(.rodata.MSIRangeTable)
    UARTPrescTable                           0x08006828   Data          24  stm32u5xx_hal_uart.o(.rodata.UARTPrescTable)
    Region$$Table$$Base                      0x08006840   Number         0  anon$$obj.o(Region$$Table)
    Region$$Table$$Limit                     0x08006860   Number         0  anon$$obj.o(Region$$Table)
    SystemCoreClock                          0x20000000   Data           4  system_stm32u5xx.o(.data.SystemCoreClock)
    uwTickFreq                               0x20000004   Data           1  stm32u5xx_hal.o(.data.uwTickFreq)
    uwTickPrio                               0x20000008   Data           4  stm32u5xx_hal.o(.data.uwTickPrio)
    __libspace_start                         0x20000010   Data          96  libspace.o(.bss)
    __temporary_stack_top$libspace           0x20000070   Data           0  libspace.o(.bss)
    hdcmi                                    0x20000070   Data          80  dcmi.o(.bss.hdcmi)
    huart5                                   0x200000c0   Data         148  usart.o(.bss.huart5)
    uwTick                                   0x20000154   Data           4  stm32u5xx_hal.o(.bss.uwTick)



==============================================================================

Memory Map of the image

  Image Entry point : 0x08000239

  Load Region LR_IROM1 (Base: 0x08000000, Size: 0x00006870, Max: 0x00100000, ABSOLUTE)

    Execution Region ER_IROM1 (Exec base: 0x08000000, Load base: 0x08000000, Size: 0x00006860, Max: 0x00100000, ABSOLUTE)

    Exec Addr    Load Addr    Size         Type   Attr      Idx    E Section Name        Object

    0x08000000   0x08000000   0x00000238   Data   RO            3    RESET               startup_stm32u575xx.o
    0x08000238   0x08000238   0x00000008   Code   RO         1136  * !!!main             c_w.l(__main.o)
    0x08000240   0x08000240   0x0000005c   Code   RO         1311    !!!scatter          c_w.l(__scatter.o)
    0x0800029c   0x0800029c   0x0000001a   Code   RO         1315    !!handler_copy      c_w.l(__scatter_copy.o)
    0x080002b6   0x080002b6   0x00000002   PAD
    0x080002b8   0x080002b8   0x00000002   Code   RO         1312    !!handler_null      c_w.l(__scatter.o)
    0x080002ba   0x080002ba   0x00000002   PAD
    0x080002bc   0x080002bc   0x0000001c   Code   RO         1317    !!handler_zi        c_w.l(__scatter_zi.o)
    0x080002d8   0x080002d8   0x00000002   Code   RO         1173    .ARM.Collect$$libinit$$00000000  c_w.l(libinit.o)
    0x080002da   0x080002da   0x00000004   Code   RO         1185    .ARM.Collect$$libinit$$00000001  c_w.l(libinit2.o)
    0x080002de   0x080002de   0x00000000   Code   RO         1188    .ARM.Collect$$libinit$$00000004  c_w.l(libinit2.o)
    0x080002de   0x080002de   0x00000000   Code   RO         1190    .ARM.Collect$$libinit$$00000006  c_w.l(libinit2.o)
    0x080002de   0x080002de   0x00000000   Code   RO         1193    .ARM.Collect$$libinit$$0000000C  c_w.l(libinit2.o)
    0x080002de   0x080002de   0x00000000   Code   RO         1195    .ARM.Collect$$libinit$$0000000E  c_w.l(libinit2.o)
    0x080002de   0x080002de   0x00000000   Code   RO         1197    .ARM.Collect$$libinit$$00000010  c_w.l(libinit2.o)
    0x080002de   0x080002de   0x00000000   Code   RO         1200    .ARM.Collect$$libinit$$00000013  c_w.l(libinit2.o)
    0x080002de   0x080002de   0x00000000   Code   RO         1202    .ARM.Collect$$libinit$$00000015  c_w.l(libinit2.o)
    0x080002de   0x080002de   0x00000000   Code   RO         1204    .ARM.Collect$$libinit$$00000017  c_w.l(libinit2.o)
    0x080002de   0x080002de   0x00000000   Code   RO         1206    .ARM.Collect$$libinit$$00000019  c_w.l(libinit2.o)
    0x080002de   0x080002de   0x00000000   Code   RO         1208    .ARM.Collect$$libinit$$0000001B  c_w.l(libinit2.o)
    0x080002de   0x080002de   0x00000000   Code   RO         1210    .ARM.Collect$$libinit$$0000001D  c_w.l(libinit2.o)
    0x080002de   0x080002de   0x00000000   Code   RO         1212    .ARM.Collect$$libinit$$0000001F  c_w.l(libinit2.o)
    0x080002de   0x080002de   0x00000000   Code   RO         1214    .ARM.Collect$$libinit$$00000021  c_w.l(libinit2.o)
    0x080002de   0x080002de   0x00000000   Code   RO         1216    .ARM.Collect$$libinit$$00000023  c_w.l(libinit2.o)
    0x080002de   0x080002de   0x00000000   Code   RO         1218    .ARM.Collect$$libinit$$00000025  c_w.l(libinit2.o)
    0x080002de   0x080002de   0x00000000   Code   RO         1220    .ARM.Collect$$libinit$$00000027  c_w.l(libinit2.o)
    0x080002de   0x080002de   0x00000000   Code   RO         1224    .ARM.Collect$$libinit$$0000002E  c_w.l(libinit2.o)
    0x080002de   0x080002de   0x00000000   Code   RO         1226    .ARM.Collect$$libinit$$00000030  c_w.l(libinit2.o)
    0x080002de   0x080002de   0x00000000   Code   RO         1228    .ARM.Collect$$libinit$$00000032  c_w.l(libinit2.o)
    0x080002de   0x080002de   0x00000000   Code   RO         1230    .ARM.Collect$$libinit$$00000034  c_w.l(libinit2.o)
    0x080002de   0x080002de   0x00000002   Code   RO         1231    .ARM.Collect$$libinit$$00000035  c_w.l(libinit2.o)
    0x080002e0   0x080002e0   0x00000002   Code   RO         1266    .ARM.Collect$$libshutdown$$00000000  c_w.l(libshutdown.o)
    0x080002e2   0x080002e2   0x00000000   Code   RO         1294    .ARM.Collect$$libshutdown$$00000002  c_w.l(libshutdown2.o)
    0x080002e2   0x080002e2   0x00000000   Code   RO         1296    .ARM.Collect$$libshutdown$$00000004  c_w.l(libshutdown2.o)
    0x080002e2   0x080002e2   0x00000000   Code   RO         1299    .ARM.Collect$$libshutdown$$00000007  c_w.l(libshutdown2.o)
    0x080002e2   0x080002e2   0x00000000   Code   RO         1302    .ARM.Collect$$libshutdown$$0000000A  c_w.l(libshutdown2.o)
    0x080002e2   0x080002e2   0x00000000   Code   RO         1304    .ARM.Collect$$libshutdown$$0000000C  c_w.l(libshutdown2.o)
    0x080002e2   0x080002e2   0x00000000   Code   RO         1307    .ARM.Collect$$libshutdown$$0000000F  c_w.l(libshutdown2.o)
    0x080002e2   0x080002e2   0x00000002   Code   RO         1308    .ARM.Collect$$libshutdown$$00000010  c_w.l(libshutdown2.o)
    0x080002e4   0x080002e4   0x00000000   Code   RO         1138    .ARM.Collect$$rtentry$$00000000  c_w.l(__rtentry.o)
    0x080002e4   0x080002e4   0x00000000   Code   RO         1144    .ARM.Collect$$rtentry$$00000002  c_w.l(__rtentry2.o)
    0x080002e4   0x080002e4   0x00000006   Code   RO         1156    .ARM.Collect$$rtentry$$00000004  c_w.l(__rtentry4.o)
    0x080002ea   0x080002ea   0x00000000   Code   RO         1146    .ARM.Collect$$rtentry$$00000009  c_w.l(__rtentry2.o)
    0x080002ea   0x080002ea   0x00000004   Code   RO         1147    .ARM.Collect$$rtentry$$0000000A  c_w.l(__rtentry2.o)
    0x080002ee   0x080002ee   0x00000000   Code   RO         1149    .ARM.Collect$$rtentry$$0000000C  c_w.l(__rtentry2.o)
    0x080002ee   0x080002ee   0x00000008   Code   RO         1150    .ARM.Collect$$rtentry$$0000000D  c_w.l(__rtentry2.o)
    0x080002f6   0x080002f6   0x00000002   Code   RO         1177    .ARM.Collect$$rtexit$$00000000  c_w.l(rtexit.o)
    0x080002f8   0x080002f8   0x00000000   Code   RO         1237    .ARM.Collect$$rtexit$$00000002  c_w.l(rtexit2.o)
    0x080002f8   0x080002f8   0x00000004   Code   RO         1238    .ARM.Collect$$rtexit$$00000003  c_w.l(rtexit2.o)
    0x080002fc   0x080002fc   0x00000006   Code   RO         1239    .ARM.Collect$$rtexit$$00000004  c_w.l(rtexit2.o)
    0x08000302   0x08000302   0x00000002   PAD
    0x08000304   0x08000304   0x00000044   Code   RO            4    .text               startup_stm32u575xx.o
    0x08000348   0x08000348   0x000000f0   Code   RO         1130    .text               c_w.l(lludivv7m.o)
    0x08000438   0x08000438   0x0000004e   Code   RO         1132    .text               c_w.l(rt_memclr_w.o)
    0x08000486   0x08000486   0x00000006   Code   RO         1134    .text               c_w.l(heapauxi.o)
    0x0800048c   0x0800048c   0x0000004a   Code   RO         1160    .text               c_w.l(sys_stackheap_outer.o)
    0x080004d6   0x080004d6   0x00000012   Code   RO         1162    .text               c_w.l(exit.o)
    0x080004e8   0x080004e8   0x00000008   Code   RO         1174    .text               c_w.l(libspace.o)
    0x080004f0   0x080004f0   0x0000000c   Code   RO         1232    .text               c_w.l(sys_exit.o)
    0x080004fc   0x080004fc   0x00000002   Code   RO         1255    .text               c_w.l(use_no_semi.o)
    0x080004fe   0x080004fe   0x00000000   Code   RO         1257    .text               c_w.l(indicate_semi.o)
    0x080004fe   0x080004fe   0x00000002   PAD
    0x08000500   0x08000500   0x00000004   Code   RO           67    .text.BusFault_Handler  stm32u5xx_it.o
    0x08000504   0x08000504   0x00000002   Code   RO           73    .text.DebugMon_Handler  stm32u5xx_it.o
    0x08000506   0x08000506   0x00000002   PAD
    0x08000508   0x08000508   0x00000006   Code   RO           15    .text.Error_Handler  main.o
    0x0800050e   0x0800050e   0x00000002   PAD
    0x08000510   0x08000510   0x000000ce   Code   RO          175    .text.HAL_DCMI_Init  stm32u5xx_hal_dcmi.o
    0x080005de   0x080005de   0x00000002   PAD
    0x080005e0   0x080005e0   0x00000176   Code   RO           35    .text.HAL_DCMI_MspInit  dcmi.o
    0x08000756   0x08000756   0x00000002   PAD
    0x08000758   0x08000758   0x00000042   Code   RO          391    .text.HAL_Delay     stm32u5xx_hal.o
    0x0800079a   0x0800079a   0x00000002   PAD
    0x0800079c   0x0800079c   0x000003ec   Code   RO          680    .text.HAL_GPIO_Init  stm32u5xx_hal_gpio.o
    0x08000b88   0x08000b88   0x00000026   Code   RO          690    .text.HAL_GPIO_TogglePin  stm32u5xx_hal_gpio.o
    0x08000bae   0x08000bae   0x00000002   PAD
    0x08000bb0   0x08000bb0   0x0000002c   Code   RO          686    .text.HAL_GPIO_WritePin  stm32u5xx_hal_gpio.o
    0x08000bdc   0x08000bdc   0x0000000c   Code   RO          383    .text.HAL_GetTick   stm32u5xx_hal.o
    0x08000be8   0x08000be8   0x0000001a   Code   RO          381    .text.HAL_IncTick   stm32u5xx_hal.o
    0x08000c02   0x08000c02   0x00000002   PAD
    0x08000c04   0x08000c04   0x0000006e   Code   RO          371    .text.HAL_Init      stm32u5xx_hal.o
    0x08000c72   0x08000c72   0x00000002   PAD
    0x08000c74   0x08000c74   0x00000114   Code   RO          373    .text.HAL_InitTick  stm32u5xx_hal.o
    0x08000d88   0x08000d88   0x00000024   Code   RO           86    .text.HAL_MspInit   stm32u5xx_hal_msp.o
    0x08000dac   0x08000dac   0x0000002e   Code   RO           98    .text.HAL_NVIC_SetPriority  stm32u5xx_hal_cortex.o
    0x08000dda   0x08000dda   0x00000002   PAD
    0x08000ddc   0x08000ddc   0x00000010   Code   RO           94    .text.HAL_NVIC_SetPriorityGrouping  stm32u5xx_hal_cortex.o
    0x08000dec   0x08000dec   0x0000015e   Code   RO          786    .text.HAL_PWREx_ControlVoltageScaling  stm32u5xx_hal_pwr_ex.o
    0x08000f4a   0x08000f4a   0x00000002   PAD
    0x08000f4c   0x08000f4c   0x00000010   Code   RO          788    .text.HAL_PWREx_GetVoltageRange  stm32u5xx_hal_pwr_ex.o
    0x08000f5c   0x08000f5c   0x00000304   Code   RO          510    .text.HAL_RCCEx_GetPLL1ClockFreq  stm32u5xx_hal_rcc_ex.o
    0x08001260   0x08001260   0x00000304   Code   RO          512    .text.HAL_RCCEx_GetPLL2ClockFreq  stm32u5xx_hal_rcc_ex.o
    0x08001564   0x08001564   0x00000304   Code   RO          514    .text.HAL_RCCEx_GetPLL3ClockFreq  stm32u5xx_hal_rcc_ex.o
    0x08001868   0x08001868   0x0000170e   Code   RO          516    .text.HAL_RCCEx_GetPeriphCLKFreq  stm32u5xx_hal_rcc_ex.o
    0x08002f76   0x08002f76   0x00000002   PAD
    0x08002f78   0x08002f78   0x00000924   Code   RO          502    .text.HAL_RCCEx_PeriphCLKConfig  stm32u5xx_hal_rcc_ex.o
    0x0800389c   0x0800389c   0x00000528   Code   RO          467    .text.HAL_RCC_ClockConfig  stm32u5xx_hal_rcc.o
    0x08003dc4   0x08003dc4   0x00000030   Code   RO          465    .text.HAL_RCC_GetHCLKFreq  stm32u5xx_hal_rcc.o
    0x08003df4   0x08003df4   0x00000022   Code   RO          473    .text.HAL_RCC_GetPCLK1Freq  stm32u5xx_hal_rcc.o
    0x08003e16   0x08003e16   0x00000002   PAD
    0x08003e18   0x08003e18   0x00000022   Code   RO          475    .text.HAL_RCC_GetPCLK2Freq  stm32u5xx_hal_rcc.o
    0x08003e3a   0x08003e3a   0x00000002   PAD
    0x08003e3c   0x08003e3c   0x00000022   Code   RO          477    .text.HAL_RCC_GetPCLK3Freq  stm32u5xx_hal_rcc.o
    0x08003e5e   0x08003e5e   0x00000002   PAD
    0x08003e60   0x08003e60   0x00000254   Code   RO          469    .text.HAL_RCC_GetSysClockFreq  stm32u5xx_hal_rcc.o
    0x080040b4   0x080040b4   0x000010e0   Code   RO          461    .text.HAL_RCC_OscConfig  stm32u5xx_hal_rcc.o
    0x08005194   0x08005194   0x0000009a   Code   RO          144    .text.HAL_SYSTICK_CLKSourceConfig  stm32u5xx_hal_cortex.o
    0x0800522e   0x0800522e   0x00000002   PAD
    0x08005230   0x08005230   0x0000004a   Code   RO          118    .text.HAL_SYSTICK_Config  stm32u5xx_hal_cortex.o
    0x0800527a   0x0800527a   0x00000002   PAD
    0x0800527c   0x0800527c   0x00000066   Code   RO          146    .text.HAL_SYSTICK_GetCLKSourceConfig  stm32u5xx_hal_cortex.o
    0x080052e2   0x080052e2   0x00000002   PAD
    0x080052e4   0x080052e4   0x0000007c   Code   RO         1085    .text.HAL_UARTEx_DisableFifoMode  stm32u5xx_hal_uart_ex.o
    0x08005360   0x08005360   0x0000008c   Code   RO         1089    .text.HAL_UARTEx_SetRxFifoThreshold  stm32u5xx_hal_uart_ex.o
    0x080053ec   0x080053ec   0x0000008c   Code   RO         1087    .text.HAL_UARTEx_SetTxFifoThreshold  stm32u5xx_hal_uart_ex.o
    0x08005478   0x08005478   0x000000aa   Code   RO          917    .text.HAL_UART_Init  stm32u5xx_hal_uart.o
    0x08005522   0x08005522   0x00000002   PAD
    0x08005524   0x08005524   0x000000f4   Code   RO           49    .text.HAL_UART_MspInit  usart.o
    0x08005618   0x08005618   0x00000004   Code   RO           63    .text.HardFault_Handler  stm32u5xx_it.o
    0x0800561c   0x0800561c   0x0000004a   Code   RO           33    .text.MX_DCMI_Init  dcmi.o
    0x08005666   0x08005666   0x00000002   PAD
    0x08005668   0x08005668   0x00000106   Code   RO           25    .text.MX_GPIO_Init  gpio.o
    0x0800576e   0x0800576e   0x00000002   PAD
    0x08005770   0x08005770   0x0000008e   Code   RO           47    .text.MX_UART5_Init  usart.o
    0x080057fe   0x080057fe   0x00000002   PAD
    0x08005800   0x08005800   0x00000004   Code   RO           65    .text.MemManage_Handler  stm32u5xx_it.o
    0x08005804   0x08005804   0x00000004   Code   RO           61    .text.NMI_Handler   stm32u5xx_it.o
    0x08005808   0x08005808   0x0000006c   Code   RO          104    .text.NVIC_EncodePriority  stm32u5xx_hal_cortex.o
    0x08005874   0x08005874   0x00000002   Code   RO           75    .text.PendSV_Handler  stm32u5xx_it.o
    0x08005876   0x08005876   0x00000002   PAD
    0x08005878   0x08005878   0x00000174   Code   RO          504    .text.RCCEx_PLL2_Config  stm32u5xx_hal_rcc_ex.o
    0x080059ec   0x080059ec   0x00000174   Code   RO          506    .text.RCCEx_PLL3_Config  stm32u5xx_hal_rcc_ex.o
    0x08005b60   0x08005b60   0x00000142   Code   RO          463    .text.RCC_SetFlashLatencyFromMSIRange  stm32u5xx_hal_rcc.o
    0x08005ca2   0x08005ca2   0x00000002   PAD
    0x08005ca4   0x08005ca4   0x00000002   Code   RO           71    .text.SVC_Handler   stm32u5xx_it.o
    0x08005ca6   0x08005ca6   0x00000002   PAD
    0x08005ca8   0x08005ca8   0x00000008   Code   RO           77    .text.SysTick_Handler  stm32u5xx_it.o
    0x08005cb0   0x08005cb0   0x0000008c   Code   RO           13    .text.SystemClock_Config  main.o
    0x08005d3c   0x08005d3c   0x00000076   Code   RO         1114    .text.SystemInit    system_stm32u5xx.o
    0x08005db2   0x08005db2   0x00000002   PAD
    0x08005db4   0x08005db4   0x0000008a   Code   RO         1083    .text.UARTEx_SetNbDataToProcess  stm32u5xx_hal_uart_ex.o
    0x08005e3e   0x08005e3e   0x00000002   PAD
    0x08005e40   0x08005e40   0x00000148   Code   RO          921    .text.UART_AdvFeatureConfig  stm32u5xx_hal_uart.o
    0x08005f88   0x08005f88   0x00000146   Code   RO          925    .text.UART_CheckIdleState  stm32u5xx_hal_uart.o
    0x080060ce   0x080060ce   0x00000002   PAD
    0x080060d0   0x080060d0   0x0000009e   Code   RO          977    .text.UART_EndRxTransfer  stm32u5xx_hal_uart.o
    0x0800616e   0x0800616e   0x00000002   PAD
    0x08006170   0x08006170   0x00000358   Code   RO          923    .text.UART_SetConfig  stm32u5xx_hal_uart.o
    0x080064c8   0x080064c8   0x0000010c   Code   RO          939    .text.UART_WaitOnFlagUntilTimeout  stm32u5xx_hal_uart.o
    0x080065d4   0x080065d4   0x00000004   Code   RO           69    .text.UsageFault_Handler  stm32u5xx_it.o
    0x080065d8   0x080065d8   0x00000010   Code   RO          100    .text.__NVIC_GetPriorityGrouping  stm32u5xx_hal_cortex.o
    0x080065e8   0x080065e8   0x00000042   Code   RO          102    .text.__NVIC_SetPriority  stm32u5xx_hal_cortex.o
    0x0800662a   0x0800662a   0x00000002   PAD
    0x0800662c   0x0800662c   0x0000003c   Code   RO           96    .text.__NVIC_SetPriorityGrouping  stm32u5xx_hal_cortex.o
    0x08006668   0x08006668   0x000000bc   Code   RO           11    .text.main          main.o
    0x08006724   0x08006724   0x0000001a   Code   RO         1249    x$fpl$fpinit        fz_wm.l(fpinit.o)
    0x0800673e   0x0800673e   0x00000010   Data   RO         1119    .rodata.AHBPrescTable  system_stm32u5xx.o
    0x0800674e   0x0800674e   0x00000008   Data   RO         1120    .rodata.APBPrescTable  system_stm32u5xx.o
    0x08006756   0x08006756   0x00000002   PAD
    0x08006758   0x08006758   0x00000080   Data   RO          704    .rodata.LPGPIO_Map  stm32u5xx_hal_gpio.o
    0x080067d8   0x080067d8   0x00000040   Data   RO         1121    .rodata.MSIRangeTable  system_stm32u5xx.o
    0x08006818   0x08006818   0x00000008   Data   RO         1106    .rodata.UARTEx_SetNbDataToProcess.denominator  stm32u5xx_hal_uart_ex.o
    0x08006820   0x08006820   0x00000008   Data   RO         1105    .rodata.UARTEx_SetNbDataToProcess.numerator  stm32u5xx_hal_uart_ex.o
    0x08006828   0x08006828   0x00000018   Data   RO         1057    .rodata.UARTPrescTable  stm32u5xx_hal_uart.o
    0x08006840   0x08006840   0x00000020   Data   RO         1310    Region$$Table       anon$$obj.o


    Execution Region RW_IRAM1 (Exec base: 0x20000000, Load base: 0x08006860, Size: 0x00000758, Max: 0x000c0000, ABSOLUTE)

    Exec Addr    Load Addr    Size         Type   Attr      Idx    E Section Name        Object

    0x20000000   0x08006860   0x00000004   Data   RW         1118    .data.SystemCoreClock  system_stm32u5xx.o
    0x20000004   0x08006864   0x00000001   Data   RW          448    .data.uwTickFreq    stm32u5xx_hal.o
    0x20000005   0x08006865   0x00000003   PAD
    0x20000008   0x08006868   0x00000004   Data   RW          447    .data.uwTickPrio    stm32u5xx_hal.o
    0x2000000c   0x0800686c   0x00000004   PAD
    0x20000010        -       0x00000060   Zero   RW         1175    .bss                c_w.l(libspace.o)
    0x20000070        -       0x00000050   Zero   RW           39    .bss.hdcmi          dcmi.o
    0x200000c0        -       0x00000094   Zero   RW           53    .bss.huart5         usart.o
    0x20000154        -       0x00000004   Zero   RW          449    .bss.uwTick         stm32u5xx_hal.o
    0x20000158        -       0x00000200   Zero   RW            2    HEAP                startup_stm32u575xx.o
    0x20000358        -       0x00000400   Zero   RW            1    STACK               startup_stm32u575xx.o


==============================================================================

Image component sizes


      Code (inc. data)   RO Data    RW Data    ZI Data      Debug   Object Name

       448          0          0          0         80       6670   dcmi.o
       262          0          0          0          0       3005   gpio.o
       334          0          0          0          0       2662   main.o
        68         28        568          0       1536        940   startup_stm32u575xx.o
       490          0          0          5          4      11774   stm32u5xx_hal.o
       642          6          0          0          0      13315   stm32u5xx_hal_cortex.o
       206          0          0          0          0       9586   stm32u5xx_hal_dcmi.o
      1086          0        128          0          0       6340   stm32u5xx_hal_gpio.o
        36          0          0          0          0       2203   stm32u5xx_hal_msp.o
       366          0          0          0          0      11924   stm32u5xx_hal_pwr_ex.o
      6708         12          0          0          0      14965   stm32u5xx_hal_rcc.o
     11302         74          0          0          0      23003   stm32u5xx_hal_rcc_ex.o
      2106          0         24          0          0      26596   stm32u5xx_hal_uart.o
       542          0         16          0          0      10161   stm32u5xx_hal_uart_ex.o
        34          0          0          0          0        995   stm32u5xx_it.o
       118          0         88          4          0       4151   system_stm32u5xx.o
       386          0          0          0        148       8510   usart.o

    ----------------------------------------------------------------------
     25192        120        858         12       1772     156800   Object Totals
         0          0         32          0          0          0   (incl. Generated)
        58          0          2          3          4          0   (incl. Padding)

    ----------------------------------------------------------------------

      Code (inc. data)   RO Data    RW Data    ZI Data      Debug   Library Member Name

         8          0          0          0          0         68   __main.o
         0          0          0          0          0          0   __rtentry.o
        12          0          0          0          0          0   __rtentry2.o
         6          0          0          0          0          0   __rtentry4.o
        94          8          0          0          0          0   __scatter.o
        26          0          0          0          0          0   __scatter_copy.o
        28          0          0          0          0          0   __scatter_zi.o
        18          0          0          0          0         80   exit.o
         6          0          0          0          0        152   heapauxi.o
         0          0          0          0          0          0   indicate_semi.o
         2          0          0          0          0          0   libinit.o
         6          0          0          0          0          0   libinit2.o
         2          0          0          0          0          0   libshutdown.o
         2          0          0          0          0          0   libshutdown2.o
         8          4          0          0         96         68   libspace.o
       240          0          0          0          0        100   lludivv7m.o
        78          0          0          0          0         80   rt_memclr_w.o
         2          0          0          0          0          0   rtexit.o
        10          0          0          0          0          0   rtexit2.o
        12          4          0          0          0         68   sys_exit.o
        74          0          0          0          0         80   sys_stackheap_outer.o
         2          0          0          0          0         68   use_no_semi.o
        26          0          0          0          0        116   fpinit.o

    ----------------------------------------------------------------------
       670         16          0          0         96        880   Library Totals
         8          0          0          0          0          0   (incl. Padding)

    ----------------------------------------------------------------------

      Code (inc. data)   RO Data    RW Data    ZI Data      Debug   Library Name

       636         16          0          0         96        764   c_w.l
        26          0          0          0          0        116   fz_wm.l

    ----------------------------------------------------------------------
       670         16          0          0         96        880   Library Totals

    ----------------------------------------------------------------------

==============================================================================


      Code (inc. data)   RO Data    RW Data    ZI Data      Debug   

     25862        136        858         12       1868     157188   Grand Totals
     25862        136        858         12       1868     157188   ELF Image Totals
     25862        136        858         12          0          0   ROM Totals

==============================================================================

    Total RO  Size (Code + RO Data)                26720 (  26.09kB)
    Total RW  Size (RW Data + ZI Data)              1880 (   1.84kB)
    Total ROM Size (Code + RO Data + RW Data)      26732 (  26.11kB)

==============================================================================

